
==========================================================================================
[RUN] C-rate configuration: C10_1p5_2p0_2p5C
[RUN] C-rate combo: [3, 4, 5] -> 1.5C,2.0C,2.5C
[RUN] Output directory: /scratch/lt28/qq002/Hierachical_battery_metadata_reconstruction/results/measurement_sensitivity/c_rate/C10_1p5_2p0_2p5C
==========================================================================================
[INFO] Device: cpu
[CACHE] Train tag: raw_train_c292c3d99a | hit=True
[CACHE] Test  tag: raw_test_4fc0cd64ff | hit=True
[WARN] Dropping 13 invalid rows from RAW_TRAIN.
[DATA] Final TRAIN samples = 68163 | unique IDs = 461
[DATA] Final VAL   samples = 510 | unique IDs = 51 (from TEST_RANDOM, IDs drawn from original TRAIN IDs)
[DATA] Final TEST  samples = 1280 | unique IDs = 128 (same TEST IDs as the original split)
[NORM] Applied U1-U41 z-score using TRAIN statistics only.
[LABEL] Number of material-capacity classes: 8
[LABEL] Classes: ['LFP_35Ah', 'LFP_68Ah', 'LMO_10Ah', 'LMO_24Ah', 'LMO_25Ah', 'LMO_26Ah', 'NMC_15Ah', 'NMC_21Ah']
[RESUME-stage1_soc] start_epoch=200, best_score=0.897295, best_epoch=153
[stage1_soc] Loaded BEST checkpoint from epoch=153 | score=0.8972945220277531
[RESUME-stage2_soh] start_epoch=2, best_score=-0.538299, best_epoch=1
[stage2_soh] epoch 002 | VAL cls=0.9784, SOC MedAPE(raw)=6.773%, SOH MedAPE(raw)=3.879% | TEST cls=0.8969, SOC MedAPE(raw)=5.953%, SOH MedAPE(raw)=3.543% | val_score=-0.573304
[stage2_soh] epoch 003 | VAL cls=0.9784, SOC MedAPE(raw)=7.087%, SOH MedAPE(raw)=3.764% | TEST cls=0.8969, SOC MedAPE(raw)=6.152%, SOH MedAPE(raw)=3.224% | val_score=-0.583980
[stage2_soh] epoch 004 | VAL cls=0.9784, SOC MedAPE(raw)=6.991%, SOH MedAPE(raw)=3.686% | TEST cls=0.8969, SOC MedAPE(raw)=6.157%, SOH MedAPE(raw)=3.059% | val_score=-0.575258
[stage2_soh] epoch 005 | VAL cls=0.9784, SOC MedAPE(raw)=7.014%, SOH MedAPE(raw)=3.590% | TEST cls=0.8969, SOC MedAPE(raw)=5.908%, SOH MedAPE(raw)=3.228% | val_score=-0.610389
[stage2_soh] epoch 006 | VAL cls=0.9784, SOC MedAPE(raw)=7.095%, SOH MedAPE(raw)=3.535% | TEST cls=0.8969, SOC MedAPE(raw)=6.098%, SOH MedAPE(raw)=3.107% | val_score=-0.609485
[stage2_soh] epoch 007 | VAL cls=0.9784, SOC MedAPE(raw)=7.054%, SOH MedAPE(raw)=3.778% | TEST cls=0.8969, SOC MedAPE(raw)=5.904%, SOH MedAPE(raw)=3.006% | val_score=-0.574175
[stage2_soh] epoch 008 | VAL cls=0.9784, SOC MedAPE(raw)=7.005%, SOH MedAPE(raw)=3.600% | TEST cls=0.8969, SOC MedAPE(raw)=6.037%, SOH MedAPE(raw)=3.171% | val_score=-0.592220
[stage2_soh] epoch 009 | VAL cls=0.9784, SOC MedAPE(raw)=6.945%, SOH MedAPE(raw)=3.249% | TEST cls=0.8969, SOC MedAPE(raw)=6.012%, SOH MedAPE(raw)=3.269% | val_score=-0.578001
[stage2_soh] epoch 010 | VAL cls=0.9784, SOC MedAPE(raw)=7.129%, SOH MedAPE(raw)=3.184% | TEST cls=0.8969, SOC MedAPE(raw)=5.928%, SOH MedAPE(raw)=2.971% | val_score=-0.563479
[stage2_soh] epoch 011 | VAL cls=0.9784, SOC MedAPE(raw)=7.181%, SOH MedAPE(raw)=3.523% | TEST cls=0.8969, SOC MedAPE(raw)=6.193%, SOH MedAPE(raw)=3.041% | val_score=-0.606558
[stage2_soh] epoch 012 | VAL cls=0.9784, SOC MedAPE(raw)=7.026%, SOH MedAPE(raw)=3.444% | TEST cls=0.8969, SOC MedAPE(raw)=6.070%, SOH MedAPE(raw)=3.181% | val_score=-0.581692
[stage2_soh] epoch 013 | VAL cls=0.9784, SOC MedAPE(raw)=7.394%, SOH MedAPE(raw)=3.464% | TEST cls=0.8969, SOC MedAPE(raw)=6.118%, SOH MedAPE(raw)=3.042% | val_score=-0.588024
[stage2_soh] epoch 014 | VAL cls=0.9784, SOC MedAPE(raw)=6.537%, SOH MedAPE(raw)=3.346% | TEST cls=0.8969, SOC MedAPE(raw)=5.770%, SOH MedAPE(raw)=2.982% | val_score=-0.601528
[stage2_soh] epoch 015 | VAL cls=0.9784, SOC MedAPE(raw)=7.351%, SOH MedAPE(raw)=3.502% | TEST cls=0.8969, SOC MedAPE(raw)=6.051%, SOH MedAPE(raw)=3.035% | val_score=-0.599769
[stage2_soh] epoch 016 | VAL cls=0.9784, SOC MedAPE(raw)=6.907%, SOH MedAPE(raw)=3.708% | TEST cls=0.8969, SOC MedAPE(raw)=5.827%, SOH MedAPE(raw)=3.319% | val_score=-0.595728
[stage2_soh] epoch 017 | VAL cls=0.9784, SOC MedAPE(raw)=7.371%, SOH MedAPE(raw)=3.290% | TEST cls=0.8969, SOC MedAPE(raw)=6.105%, SOH MedAPE(raw)=3.031% | val_score=-0.541936
[stage2_soh] epoch 018 | VAL cls=0.9784, SOC MedAPE(raw)=6.866%, SOH MedAPE(raw)=3.448% | TEST cls=0.8969, SOC MedAPE(raw)=5.790%, SOH MedAPE(raw)=3.034% | val_score=-0.591224
[stage2_soh] epoch 019 | VAL cls=0.9784, SOC MedAPE(raw)=7.050%, SOH MedAPE(raw)=3.092% | TEST cls=0.8969, SOC MedAPE(raw)=6.059%, SOH MedAPE(raw)=3.060% | val_score=-0.572626
[stage2_soh] epoch 020 | VAL cls=0.9784, SOC MedAPE(raw)=7.537%, SOH MedAPE(raw)=3.708% | TEST cls=0.8969, SOC MedAPE(raw)=6.234%, SOH MedAPE(raw)=3.201% | val_score=-0.603171
[stage2_soh] epoch 021 | VAL cls=0.9784, SOC MedAPE(raw)=7.032%, SOH MedAPE(raw)=3.773% | TEST cls=0.8969, SOC MedAPE(raw)=5.941%, SOH MedAPE(raw)=3.265% | val_score=-0.626067
[stage2_soh] epoch 022 | VAL cls=0.9784, SOC MedAPE(raw)=7.151%, SOH MedAPE(raw)=3.425% | TEST cls=0.8969, SOC MedAPE(raw)=5.971%, SOH MedAPE(raw)=3.253% | val_score=-0.587300
[stage2_soh] epoch 023 | VAL cls=0.9784, SOC MedAPE(raw)=7.048%, SOH MedAPE(raw)=3.207% | TEST cls=0.8969, SOC MedAPE(raw)=6.211%, SOH MedAPE(raw)=3.046% | val_score=-0.563537
[stage2_soh] epoch 024 | VAL cls=0.9784, SOC MedAPE(raw)=7.307%, SOH MedAPE(raw)=3.198% | TEST cls=0.8969, SOC MedAPE(raw)=5.984%, SOH MedAPE(raw)=3.014% | val_score=-0.537310
[stage2_soh] epoch 025 | VAL cls=0.9784, SOC MedAPE(raw)=6.826%, SOH MedAPE(raw)=3.561% | TEST cls=0.8969, SOC MedAPE(raw)=6.035%, SOH MedAPE(raw)=3.094% | val_score=-0.592691
[stage2_soh] epoch 026 | VAL cls=0.9784, SOC MedAPE(raw)=6.991%, SOH MedAPE(raw)=3.168% | TEST cls=0.8969, SOC MedAPE(raw)=6.138%, SOH MedAPE(raw)=3.082% | val_score=-0.559253
[stage2_soh] epoch 027 | VAL cls=0.9784, SOC MedAPE(raw)=6.808%, SOH MedAPE(raw)=3.481% | TEST cls=0.8969, SOC MedAPE(raw)=6.129%, SOH MedAPE(raw)=3.200% | val_score=-0.579875
[stage2_soh] epoch 028 | VAL cls=0.9784, SOC MedAPE(raw)=6.710%, SOH MedAPE(raw)=3.109% | TEST cls=0.8969, SOC MedAPE(raw)=6.122%, SOH MedAPE(raw)=3.210% | val_score=-0.539232
[stage2_soh] epoch 029 | VAL cls=0.9784, SOC MedAPE(raw)=6.776%, SOH MedAPE(raw)=3.851% | TEST cls=0.8969, SOC MedAPE(raw)=6.011%, SOH MedAPE(raw)=2.927% | val_score=-0.591285
[stage2_soh] epoch 030 | VAL cls=0.9784, SOC MedAPE(raw)=7.461%, SOH MedAPE(raw)=3.850% | TEST cls=0.8969, SOC MedAPE(raw)=6.120%, SOH MedAPE(raw)=3.171% | val_score=-0.614405
[stage2_soh] epoch 031 | VAL cls=0.9784, SOC MedAPE(raw)=7.436%, SOH MedAPE(raw)=3.350% | TEST cls=0.8969, SOC MedAPE(raw)=6.248%, SOH MedAPE(raw)=3.085% | val_score=-0.576953
[stage2_soh] epoch 032 | VAL cls=0.9784, SOC MedAPE(raw)=7.070%, SOH MedAPE(raw)=3.632% | TEST cls=0.8969, SOC MedAPE(raw)=6.129%, SOH MedAPE(raw)=3.299% | val_score=-0.592964
[stage2_soh] epoch 033 | VAL cls=0.9784, SOC MedAPE(raw)=6.705%, SOH MedAPE(raw)=3.287% | TEST cls=0.8969, SOC MedAPE(raw)=6.158%, SOH MedAPE(raw)=3.132% | val_score=-0.556463
[stage2_soh] epoch 034 | VAL cls=0.9784, SOC MedAPE(raw)=7.061%, SOH MedAPE(raw)=3.725% | TEST cls=0.8969, SOC MedAPE(raw)=6.000%, SOH MedAPE(raw)=3.130% | val_score=-0.624593
[stage2_soh] epoch 035 | VAL cls=0.9784, SOC MedAPE(raw)=7.014%, SOH MedAPE(raw)=3.449% | TEST cls=0.8969, SOC MedAPE(raw)=5.971%, SOH MedAPE(raw)=3.209% | val_score=-0.576496
[stage2_soh] epoch 036 | VAL cls=0.9784, SOC MedAPE(raw)=6.747%, SOH MedAPE(raw)=3.639% | TEST cls=0.8969, SOC MedAPE(raw)=6.045%, SOH MedAPE(raw)=3.170% | val_score=-0.572193
[stage2_soh] epoch 037 | VAL cls=0.9784, SOC MedAPE(raw)=7.148%, SOH MedAPE(raw)=3.372% | TEST cls=0.8969, SOC MedAPE(raw)=5.919%, SOH MedAPE(raw)=2.902% | val_score=-0.574947
[stage2_soh] epoch 038 | VAL cls=0.9784, SOC MedAPE(raw)=7.034%, SOH MedAPE(raw)=3.482% | TEST cls=0.8969, SOC MedAPE(raw)=5.934%, SOH MedAPE(raw)=3.223% | val_score=-0.580450
[stage2_soh] epoch 039 | VAL cls=0.9784, SOC MedAPE(raw)=6.763%, SOH MedAPE(raw)=3.233% | TEST cls=0.8969, SOC MedAPE(raw)=6.058%, SOH MedAPE(raw)=3.135% | val_score=-0.552102
[stage2_soh] epoch 040 | VAL cls=0.9784, SOC MedAPE(raw)=6.910%, SOH MedAPE(raw)=3.347% | TEST cls=0.8969, SOC MedAPE(raw)=6.101%, SOH MedAPE(raw)=3.108% | val_score=-0.585885
[stage2_soh] epoch 041 | VAL cls=0.9784, SOC MedAPE(raw)=6.991%, SOH MedAPE(raw)=3.384% | TEST cls=0.8969, SOC MedAPE(raw)=6.050%, SOH MedAPE(raw)=3.049% | val_score=-0.583591
[stage2_soh] epoch 042 | VAL cls=0.9784, SOC MedAPE(raw)=6.906%, SOH MedAPE(raw)=3.249% | TEST cls=0.8969, SOC MedAPE(raw)=6.064%, SOH MedAPE(raw)=2.999% | val_score=-0.560876
[stage2_soh] epoch 043 | VAL cls=0.9784, SOC MedAPE(raw)=6.937%, SOH MedAPE(raw)=3.068% | TEST cls=0.8969, SOC MedAPE(raw)=6.066%, SOH MedAPE(raw)=2.984% | val_score=-0.566031
[stage2_soh] epoch 044 | VAL cls=0.9784, SOC MedAPE(raw)=6.932%, SOH MedAPE(raw)=3.408% | TEST cls=0.8969, SOC MedAPE(raw)=6.109%, SOH MedAPE(raw)=3.094% | val_score=-0.593754
[stage2_soh] epoch 045 | VAL cls=0.9784, SOC MedAPE(raw)=7.011%, SOH MedAPE(raw)=3.250% | TEST cls=0.8969, SOC MedAPE(raw)=6.364%, SOH MedAPE(raw)=2.918% | val_score=-0.587218
[stage2_soh] epoch 046 | VAL cls=0.9784, SOC MedAPE(raw)=7.073%, SOH MedAPE(raw)=2.987% | TEST cls=0.8969, SOC MedAPE(raw)=6.203%, SOH MedAPE(raw)=2.986% | val_score=-0.556813
[stage2_soh] epoch 047 | VAL cls=0.9784, SOC MedAPE(raw)=7.412%, SOH MedAPE(raw)=3.149% | TEST cls=0.8969, SOC MedAPE(raw)=5.958%, SOH MedAPE(raw)=2.869% | val_score=-0.564080
[stage2_soh] epoch 048 | VAL cls=0.9784, SOC MedAPE(raw)=7.086%, SOH MedAPE(raw)=3.872% | TEST cls=0.8969, SOC MedAPE(raw)=6.074%, SOH MedAPE(raw)=3.194% | val_score=-0.589296
[stage2_soh] epoch 049 | VAL cls=0.9784, SOC MedAPE(raw)=6.896%, SOH MedAPE(raw)=3.562% | TEST cls=0.8969, SOC MedAPE(raw)=5.913%, SOH MedAPE(raw)=3.185% | val_score=-0.579782
[stage2_soh] epoch 050 | VAL cls=0.9784, SOC MedAPE(raw)=6.896%, SOH MedAPE(raw)=3.845% | TEST cls=0.8969, SOC MedAPE(raw)=5.907%, SOH MedAPE(raw)=3.093% | val_score=-0.587819
[stage2_soh] epoch 051 | VAL cls=0.9784, SOC MedAPE(raw)=6.995%, SOH MedAPE(raw)=3.434% | TEST cls=0.8969, SOC MedAPE(raw)=6.155%, SOH MedAPE(raw)=2.988% | val_score=-0.588238
[stage2_soh] epoch 052 | VAL cls=0.9784, SOC MedAPE(raw)=6.968%, SOH MedAPE(raw)=3.624% | TEST cls=0.8969, SOC MedAPE(raw)=5.967%, SOH MedAPE(raw)=3.180% | val_score=-0.600493
[stage2_soh] epoch 053 | VAL cls=0.9784, SOC MedAPE(raw)=6.970%, SOH MedAPE(raw)=3.898% | TEST cls=0.8969, SOC MedAPE(raw)=6.098%, SOH MedAPE(raw)=3.259% | val_score=-0.606364
[stage2_soh] epoch 054 | VAL cls=0.9784, SOC MedAPE(raw)=7.046%, SOH MedAPE(raw)=3.823% | TEST cls=0.8969, SOC MedAPE(raw)=5.887%, SOH MedAPE(raw)=3.208% | val_score=-0.611906
[stage2_soh] epoch 055 | VAL cls=0.9784, SOC MedAPE(raw)=7.248%, SOH MedAPE(raw)=3.922% | TEST cls=0.8969, SOC MedAPE(raw)=6.054%, SOH MedAPE(raw)=3.097% | val_score=-0.595999
[stage2_soh] epoch 056 | VAL cls=0.9784, SOC MedAPE(raw)=7.004%, SOH MedAPE(raw)=3.429% | TEST cls=0.8969, SOC MedAPE(raw)=6.141%, SOH MedAPE(raw)=3.134% | val_score=-0.577668
[stage2_soh] epoch 057 | VAL cls=0.9784, SOC MedAPE(raw)=6.962%, SOH MedAPE(raw)=3.565% | TEST cls=0.8969, SOC MedAPE(raw)=5.943%, SOH MedAPE(raw)=3.089% | val_score=-0.577721
[stage2_soh] epoch 058 | VAL cls=0.9784, SOC MedAPE(raw)=7.377%, SOH MedAPE(raw)=3.758% | TEST cls=0.8969, SOC MedAPE(raw)=5.959%, SOH MedAPE(raw)=3.025% | val_score=-0.606766
[stage2_soh] epoch 059 | VAL cls=0.9784, SOC MedAPE(raw)=7.039%, SOH MedAPE(raw)=3.295% | TEST cls=0.8969, SOC MedAPE(raw)=5.813%, SOH MedAPE(raw)=2.961% | val_score=-0.563951
[stage2_soh] epoch 060 | VAL cls=0.9784, SOC MedAPE(raw)=7.016%, SOH MedAPE(raw)=3.624% | TEST cls=0.8969, SOC MedAPE(raw)=5.952%, SOH MedAPE(raw)=2.973% | val_score=-0.598805
[stage2_soh] epoch 061 | VAL cls=0.9784, SOC MedAPE(raw)=6.530%, SOH MedAPE(raw)=3.607% | TEST cls=0.8969, SOC MedAPE(raw)=6.219%, SOH MedAPE(raw)=3.052% | val_score=-0.584882
[stage2_soh] epoch 062 | VAL cls=0.9784, SOC MedAPE(raw)=6.908%, SOH MedAPE(raw)=3.708% | TEST cls=0.8969, SOC MedAPE(raw)=6.325%, SOH MedAPE(raw)=3.073% | val_score=-0.586244
[stage2_soh] epoch 063 | VAL cls=0.9784, SOC MedAPE(raw)=7.058%, SOH MedAPE(raw)=3.639% | TEST cls=0.8969, SOC MedAPE(raw)=6.128%, SOH MedAPE(raw)=3.023% | val_score=-0.611263
[stage2_soh] epoch 064 | VAL cls=0.9784, SOC MedAPE(raw)=6.825%, SOH MedAPE(raw)=3.566% | TEST cls=0.8969, SOC MedAPE(raw)=5.892%, SOH MedAPE(raw)=3.119% | val_score=-0.588250
[stage2_soh] epoch 065 | VAL cls=0.9784, SOC MedAPE(raw)=6.865%, SOH MedAPE(raw)=3.495% | TEST cls=0.8969, SOC MedAPE(raw)=6.026%, SOH MedAPE(raw)=3.183% | val_score=-0.582513
[stage2_soh] epoch 066 | VAL cls=0.9784, SOC MedAPE(raw)=6.775%, SOH MedAPE(raw)=3.563% | TEST cls=0.8969, SOC MedAPE(raw)=5.979%, SOH MedAPE(raw)=3.058% | val_score=-0.582662
[stage2_soh] epoch 067 | VAL cls=0.9784, SOC MedAPE(raw)=7.397%, SOH MedAPE(raw)=3.551% | TEST cls=0.8969, SOC MedAPE(raw)=5.998%, SOH MedAPE(raw)=3.051% | val_score=-0.592511
[stage2_soh] epoch 068 | VAL cls=0.9784, SOC MedAPE(raw)=7.016%, SOH MedAPE(raw)=3.131% | TEST cls=0.8969, SOC MedAPE(raw)=6.033%, SOH MedAPE(raw)=3.164% | val_score=-0.553338
[stage2_soh] epoch 069 | VAL cls=0.9784, SOC MedAPE(raw)=6.994%, SOH MedAPE(raw)=3.453% | TEST cls=0.8969, SOC MedAPE(raw)=5.984%, SOH MedAPE(raw)=3.125% | val_score=-0.574378
[stage2_soh] epoch 070 | VAL cls=0.9784, SOC MedAPE(raw)=6.819%, SOH MedAPE(raw)=3.421% | TEST cls=0.8969, SOC MedAPE(raw)=5.907%, SOH MedAPE(raw)=3.155% | val_score=-0.586614
[stage2_soh] epoch 071 | VAL cls=0.9784, SOC MedAPE(raw)=6.923%, SOH MedAPE(raw)=3.763% | TEST cls=0.8969, SOC MedAPE(raw)=6.148%, SOH MedAPE(raw)=3.026% | val_score=-0.596082
[stage2_soh] epoch 072 | VAL cls=0.9784, SOC MedAPE(raw)=6.878%, SOH MedAPE(raw)=3.434% | TEST cls=0.8969, SOC MedAPE(raw)=5.914%, SOH MedAPE(raw)=3.232% | val_score=-0.553725
[stage2_soh] epoch 073 | VAL cls=0.9784, SOC MedAPE(raw)=7.445%, SOH MedAPE(raw)=3.729% | TEST cls=0.8969, SOC MedAPE(raw)=6.103%, SOH MedAPE(raw)=3.065% | val_score=-0.585437
[stage2_soh] epoch 074 | VAL cls=0.9784, SOC MedAPE(raw)=7.231%, SOH MedAPE(raw)=3.860% | TEST cls=0.8969, SOC MedAPE(raw)=6.280%, SOH MedAPE(raw)=3.188% | val_score=-0.625357
[stage2_soh] epoch 075 | VAL cls=0.9784, SOC MedAPE(raw)=6.998%, SOH MedAPE(raw)=3.761% | TEST cls=0.8969, SOC MedAPE(raw)=6.021%, SOH MedAPE(raw)=2.891% | val_score=-0.588230
[stage2_soh] epoch 076 | VAL cls=0.9784, SOC MedAPE(raw)=6.874%, SOH MedAPE(raw)=3.441% | TEST cls=0.8969, SOC MedAPE(raw)=6.161%, SOH MedAPE(raw)=3.032% | val_score=-0.584212
[stage2_soh] epoch 077 | VAL cls=0.9784, SOC MedAPE(raw)=7.022%, SOH MedAPE(raw)=3.688% | TEST cls=0.8969, SOC MedAPE(raw)=5.995%, SOH MedAPE(raw)=3.218% | val_score=-0.579788
[stage2_soh] epoch 078 | VAL cls=0.9784, SOC MedAPE(raw)=6.508%, SOH MedAPE(raw)=3.540% | TEST cls=0.8969, SOC MedAPE(raw)=5.991%, SOH MedAPE(raw)=3.088% | val_score=-0.587894
[stage2_soh] epoch 079 | VAL cls=0.9784, SOC MedAPE(raw)=7.076%, SOH MedAPE(raw)=3.811% | TEST cls=0.8969, SOC MedAPE(raw)=5.984%, SOH MedAPE(raw)=3.093% | val_score=-0.574359
[stage2_soh] epoch 080 | VAL cls=0.9784, SOC MedAPE(raw)=6.982%, SOH MedAPE(raw)=3.498% | TEST cls=0.8969, SOC MedAPE(raw)=6.070%, SOH MedAPE(raw)=3.115% | val_score=-0.581723
[stage2_soh] epoch 081 | VAL cls=0.9784, SOC MedAPE(raw)=6.914%, SOH MedAPE(raw)=3.392% | TEST cls=0.8969, SOC MedAPE(raw)=5.985%, SOH MedAPE(raw)=2.960% | val_score=-0.576174
[stage2_soh] epoch 082 | VAL cls=0.9784, SOC MedAPE(raw)=6.923%, SOH MedAPE(raw)=3.599% | TEST cls=0.8969, SOC MedAPE(raw)=5.941%, SOH MedAPE(raw)=3.153% | val_score=-0.599766
[stage2_soh] epoch 083 | VAL cls=0.9784, SOC MedAPE(raw)=7.104%, SOH MedAPE(raw)=3.363% | TEST cls=0.8969, SOC MedAPE(raw)=5.958%, SOH MedAPE(raw)=3.094% | val_score=-0.574447
[stage2_soh] epoch 084 | VAL cls=0.9784, SOC MedAPE(raw)=7.310%, SOH MedAPE(raw)=3.704% | TEST cls=0.8969, SOC MedAPE(raw)=6.062%, SOH MedAPE(raw)=3.075% | val_score=-0.576115
[stage2_soh] epoch 085 | VAL cls=0.9784, SOC MedAPE(raw)=7.409%, SOH MedAPE(raw)=3.679% | TEST cls=0.8969, SOC MedAPE(raw)=5.875%, SOH MedAPE(raw)=3.017% | val_score=-0.587287
[stage2_soh] epoch 086 | VAL cls=0.9784, SOC MedAPE(raw)=6.832%, SOH MedAPE(raw)=3.714% | TEST cls=0.8969, SOC MedAPE(raw)=6.126%, SOH MedAPE(raw)=3.294% | val_score=-0.586975
[stage2_soh] epoch 087 | VAL cls=0.9784, SOC MedAPE(raw)=6.876%, SOH MedAPE(raw)=3.689% | TEST cls=0.8969, SOC MedAPE(raw)=6.084%, SOH MedAPE(raw)=3.191% | val_score=-0.617731
[stage2_soh] epoch 088 | VAL cls=0.9784, SOC MedAPE(raw)=7.088%, SOH MedAPE(raw)=3.141% | TEST cls=0.8969, SOC MedAPE(raw)=6.119%, SOH MedAPE(raw)=3.190% | val_score=-0.590327
[stage2_soh] epoch 089 | VAL cls=0.9784, SOC MedAPE(raw)=6.976%, SOH MedAPE(raw)=4.075% | TEST cls=0.8969, SOC MedAPE(raw)=6.223%, SOH MedAPE(raw)=3.187% | val_score=-0.631480
[stage2_soh] epoch 090 | VAL cls=0.9784, SOC MedAPE(raw)=6.913%, SOH MedAPE(raw)=3.387% | TEST cls=0.8969, SOC MedAPE(raw)=6.101%, SOH MedAPE(raw)=3.044% | val_score=-0.567318
[stage2_soh] epoch 091 | VAL cls=0.9784, SOC MedAPE(raw)=6.852%, SOH MedAPE(raw)=3.381% | TEST cls=0.8969, SOC MedAPE(raw)=6.342%, SOH MedAPE(raw)=3.060% | val_score=-0.564990
[stage2_soh] epoch 092 | VAL cls=0.9784, SOC MedAPE(raw)=6.677%, SOH MedAPE(raw)=3.132% | TEST cls=0.8969, SOC MedAPE(raw)=6.133%, SOH MedAPE(raw)=3.027% | val_score=-0.567678
[stage2_soh] epoch 093 | VAL cls=0.9784, SOC MedAPE(raw)=7.336%, SOH MedAPE(raw)=3.647% | TEST cls=0.8969, SOC MedAPE(raw)=5.964%, SOH MedAPE(raw)=3.090% | val_score=-0.583939
[stage2_soh] epoch 094 | VAL cls=0.9784, SOC MedAPE(raw)=6.549%, SOH MedAPE(raw)=3.582% | TEST cls=0.8969, SOC MedAPE(raw)=6.064%, SOH MedAPE(raw)=3.151% | val_score=-0.584086
[stage2_soh] epoch 095 | VAL cls=0.9784, SOC MedAPE(raw)=7.110%, SOH MedAPE(raw)=3.599% | TEST cls=0.8969, SOC MedAPE(raw)=6.172%, SOH MedAPE(raw)=3.078% | val_score=-0.594783
[stage2_soh] epoch 096 | VAL cls=0.9784, SOC MedAPE(raw)=7.080%, SOH MedAPE(raw)=3.801% | TEST cls=0.8969, SOC MedAPE(raw)=6.131%, SOH MedAPE(raw)=3.022% | val_score=-0.611965
[stage2_soh] epoch 097 | VAL cls=0.9784, SOC MedAPE(raw)=6.995%, SOH MedAPE(raw)=3.603% | TEST cls=0.8969, SOC MedAPE(raw)=6.019%, SOH MedAPE(raw)=3.198% | val_score=-0.580167
[stage2_soh] epoch 098 | VAL cls=0.9784, SOC MedAPE(raw)=6.681%, SOH MedAPE(raw)=3.524% | TEST cls=0.8969, SOC MedAPE(raw)=6.141%, SOH MedAPE(raw)=3.036% | val_score=-0.592464
[stage2_soh] epoch 099 | VAL cls=0.9784, SOC MedAPE(raw)=6.780%, SOH MedAPE(raw)=3.626% | TEST cls=0.8969, SOC MedAPE(raw)=5.996%, SOH MedAPE(raw)=3.050% | val_score=-0.564579
[stage2_soh] epoch 100 | VAL cls=0.9784, SOC MedAPE(raw)=6.811%, SOH MedAPE(raw)=3.590% | TEST cls=0.8969, SOC MedAPE(raw)=6.106%, SOH MedAPE(raw)=3.087% | val_score=-0.602527
[stage2_soh] epoch 101 | VAL cls=0.9784, SOC MedAPE(raw)=7.023%, SOH MedAPE(raw)=3.363% | TEST cls=0.8969, SOC MedAPE(raw)=5.951%, SOH MedAPE(raw)=3.119% | val_score=-0.578404
[stage2_soh] epoch 102 | VAL cls=0.9784, SOC MedAPE(raw)=7.117%, SOH MedAPE(raw)=3.839% | TEST cls=0.8969, SOC MedAPE(raw)=5.965%, SOH MedAPE(raw)=3.056% | val_score=-0.589129
[stage2_soh] epoch 103 | VAL cls=0.9784, SOC MedAPE(raw)=6.981%, SOH MedAPE(raw)=3.453% | TEST cls=0.8969, SOC MedAPE(raw)=6.066%, SOH MedAPE(raw)=3.152% | val_score=-0.579473
[stage2_soh] epoch 104 | VAL cls=0.9784, SOC MedAPE(raw)=7.159%, SOH MedAPE(raw)=3.639% | TEST cls=0.8969, SOC MedAPE(raw)=6.093%, SOH MedAPE(raw)=3.065% | val_score=-0.588300
[stage2_soh] epoch 105 | VAL cls=0.9784, SOC MedAPE(raw)=6.878%, SOH MedAPE(raw)=3.906% | TEST cls=0.8969, SOC MedAPE(raw)=5.701%, SOH MedAPE(raw)=3.062% | val_score=-0.614434
[stage2_soh] epoch 106 | VAL cls=0.9784, SOC MedAPE(raw)=7.011%, SOH MedAPE(raw)=3.683% | TEST cls=0.8969, SOC MedAPE(raw)=5.907%, SOH MedAPE(raw)=3.198% | val_score=-0.573643
[stage2_soh] epoch 107 | VAL cls=0.9784, SOC MedAPE(raw)=7.014%, SOH MedAPE(raw)=3.459% | TEST cls=0.8969, SOC MedAPE(raw)=6.107%, SOH MedAPE(raw)=3.024% | val_score=-0.615449
[stage2_soh] epoch 108 | VAL cls=0.9784, SOC MedAPE(raw)=6.910%, SOH MedAPE(raw)=3.893% | TEST cls=0.8969, SOC MedAPE(raw)=6.184%, SOH MedAPE(raw)=3.212% | val_score=-0.613022
[stage2_soh] epoch 109 | VAL cls=0.9784, SOC MedAPE(raw)=7.079%, SOH MedAPE(raw)=3.963% | TEST cls=0.8969, SOC MedAPE(raw)=6.149%, SOH MedAPE(raw)=3.076% | val_score=-0.602629
[stage2_soh] epoch 110 | VAL cls=0.9784, SOC MedAPE(raw)=7.013%, SOH MedAPE(raw)=3.723% | TEST cls=0.8969, SOC MedAPE(raw)=6.011%, SOH MedAPE(raw)=3.149% | val_score=-0.595484
[stage2_soh] epoch 111 | VAL cls=0.9784, SOC MedAPE(raw)=6.866%, SOH MedAPE(raw)=3.818% | TEST cls=0.8969, SOC MedAPE(raw)=6.001%, SOH MedAPE(raw)=3.241% | val_score=-0.596835
[stage2_soh] epoch 112 | VAL cls=0.9784, SOC MedAPE(raw)=6.789%, SOH MedAPE(raw)=3.734% | TEST cls=0.8969, SOC MedAPE(raw)=5.817%, SOH MedAPE(raw)=3.235% | val_score=-0.581469
[stage2_soh] epoch 113 | VAL cls=0.9784, SOC MedAPE(raw)=7.180%, SOH MedAPE(raw)=3.701% | TEST cls=0.8969, SOC MedAPE(raw)=6.117%, SOH MedAPE(raw)=3.015% | val_score=-0.606407
[stage2_soh] epoch 114 | VAL cls=0.9784, SOC MedAPE(raw)=6.927%, SOH MedAPE(raw)=3.413% | TEST cls=0.8969, SOC MedAPE(raw)=5.921%, SOH MedAPE(raw)=3.029% | val_score=-0.605949
[stage2_soh] epoch 115 | VAL cls=0.9784, SOC MedAPE(raw)=7.138%, SOH MedAPE(raw)=3.653% | TEST cls=0.8969, SOC MedAPE(raw)=5.904%, SOH MedAPE(raw)=3.002% | val_score=-0.584818
[stage2_soh] epoch 116 | VAL cls=0.9784, SOC MedAPE(raw)=6.995%, SOH MedAPE(raw)=3.351% | TEST cls=0.8969, SOC MedAPE(raw)=6.004%, SOH MedAPE(raw)=2.978% | val_score=-0.578317
[stage2_soh] epoch 117 | VAL cls=0.9784, SOC MedAPE(raw)=7.131%, SOH MedAPE(raw)=3.802% | TEST cls=0.8969, SOC MedAPE(raw)=6.159%, SOH MedAPE(raw)=2.993% | val_score=-0.610790
[stage2_soh] epoch 118 | VAL cls=0.9784, SOC MedAPE(raw)=6.917%, SOH MedAPE(raw)=4.006% | TEST cls=0.8969, SOC MedAPE(raw)=5.983%, SOH MedAPE(raw)=3.114% | val_score=-0.592142
[stage2_soh] epoch 119 | VAL cls=0.9784, SOC MedAPE(raw)=6.849%, SOH MedAPE(raw)=3.188% | TEST cls=0.8969, SOC MedAPE(raw)=6.002%, SOH MedAPE(raw)=3.028% | val_score=-0.582254
[stage2_soh] epoch 120 | VAL cls=0.9784, SOC MedAPE(raw)=6.961%, SOH MedAPE(raw)=3.570% | TEST cls=0.8969, SOC MedAPE(raw)=6.029%, SOH MedAPE(raw)=2.978% | val_score=-0.586826
[stage2_soh] epoch 121 | VAL cls=0.9784, SOC MedAPE(raw)=6.917%, SOH MedAPE(raw)=3.794% | TEST cls=0.8969, SOC MedAPE(raw)=6.218%, SOH MedAPE(raw)=3.146% | val_score=-0.606546
[stage2_soh] epoch 122 | VAL cls=0.9784, SOC MedAPE(raw)=7.191%, SOH MedAPE(raw)=3.681% | TEST cls=0.8969, SOC MedAPE(raw)=5.808%, SOH MedAPE(raw)=2.947% | val_score=-0.618967
[stage2_soh] epoch 123 | VAL cls=0.9784, SOC MedAPE(raw)=7.303%, SOH MedAPE(raw)=3.302% | TEST cls=0.8969, SOC MedAPE(raw)=6.156%, SOH MedAPE(raw)=3.146% | val_score=-0.580215
[stage2_soh] epoch 124 | VAL cls=0.9784, SOC MedAPE(raw)=7.166%, SOH MedAPE(raw)=3.574% | TEST cls=0.8969, SOC MedAPE(raw)=6.233%, SOH MedAPE(raw)=3.119% | val_score=-0.593392
[stage2_soh] epoch 125 | VAL cls=0.9784, SOC MedAPE(raw)=6.659%, SOH MedAPE(raw)=3.790% | TEST cls=0.8969, SOC MedAPE(raw)=5.974%, SOH MedAPE(raw)=3.073% | val_score=-0.603019
[stage2_soh] epoch 126 | VAL cls=0.9784, SOC MedAPE(raw)=6.975%, SOH MedAPE(raw)=3.468% | TEST cls=0.8969, SOC MedAPE(raw)=6.126%, SOH MedAPE(raw)=2.986% | val_score=-0.586436
[stage2_soh] epoch 127 | VAL cls=0.9784, SOC MedAPE(raw)=6.855%, SOH MedAPE(raw)=3.783% | TEST cls=0.8969, SOC MedAPE(raw)=5.956%, SOH MedAPE(raw)=2.946% | val_score=-0.592684
[stage2_soh] epoch 128 | VAL cls=0.9784, SOC MedAPE(raw)=6.712%, SOH MedAPE(raw)=3.497% | TEST cls=0.8969, SOC MedAPE(raw)=6.174%, SOH MedAPE(raw)=3.012% | val_score=-0.607085
[stage2_soh] epoch 129 | VAL cls=0.9784, SOC MedAPE(raw)=6.880%, SOH MedAPE(raw)=3.499% | TEST cls=0.8969, SOC MedAPE(raw)=6.054%, SOH MedAPE(raw)=3.113% | val_score=-0.553707
[stage2_soh] epoch 130 | VAL cls=0.9784, SOC MedAPE(raw)=7.293%, SOH MedAPE(raw)=3.389% | TEST cls=0.8969, SOC MedAPE(raw)=5.934%, SOH MedAPE(raw)=3.042% | val_score=-0.588567
[stage2_soh] epoch 131 | VAL cls=0.9784, SOC MedAPE(raw)=6.795%, SOH MedAPE(raw)=3.666% | TEST cls=0.8969, SOC MedAPE(raw)=6.138%, SOH MedAPE(raw)=3.065% | val_score=-0.604385
[stage2_soh] epoch 132 | VAL cls=0.9784, SOC MedAPE(raw)=7.029%, SOH MedAPE(raw)=3.563% | TEST cls=0.8969, SOC MedAPE(raw)=6.115%, SOH MedAPE(raw)=3.220% | val_score=-0.584545
[stage2_soh] epoch 133 | VAL cls=0.9784, SOC MedAPE(raw)=6.743%, SOH MedAPE(raw)=3.429% | TEST cls=0.8969, SOC MedAPE(raw)=6.024%, SOH MedAPE(raw)=3.108% | val_score=-0.596116
[stage2_soh] epoch 134 | VAL cls=0.9784, SOC MedAPE(raw)=7.037%, SOH MedAPE(raw)=3.733% | TEST cls=0.8969, SOC MedAPE(raw)=6.064%, SOH MedAPE(raw)=3.254% | val_score=-0.584248
[stage2_soh] epoch 135 | VAL cls=0.9784, SOC MedAPE(raw)=6.746%, SOH MedAPE(raw)=3.482% | TEST cls=0.8969, SOC MedAPE(raw)=6.018%, SOH MedAPE(raw)=3.150% | val_score=-0.594861
[stage2_soh] epoch 136 | VAL cls=0.9784, SOC MedAPE(raw)=7.334%, SOH MedAPE(raw)=3.590% | TEST cls=0.8969, SOC MedAPE(raw)=6.103%, SOH MedAPE(raw)=3.316% | val_score=-0.593164
[stage2_soh] epoch 137 | VAL cls=0.9784, SOC MedAPE(raw)=7.111%, SOH MedAPE(raw)=3.195% | TEST cls=0.8969, SOC MedAPE(raw)=6.032%, SOH MedAPE(raw)=2.895% | val_score=-0.554304
[stage2_soh] epoch 138 | VAL cls=0.9784, SOC MedAPE(raw)=7.161%, SOH MedAPE(raw)=3.373% | TEST cls=0.8969, SOC MedAPE(raw)=5.969%, SOH MedAPE(raw)=3.024% | val_score=-0.606832
[stage2_soh] epoch 139 | VAL cls=0.9784, SOC MedAPE(raw)=6.998%, SOH MedAPE(raw)=3.316% | TEST cls=0.8969, SOC MedAPE(raw)=6.149%, SOH MedAPE(raw)=2.952% | val_score=-0.573703
[stage2_soh] epoch 140 | VAL cls=0.9784, SOC MedAPE(raw)=6.909%, SOH MedAPE(raw)=3.344% | TEST cls=0.8969, SOC MedAPE(raw)=6.079%, SOH MedAPE(raw)=2.933% | val_score=-0.588521
[stage2_soh] epoch 141 | VAL cls=0.9784, SOC MedAPE(raw)=6.958%, SOH MedAPE(raw)=3.617% | TEST cls=0.8969, SOC MedAPE(raw)=5.991%, SOH MedAPE(raw)=3.027% | val_score=-0.597413
[stage2_soh] epoch 142 | VAL cls=0.9784, SOC MedAPE(raw)=6.995%, SOH MedAPE(raw)=3.617% | TEST cls=0.8969, SOC MedAPE(raw)=5.848%, SOH MedAPE(raw)=3.068% | val_score=-0.592946
[stage2_soh] epoch 143 | VAL cls=0.9784, SOC MedAPE(raw)=7.318%, SOH MedAPE(raw)=3.605% | TEST cls=0.8969, SOC MedAPE(raw)=6.202%, SOH MedAPE(raw)=3.168% | val_score=-0.592638
[stage2_soh] epoch 144 | VAL cls=0.9784, SOC MedAPE(raw)=6.788%, SOH MedAPE(raw)=3.255% | TEST cls=0.8969, SOC MedAPE(raw)=6.179%, SOH MedAPE(raw)=2.972% | val_score=-0.569666
[stage2_soh] epoch 145 | VAL cls=0.9784, SOC MedAPE(raw)=7.069%, SOH MedAPE(raw)=3.724% | TEST cls=0.8969, SOC MedAPE(raw)=5.892%, SOH MedAPE(raw)=3.004% | val_score=-0.626919
[stage2_soh] epoch 146 | VAL cls=0.9784, SOC MedAPE(raw)=6.985%, SOH MedAPE(raw)=3.673% | TEST cls=0.8969, SOC MedAPE(raw)=6.075%, SOH MedAPE(raw)=3.144% | val_score=-0.602962
[stage2_soh] epoch 147 | VAL cls=0.9784, SOC MedAPE(raw)=7.107%, SOH MedAPE(raw)=3.674% | TEST cls=0.8969, SOC MedAPE(raw)=5.857%, SOH MedAPE(raw)=3.024% | val_score=-0.587417
[stage2_soh] epoch 148 | VAL cls=0.9784, SOC MedAPE(raw)=6.821%, SOH MedAPE(raw)=3.919% | TEST cls=0.8969, SOC MedAPE(raw)=6.090%, SOH MedAPE(raw)=3.030% | val_score=-0.603684
[stage2_soh] epoch 149 | VAL cls=0.9784, SOC MedAPE(raw)=7.067%, SOH MedAPE(raw)=3.983% | TEST cls=0.8969, SOC MedAPE(raw)=6.151%, SOH MedAPE(raw)=3.015% | val_score=-0.594645
[stage2_soh] epoch 150 | VAL cls=0.9784, SOC MedAPE(raw)=7.023%, SOH MedAPE(raw)=3.247% | TEST cls=0.8969, SOC MedAPE(raw)=5.967%, SOH MedAPE(raw)=2.886% | val_score=-0.557668
[stage2_soh] epoch 151 | VAL cls=0.9784, SOC MedAPE(raw)=6.775%, SOH MedAPE(raw)=3.636% | TEST cls=0.8969, SOC MedAPE(raw)=6.017%, SOH MedAPE(raw)=3.094% | val_score=-0.585699
[stage2_soh] epoch 152 | VAL cls=0.9784, SOC MedAPE(raw)=7.205%, SOH MedAPE(raw)=3.578% | TEST cls=0.8969, SOC MedAPE(raw)=6.077%, SOH MedAPE(raw)=3.025% | val_score=-0.591435
[stage2_soh] epoch 153 | VAL cls=0.9784, SOC MedAPE(raw)=6.959%, SOH MedAPE(raw)=3.504% | TEST cls=0.8969, SOC MedAPE(raw)=6.158%, SOH MedAPE(raw)=3.056% | val_score=-0.573075
[stage2_soh] epoch 154 | VAL cls=0.9784, SOC MedAPE(raw)=6.932%, SOH MedAPE(raw)=3.622% | TEST cls=0.8969, SOC MedAPE(raw)=6.125%, SOH MedAPE(raw)=3.045% | val_score=-0.606372
[stage2_soh] epoch 155 | VAL cls=0.9784, SOC MedAPE(raw)=6.949%, SOH MedAPE(raw)=3.228% | TEST cls=0.8969, SOC MedAPE(raw)=6.186%, SOH MedAPE(raw)=2.965% | val_score=-0.569634
[stage2_soh] epoch 156 | VAL cls=0.9784, SOC MedAPE(raw)=7.218%, SOH MedAPE(raw)=3.955% | TEST cls=0.8969, SOC MedAPE(raw)=6.129%, SOH MedAPE(raw)=3.041% | val_score=-0.612165
[stage2_soh] epoch 157 | VAL cls=0.9784, SOC MedAPE(raw)=7.334%, SOH MedAPE(raw)=3.385% | TEST cls=0.8969, SOC MedAPE(raw)=6.244%, SOH MedAPE(raw)=3.050% | val_score=-0.580508
[stage2_soh] epoch 158 | VAL cls=0.9784, SOC MedAPE(raw)=6.985%, SOH MedAPE(raw)=3.368% | TEST cls=0.8969, SOC MedAPE(raw)=6.375%, SOH MedAPE(raw)=3.056% | val_score=-0.575091
[stage2_soh] epoch 159 | VAL cls=0.9784, SOC MedAPE(raw)=6.746%, SOH MedAPE(raw)=3.239% | TEST cls=0.8969, SOC MedAPE(raw)=6.197%, SOH MedAPE(raw)=3.053% | val_score=-0.558241
[stage2_soh] epoch 160 | VAL cls=0.9784, SOC MedAPE(raw)=6.602%, SOH MedAPE(raw)=3.605% | TEST cls=0.8969, SOC MedAPE(raw)=6.132%, SOH MedAPE(raw)=3.013% | val_score=-0.595156
[stage2_soh] epoch 161 | VAL cls=0.9784, SOC MedAPE(raw)=7.143%, SOH MedAPE(raw)=3.470% | TEST cls=0.8969, SOC MedAPE(raw)=6.133%, SOH MedAPE(raw)=2.963% | val_score=-0.589054
[stage2_soh] epoch 162 | VAL cls=0.9784, SOC MedAPE(raw)=6.876%, SOH MedAPE(raw)=3.769% | TEST cls=0.8969, SOC MedAPE(raw)=6.098%, SOH MedAPE(raw)=2.861% | val_score=-0.604615
[stage2_soh] epoch 163 | VAL cls=0.9784, SOC MedAPE(raw)=7.057%, SOH MedAPE(raw)=3.569% | TEST cls=0.8969, SOC MedAPE(raw)=6.059%, SOH MedAPE(raw)=3.043% | val_score=-0.581635
[stage2_soh] epoch 164 | VAL cls=0.9784, SOC MedAPE(raw)=7.091%, SOH MedAPE(raw)=3.213% | TEST cls=0.8969, SOC MedAPE(raw)=6.051%, SOH MedAPE(raw)=3.043% | val_score=-0.577908
[stage2_soh] epoch 165 | VAL cls=0.9784, SOC MedAPE(raw)=6.767%, SOH MedAPE(raw)=3.325% | TEST cls=0.8969, SOC MedAPE(raw)=6.094%, SOH MedAPE(raw)=3.071% | val_score=-0.575377
[stage2_soh] epoch 166 | VAL cls=0.9784, SOC MedAPE(raw)=7.077%, SOH MedAPE(raw)=3.357% | TEST cls=0.8969, SOC MedAPE(raw)=6.081%, SOH MedAPE(raw)=3.118% | val_score=-0.575063
[stage2_soh] epoch 167 | VAL cls=0.9784, SOC MedAPE(raw)=7.180%, SOH MedAPE(raw)=3.392% | TEST cls=0.8969, SOC MedAPE(raw)=6.121%, SOH MedAPE(raw)=3.003% | val_score=-0.584561
[stage2_soh] epoch 168 | VAL cls=0.9784, SOC MedAPE(raw)=6.928%, SOH MedAPE(raw)=3.706% | TEST cls=0.8969, SOC MedAPE(raw)=6.074%, SOH MedAPE(raw)=2.935% | val_score=-0.590406
[stage2_soh] epoch 169 | VAL cls=0.9784, SOC MedAPE(raw)=6.993%, SOH MedAPE(raw)=3.645% | TEST cls=0.8969, SOC MedAPE(raw)=6.083%, SOH MedAPE(raw)=3.084% | val_score=-0.575906
[stage2_soh] epoch 170 | VAL cls=0.9784, SOC MedAPE(raw)=6.857%, SOH MedAPE(raw)=3.888% | TEST cls=0.8969, SOC MedAPE(raw)=6.050%, SOH MedAPE(raw)=3.097% | val_score=-0.608938
[stage2_soh] epoch 171 | VAL cls=0.9784, SOC MedAPE(raw)=6.938%, SOH MedAPE(raw)=3.257% | TEST cls=0.8969, SOC MedAPE(raw)=6.087%, SOH MedAPE(raw)=3.172% | val_score=-0.571648
[stage2_soh] epoch 172 | VAL cls=0.9784, SOC MedAPE(raw)=7.362%, SOH MedAPE(raw)=3.238% | TEST cls=0.8969, SOC MedAPE(raw)=6.211%, SOH MedAPE(raw)=3.028% | val_score=-0.564436
[stage2_soh] epoch 173 | VAL cls=0.9784, SOC MedAPE(raw)=7.429%, SOH MedAPE(raw)=3.533% | TEST cls=0.8969, SOC MedAPE(raw)=6.085%, SOH MedAPE(raw)=3.089% | val_score=-0.582679
[stage2_soh] epoch 174 | VAL cls=0.9784, SOC MedAPE(raw)=6.877%, SOH MedAPE(raw)=3.378% | TEST cls=0.8969, SOC MedAPE(raw)=6.182%, SOH MedAPE(raw)=2.999% | val_score=-0.590351
[stage2_soh] epoch 175 | VAL cls=0.9784, SOC MedAPE(raw)=7.246%, SOH MedAPE(raw)=3.519% | TEST cls=0.8969, SOC MedAPE(raw)=6.019%, SOH MedAPE(raw)=3.035% | val_score=-0.585633
[stage2_soh] epoch 176 | VAL cls=0.9784, SOC MedAPE(raw)=6.960%, SOH MedAPE(raw)=3.613% | TEST cls=0.8969, SOC MedAPE(raw)=6.133%, SOH MedAPE(raw)=3.055% | val_score=-0.573341
[stage2_soh] epoch 177 | VAL cls=0.9784, SOC MedAPE(raw)=6.980%, SOH MedAPE(raw)=3.545% | TEST cls=0.8969, SOC MedAPE(raw)=6.105%, SOH MedAPE(raw)=2.959% | val_score=-0.571634
[stage2_soh] epoch 178 | VAL cls=0.9784, SOC MedAPE(raw)=7.133%, SOH MedAPE(raw)=3.786% | TEST cls=0.8969, SOC MedAPE(raw)=5.779%, SOH MedAPE(raw)=3.188% | val_score=-0.622947
[stage2_soh] epoch 179 | VAL cls=0.9784, SOC MedAPE(raw)=6.915%, SOH MedAPE(raw)=3.807% | TEST cls=0.8969, SOC MedAPE(raw)=6.119%, SOH MedAPE(raw)=3.020% | val_score=-0.591570
[stage2_soh] epoch 180 | VAL cls=0.9784, SOC MedAPE(raw)=7.186%, SOH MedAPE(raw)=3.485% | TEST cls=0.8969, SOC MedAPE(raw)=6.145%, SOH MedAPE(raw)=2.965% | val_score=-0.579503
[stage2_soh] epoch 181 | VAL cls=0.9784, SOC MedAPE(raw)=6.901%, SOH MedAPE(raw)=3.171% | TEST cls=0.8969, SOC MedAPE(raw)=6.133%, SOH MedAPE(raw)=3.056% | val_score=-0.587111
[stage2_soh] epoch 182 | VAL cls=0.9784, SOC MedAPE(raw)=7.348%, SOH MedAPE(raw)=3.930% | TEST cls=0.8969, SOC MedAPE(raw)=5.997%, SOH MedAPE(raw)=3.086% | val_score=-0.630686
[stage2_soh] epoch 183 | VAL cls=0.9784, SOC MedAPE(raw)=6.953%, SOH MedAPE(raw)=3.168% | TEST cls=0.8969, SOC MedAPE(raw)=5.947%, SOH MedAPE(raw)=3.013% | val_score=-0.578559
[stage2_soh] epoch 184 | VAL cls=0.9784, SOC MedAPE(raw)=6.913%, SOH MedAPE(raw)=3.672% | TEST cls=0.8969, SOC MedAPE(raw)=5.985%, SOH MedAPE(raw)=3.169% | val_score=-0.587927
[stage2_soh] epoch 185 | VAL cls=0.9784, SOC MedAPE(raw)=6.888%, SOH MedAPE(raw)=3.693% | TEST cls=0.8969, SOC MedAPE(raw)=5.782%, SOH MedAPE(raw)=3.103% | val_score=-0.595533
[stage2_soh] epoch 186 | VAL cls=0.9784, SOC MedAPE(raw)=7.386%, SOH MedAPE(raw)=3.616% | TEST cls=0.8969, SOC MedAPE(raw)=6.026%, SOH MedAPE(raw)=2.991% | val_score=-0.588774
[stage2_soh] epoch 187 | VAL cls=0.9784, SOC MedAPE(raw)=6.936%, SOH MedAPE(raw)=3.491% | TEST cls=0.8969, SOC MedAPE(raw)=6.077%, SOH MedAPE(raw)=3.015% | val_score=-0.578409
[stage2_soh] epoch 188 | VAL cls=0.9784, SOC MedAPE(raw)=7.201%, SOH MedAPE(raw)=3.583% | TEST cls=0.8969, SOC MedAPE(raw)=6.124%, SOH MedAPE(raw)=2.894% | val_score=-0.594710
[stage2_soh] epoch 189 | VAL cls=0.9784, SOC MedAPE(raw)=7.068%, SOH MedAPE(raw)=3.514% | TEST cls=0.8969, SOC MedAPE(raw)=5.966%, SOH MedAPE(raw)=2.984% | val_score=-0.589201
[stage2_soh] epoch 190 | VAL cls=0.9784, SOC MedAPE(raw)=7.113%, SOH MedAPE(raw)=3.396% | TEST cls=0.8969, SOC MedAPE(raw)=6.047%, SOH MedAPE(raw)=3.123% | val_score=-0.592662
[stage2_soh] epoch 191 | VAL cls=0.9784, SOC MedAPE(raw)=7.160%, SOH MedAPE(raw)=3.749% | TEST cls=0.8969, SOC MedAPE(raw)=6.136%, SOH MedAPE(raw)=3.055% | val_score=-0.582347
[stage2_soh] epoch 192 | VAL cls=0.9784, SOC MedAPE(raw)=7.018%, SOH MedAPE(raw)=3.492% | TEST cls=0.8969, SOC MedAPE(raw)=6.263%, SOH MedAPE(raw)=3.043% | val_score=-0.579579
[stage2_soh] epoch 193 | VAL cls=0.9784, SOC MedAPE(raw)=7.043%, SOH MedAPE(raw)=3.354% | TEST cls=0.8969, SOC MedAPE(raw)=6.042%, SOH MedAPE(raw)=3.069% | val_score=-0.586394
[stage2_soh] epoch 194 | VAL cls=0.9784, SOC MedAPE(raw)=7.032%, SOH MedAPE(raw)=3.764% | TEST cls=0.8969, SOC MedAPE(raw)=5.956%, SOH MedAPE(raw)=2.997% | val_score=-0.599282
[stage2_soh] epoch 195 | VAL cls=0.9784, SOC MedAPE(raw)=6.763%, SOH MedAPE(raw)=3.190% | TEST cls=0.8969, SOC MedAPE(raw)=5.807%, SOH MedAPE(raw)=2.995% | val_score=-0.573264
[stage2_soh] epoch 196 | VAL cls=0.9784, SOC MedAPE(raw)=7.126%, SOH MedAPE(raw)=3.580% | TEST cls=0.8969, SOC MedAPE(raw)=6.045%, SOH MedAPE(raw)=3.050% | val_score=-0.580718
[stage2_soh] epoch 197 | VAL cls=0.9784, SOC MedAPE(raw)=7.177%, SOH MedAPE(raw)=3.451% | TEST cls=0.8969, SOC MedAPE(raw)=6.145%, SOH MedAPE(raw)=3.016% | val_score=-0.589836
[stage2_soh] epoch 198 | VAL cls=0.9784, SOC MedAPE(raw)=6.620%, SOH MedAPE(raw)=3.510% | TEST cls=0.8969, SOC MedAPE(raw)=5.816%, SOH MedAPE(raw)=2.956% | val_score=-0.562926
[stage2_soh] epoch 199 | VAL cls=0.9784, SOC MedAPE(raw)=7.169%, SOH MedAPE(raw)=3.492% | TEST cls=0.8969, SOC MedAPE(raw)=5.809%, SOH MedAPE(raw)=3.137% | val_score=-0.591239
[stage2_soh] Loaded BEST checkpoint from epoch=24 | score=-0.5373095431098903
[finetune] epoch 000 | VAL cls=0.9569, SOC MedAPE(raw)=7.017%, SOH MedAPE(raw)=3.421% | TEST cls=0.8742, SOC MedAPE(raw)=6.026%, SOH MedAPE(raw)=2.894% | val_score=0.868491
[finetune] epoch 001 | VAL cls=0.9647, SOC MedAPE(raw)=7.267%, SOH MedAPE(raw)=3.012% | TEST cls=0.8641, SOC MedAPE(raw)=6.372%, SOH MedAPE(raw)=2.969% | val_score=0.874361
[finetune] epoch 002 | VAL cls=0.9863, SOC MedAPE(raw)=7.290%, SOH MedAPE(raw)=3.342% | TEST cls=0.8977, SOC MedAPE(raw)=5.915%, SOH MedAPE(raw)=2.890% | val_score=0.905727
[finetune] epoch 003 | VAL cls=0.9373, SOC MedAPE(raw)=7.469%, SOH MedAPE(raw)=3.040% | TEST cls=0.8336, SOC MedAPE(raw)=6.819%, SOH MedAPE(raw)=3.071% | val_score=0.844450
[finetune] epoch 004 | VAL cls=0.9765, SOC MedAPE(raw)=6.263%, SOH MedAPE(raw)=3.063% | TEST cls=0.8914, SOC MedAPE(raw)=5.933%, SOH MedAPE(raw)=2.515% | val_score=0.890621
[finetune] epoch 005 | VAL cls=0.9608, SOC MedAPE(raw)=6.780%, SOH MedAPE(raw)=3.659% | TEST cls=0.8844, SOC MedAPE(raw)=6.208%, SOH MedAPE(raw)=3.040% | val_score=0.869455
[finetune] epoch 006 | VAL cls=0.9549, SOC MedAPE(raw)=7.166%, SOH MedAPE(raw)=3.128% | TEST cls=0.8648, SOC MedAPE(raw)=6.094%, SOH MedAPE(raw)=2.949% | val_score=0.867874
[finetune] epoch 007 | VAL cls=0.9647, SOC MedAPE(raw)=7.122%, SOH MedAPE(raw)=2.970% | TEST cls=0.8547, SOC MedAPE(raw)=5.853%, SOH MedAPE(raw)=3.128% | val_score=0.885511
[finetune] epoch 008 | VAL cls=0.9098, SOC MedAPE(raw)=7.391%, SOH MedAPE(raw)=3.344% | TEST cls=0.8516, SOC MedAPE(raw)=6.650%, SOH MedAPE(raw)=3.024% | val_score=0.806568
[finetune] epoch 009 | VAL cls=0.9451, SOC MedAPE(raw)=7.497%, SOH MedAPE(raw)=3.327% | TEST cls=0.8703, SOC MedAPE(raw)=6.513%, SOH MedAPE(raw)=2.988% | val_score=0.851948
[finetune] epoch 010 | VAL cls=0.9431, SOC MedAPE(raw)=6.895%, SOH MedAPE(raw)=3.122% | TEST cls=0.8602, SOC MedAPE(raw)=5.967%, SOH MedAPE(raw)=2.603% | val_score=0.860370
[finetune] epoch 011 | VAL cls=0.9588, SOC MedAPE(raw)=7.403%, SOH MedAPE(raw)=2.751% | TEST cls=0.8781, SOC MedAPE(raw)=6.143%, SOH MedAPE(raw)=2.694% | val_score=0.873518
[finetune] epoch 012 | VAL cls=0.9608, SOC MedAPE(raw)=7.722%, SOH MedAPE(raw)=3.020% | TEST cls=0.8953, SOC MedAPE(raw)=6.487%, SOH MedAPE(raw)=2.670% | val_score=0.879259
[finetune] epoch 013 | VAL cls=0.9647, SOC MedAPE(raw)=7.016%, SOH MedAPE(raw)=3.558% | TEST cls=0.8688, SOC MedAPE(raw)=6.252%, SOH MedAPE(raw)=3.134% | val_score=0.874655
[finetune] epoch 014 | VAL cls=0.9667, SOC MedAPE(raw)=6.819%, SOH MedAPE(raw)=3.562% | TEST cls=0.9039, SOC MedAPE(raw)=6.320%, SOH MedAPE(raw)=2.959% | val_score=0.877875
[finetune] epoch 015 | VAL cls=0.9706, SOC MedAPE(raw)=7.553%, SOH MedAPE(raw)=2.916% | TEST cls=0.9023, SOC MedAPE(raw)=5.826%, SOH MedAPE(raw)=2.488% | val_score=0.889492
[finetune] epoch 016 | VAL cls=0.9471, SOC MedAPE(raw)=7.188%, SOH MedAPE(raw)=2.743% | TEST cls=0.8688, SOC MedAPE(raw)=6.196%, SOH MedAPE(raw)=2.932% | val_score=0.858681
[finetune] epoch 017 | VAL cls=0.9549, SOC MedAPE(raw)=7.548%, SOH MedAPE(raw)=3.425% | TEST cls=0.8438, SOC MedAPE(raw)=6.525%, SOH MedAPE(raw)=2.956% | val_score=0.862946
[finetune] epoch 018 | VAL cls=0.9549, SOC MedAPE(raw)=7.567%, SOH MedAPE(raw)=3.745% | TEST cls=0.8875, SOC MedAPE(raw)=6.182%, SOH MedAPE(raw)=3.069% | val_score=0.868755
[finetune] epoch 019 | VAL cls=0.9471, SOC MedAPE(raw)=7.822%, SOH MedAPE(raw)=3.045% | TEST cls=0.8734, SOC MedAPE(raw)=6.385%, SOH MedAPE(raw)=2.865% | val_score=0.862223
[finetune] epoch 020 | VAL cls=0.9412, SOC MedAPE(raw)=7.865%, SOH MedAPE(raw)=3.723% | TEST cls=0.8680, SOC MedAPE(raw)=6.649%, SOH MedAPE(raw)=3.049% | val_score=0.848975
[finetune] epoch 021 | VAL cls=0.9529, SOC MedAPE(raw)=7.433%, SOH MedAPE(raw)=3.295% | TEST cls=0.8766, SOC MedAPE(raw)=5.666%, SOH MedAPE(raw)=2.898% | val_score=0.870473
[finetune] epoch 022 | VAL cls=0.9275, SOC MedAPE(raw)=7.707%, SOH MedAPE(raw)=3.943% | TEST cls=0.8562, SOC MedAPE(raw)=6.926%, SOH MedAPE(raw)=3.149% | val_score=0.817339
[finetune] epoch 023 | VAL cls=0.9510, SOC MedAPE(raw)=6.963%, SOH MedAPE(raw)=2.892% | TEST cls=0.8883, SOC MedAPE(raw)=5.862%, SOH MedAPE(raw)=2.513% | val_score=0.869292
[finetune] epoch 024 | VAL cls=0.9529, SOC MedAPE(raw)=6.488%, SOH MedAPE(raw)=3.077% | TEST cls=0.8969, SOC MedAPE(raw)=6.369%, SOH MedAPE(raw)=2.780% | val_score=0.866615
[finetune] epoch 025 | VAL cls=0.9039, SOC MedAPE(raw)=8.456%, SOH MedAPE(raw)=3.657% | TEST cls=0.8398, SOC MedAPE(raw)=6.806%, SOH MedAPE(raw)=3.291% | val_score=0.798146
[finetune] epoch 026 | VAL cls=0.9490, SOC MedAPE(raw)=6.849%, SOH MedAPE(raw)=3.156% | TEST cls=0.8984, SOC MedAPE(raw)=6.040%, SOH MedAPE(raw)=2.873% | val_score=0.869616
[finetune] epoch 027 | VAL cls=0.9608, SOC MedAPE(raw)=7.095%, SOH MedAPE(raw)=4.286% | TEST cls=0.8773, SOC MedAPE(raw)=6.518%, SOH MedAPE(raw)=3.479% | val_score=0.867996
[finetune] epoch 028 | VAL cls=0.9510, SOC MedAPE(raw)=7.358%, SOH MedAPE(raw)=2.920% | TEST cls=0.8930, SOC MedAPE(raw)=6.157%, SOH MedAPE(raw)=2.927% | val_score=0.862063
[finetune] epoch 029 | VAL cls=0.9471, SOC MedAPE(raw)=7.436%, SOH MedAPE(raw)=3.433% | TEST cls=0.8711, SOC MedAPE(raw)=6.613%, SOH MedAPE(raw)=2.900% | val_score=0.848325
[finetune] Loaded BEST checkpoint from epoch=2 | score=0.9057269637392216
[FINAL] Using BEST checkpoint from stage='finetune' | epoch=2 | score=0.9057269637392216

[FINAL METRICS]
final_stage: finetune
val_cls_acc: 0.9862745098039216
val_soc_rmse: 0.28956248693514614
val_soc_mae: 0.19657659717452
val_soc_mape: 115.42249957753778
val_soc_medape: 23.26099417114996
val_soh_rmse: 0.5094877074407711
val_soh_mae: 0.3578085785555909
val_soh_mape: 128.42271072935935
val_soh_medape: 41.68560874986141
val_soc_rmse_raw: 6.443993281461213
val_soc_mae_raw: 4.374662909180041
val_soc_mape_raw: 11.191770052607227
val_soc_medape_raw: 7.110595699999415
val_soh_rmse_raw: 0.05405729589340136
val_soh_mae_raw: 0.037963946767892304
val_soh_mape_raw: 4.966114156172233
val_soh_medape_raw: 3.233944800440699
test_cls_acc: 0.89765625
test_soc_rmse: 0.38268067896375635
test_soc_mae: 0.20647102381990406
test_soc_mape: 102.74215512682478
test_soc_medape: 17.83590293593405
test_soh_rmse: 0.5691222204732156
test_soh_mae: 0.3846021308636409
test_soh_mape: 186.22693942429032
test_soh_medape: 44.496187096851244
test_soc_rmse_raw: 8.516267940259036
test_soc_mae_raw: 4.5948558613183685
test_soc_mape_raw: 10.892207601563891
test_soc_medape_raw: 5.890582128737211
test_soh_rmse_raw: 0.06038459382301532
test_soh_mae_raw: 0.04080677685780172
test_soh_mape_raw: 5.106565725979507
test_soh_medape_raw: 2.8820134692962096
n_train: 68163
n_val: 510
n_test: 1280
num_classes: 8
device: cpu
elapsed_sec: 18236.74328517914

[SAVED] /scratch/lt28/qq002/Hierachical_battery_metadata_reconstruction/results/measurement_sensitivity/c_rate/C10_1p5_2p0_2p5C/C10_1p5_2p0_2p5C_summary.csv

[SUMMARY]
             config c_rate_indices  ... device   elapsed_sec
0  C10_1p5_2p0_2p5C          3,4,5  ...    cpu  18236.743285

[1 rows x 45 columns]
