nohup: ignoring input

==========================================================================================
[RUN] Hierarchy ablation: soc_to_soh
[RUN] Meaning: Partial hierarchy: z->M, z->SOC, z+SOC->SOH
[RUN] Pulse list: [30, 50, 70, 100, 300, 500, 700, 1000, 3000, 5000]
[RUN] Output directory: /scratch/lt28/qq002/Hierachical_battery_metadata_reconstruction/results/ablation/hierarchy_ablation/soc_to_soh
==========================================================================================
[INFO] Device: cpu
[INFO] Structure mode: soc_to_soh
[INFO] Meaning: Partial hierarchy: z->M, z->SOC, z+SOC->SOH
[CACHE] Train tag: raw_train_c292c3d99a | hit=True
[CACHE] Test  tag: raw_test_4fc0cd64ff | hit=True
[WARN] Dropping 13 invalid rows from RAW_TRAIN.
[DATA] Final TRAIN samples = 68162 | unique IDs = 461
[DATA] Final VAL   samples = 510 | unique IDs = 51 (from TEST_RANDOM, IDs drawn from training IDs)
[DATA] Final TEST  samples = 1280 | unique IDs = 128
[NORM] Applied U1-U41 z-score using TRAIN statistics only.
[LABEL] Number of material-capacity classes: 8
[LABEL] Classes: ['LFP_35Ah', 'LFP_68Ah', 'LMO_10Ah', 'LMO_24Ah', 'LMO_25Ah', 'LMO_26Ah', 'NMC_15Ah', 'NMC_21Ah']
[RESUME-stage1_soc] start_epoch=200, best_score=0.830146, best_epoch=189
[soc_to_soh | stage1_soc] Loaded BEST checkpoint from epoch=189 | score=0.8301455025321717
[RESUME-stage2_soh] start_epoch=26, best_score=-0.430162, best_epoch=16
[soc_to_soh | stage2_soh] epoch 026 | VAL cls=0.9745 | SOC MedAPE(raw)=6.786% | SOH MedAPE(raw)=3.000% | score=-0.469294
[soc_to_soh | stage2_soh] epoch 027 | VAL cls=0.9745 | SOC MedAPE(raw)=6.691% | SOH MedAPE(raw)=3.091% | score=-0.472347
[soc_to_soh | stage2_soh] epoch 028 | VAL cls=0.9745 | SOC MedAPE(raw)=6.672% | SOH MedAPE(raw)=3.206% | score=-0.481229
[soc_to_soh | stage2_soh] epoch 029 | VAL cls=0.9745 | SOC MedAPE(raw)=6.692% | SOH MedAPE(raw)=3.210% | score=-0.424298
[soc_to_soh | stage2_soh] epoch 030 | VAL cls=0.9745 | SOC MedAPE(raw)=6.977% | SOH MedAPE(raw)=2.995% | score=-0.475529
[soc_to_soh | stage2_soh] epoch 031 | VAL cls=0.9745 | SOC MedAPE(raw)=6.759% | SOH MedAPE(raw)=2.899% | score=-0.479174
[soc_to_soh | stage2_soh] epoch 032 | VAL cls=0.9745 | SOC MedAPE(raw)=6.396% | SOH MedAPE(raw)=3.027% | score=-0.460053
[soc_to_soh | stage2_soh] epoch 033 | VAL cls=0.9745 | SOC MedAPE(raw)=6.381% | SOH MedAPE(raw)=3.318% | score=-0.442261
[soc_to_soh | stage2_soh] epoch 034 | VAL cls=0.9745 | SOC MedAPE(raw)=6.525% | SOH MedAPE(raw)=2.860% | score=-0.475252
[soc_to_soh | stage2_soh] epoch 035 | VAL cls=0.9745 | SOC MedAPE(raw)=6.811% | SOH MedAPE(raw)=2.776% | score=-0.460042
[soc_to_soh | stage2_soh] epoch 036 | VAL cls=0.9745 | SOC MedAPE(raw)=6.523% | SOH MedAPE(raw)=2.899% | score=-0.495030
[soc_to_soh | stage2_soh] epoch 037 | VAL cls=0.9745 | SOC MedAPE(raw)=6.578% | SOH MedAPE(raw)=3.067% | score=-0.474298
[soc_to_soh | stage2_soh] epoch 038 | VAL cls=0.9745 | SOC MedAPE(raw)=6.561% | SOH MedAPE(raw)=2.768% | score=-0.414515
[soc_to_soh | stage2_soh] epoch 039 | VAL cls=0.9745 | SOC MedAPE(raw)=6.580% | SOH MedAPE(raw)=2.825% | score=-0.466753
[soc_to_soh | stage2_soh] epoch 040 | VAL cls=0.9745 | SOC MedAPE(raw)=6.549% | SOH MedAPE(raw)=3.152% | score=-0.473968
[soc_to_soh | stage2_soh] epoch 041 | VAL cls=0.9745 | SOC MedAPE(raw)=6.725% | SOH MedAPE(raw)=2.844% | score=-0.429146
[soc_to_soh | stage2_soh] epoch 042 | VAL cls=0.9745 | SOC MedAPE(raw)=6.764% | SOH MedAPE(raw)=2.692% | score=-0.438178
[soc_to_soh | stage2_soh] epoch 043 | VAL cls=0.9745 | SOC MedAPE(raw)=6.608% | SOH MedAPE(raw)=3.025% | score=-0.448875
[soc_to_soh | stage2_soh] epoch 044 | VAL cls=0.9745 | SOC MedAPE(raw)=6.286% | SOH MedAPE(raw)=2.696% | score=-0.435422
[soc_to_soh | stage2_soh] epoch 045 | VAL cls=0.9745 | SOC MedAPE(raw)=6.670% | SOH MedAPE(raw)=2.842% | score=-0.477069
[soc_to_soh | stage2_soh] epoch 046 | VAL cls=0.9745 | SOC MedAPE(raw)=6.534% | SOH MedAPE(raw)=2.870% | score=-0.438193
[soc_to_soh | stage2_soh] epoch 047 | VAL cls=0.9745 | SOC MedAPE(raw)=6.811% | SOH MedAPE(raw)=2.853% | score=-0.510927
[soc_to_soh | stage2_soh] epoch 048 | VAL cls=0.9745 | SOC MedAPE(raw)=6.447% | SOH MedAPE(raw)=2.678% | score=-0.447130
[soc_to_soh | stage2_soh] epoch 049 | VAL cls=0.9745 | SOC MedAPE(raw)=6.782% | SOH MedAPE(raw)=2.840% | score=-0.484674
[soc_to_soh | stage2_soh] epoch 050 | VAL cls=0.9745 | SOC MedAPE(raw)=6.783% | SOH MedAPE(raw)=2.854% | score=-0.432619
[soc_to_soh | stage2_soh] epoch 051 | VAL cls=0.9745 | SOC MedAPE(raw)=6.427% | SOH MedAPE(raw)=2.849% | score=-0.453261
[soc_to_soh | stage2_soh] epoch 052 | VAL cls=0.9745 | SOC MedAPE(raw)=6.557% | SOH MedAPE(raw)=2.922% | score=-0.525211
[soc_to_soh | stage2_soh] epoch 053 | VAL cls=0.9745 | SOC MedAPE(raw)=6.362% | SOH MedAPE(raw)=2.766% | score=-0.491129
[soc_to_soh | stage2_soh] epoch 054 | VAL cls=0.9745 | SOC MedAPE(raw)=6.280% | SOH MedAPE(raw)=3.118% | score=-0.476033
[soc_to_soh | stage2_soh] epoch 055 | VAL cls=0.9745 | SOC MedAPE(raw)=6.685% | SOH MedAPE(raw)=3.015% | score=-0.491166
[soc_to_soh | stage2_soh] epoch 056 | VAL cls=0.9745 | SOC MedAPE(raw)=6.418% | SOH MedAPE(raw)=2.806% | score=-0.458322
[soc_to_soh | stage2_soh] epoch 057 | VAL cls=0.9745 | SOC MedAPE(raw)=6.619% | SOH MedAPE(raw)=2.719% | score=-0.452083
[soc_to_soh | stage2_soh] epoch 058 | VAL cls=0.9745 | SOC MedAPE(raw)=6.515% | SOH MedAPE(raw)=3.077% | score=-0.461381
[soc_to_soh | stage2_soh] epoch 059 | VAL cls=0.9745 | SOC MedAPE(raw)=6.305% | SOH MedAPE(raw)=2.737% | score=-0.517533
[soc_to_soh | stage2_soh] epoch 060 | VAL cls=0.9745 | SOC MedAPE(raw)=6.455% | SOH MedAPE(raw)=2.932% | score=-0.499357
[soc_to_soh | stage2_soh] epoch 061 | VAL cls=0.9745 | SOC MedAPE(raw)=6.740% | SOH MedAPE(raw)=3.042% | score=-0.473058
[soc_to_soh | stage2_soh] epoch 062 | VAL cls=0.9745 | SOC MedAPE(raw)=6.522% | SOH MedAPE(raw)=2.957% | score=-0.464861
[soc_to_soh | stage2_soh] epoch 063 | VAL cls=0.9745 | SOC MedAPE(raw)=6.833% | SOH MedAPE(raw)=2.800% | score=-0.453816
[soc_to_soh | stage2_soh] epoch 064 | VAL cls=0.9745 | SOC MedAPE(raw)=6.670% | SOH MedAPE(raw)=3.179% | score=-0.488350
[soc_to_soh | stage2_soh] epoch 065 | VAL cls=0.9745 | SOC MedAPE(raw)=6.488% | SOH MedAPE(raw)=2.847% | score=-0.482909
[soc_to_soh | stage2_soh] epoch 066 | VAL cls=0.9745 | SOC MedAPE(raw)=6.540% | SOH MedAPE(raw)=2.759% | score=-0.507582
[soc_to_soh | stage2_soh] epoch 067 | VAL cls=0.9745 | SOC MedAPE(raw)=6.452% | SOH MedAPE(raw)=2.954% | score=-0.456305
[soc_to_soh | stage2_soh] epoch 068 | VAL cls=0.9745 | SOC MedAPE(raw)=6.762% | SOH MedAPE(raw)=2.720% | score=-0.479149
[soc_to_soh | stage2_soh] epoch 069 | VAL cls=0.9745 | SOC MedAPE(raw)=6.495% | SOH MedAPE(raw)=2.864% | score=-0.476122
[soc_to_soh | stage2_soh] epoch 070 | VAL cls=0.9745 | SOC MedAPE(raw)=6.409% | SOH MedAPE(raw)=2.803% | score=-0.463182
[soc_to_soh | stage2_soh] epoch 071 | VAL cls=0.9745 | SOC MedAPE(raw)=6.954% | SOH MedAPE(raw)=2.678% | score=-0.442802
[soc_to_soh | stage2_soh] epoch 072 | VAL cls=0.9745 | SOC MedAPE(raw)=6.793% | SOH MedAPE(raw)=2.687% | score=-0.503904
[soc_to_soh | stage2_soh] epoch 073 | VAL cls=0.9745 | SOC MedAPE(raw)=7.036% | SOH MedAPE(raw)=2.781% | score=-0.439209
[soc_to_soh | stage2_soh] epoch 074 | VAL cls=0.9745 | SOC MedAPE(raw)=6.515% | SOH MedAPE(raw)=2.857% | score=-0.465626
[soc_to_soh | stage2_soh] epoch 075 | VAL cls=0.9745 | SOC MedAPE(raw)=6.561% | SOH MedAPE(raw)=2.764% | score=-0.512698
[soc_to_soh | stage2_soh] epoch 076 | VAL cls=0.9745 | SOC MedAPE(raw)=6.734% | SOH MedAPE(raw)=2.809% | score=-0.487920
[soc_to_soh | stage2_soh] epoch 077 | VAL cls=0.9745 | SOC MedAPE(raw)=6.336% | SOH MedAPE(raw)=3.102% | score=-0.507731
[soc_to_soh | stage2_soh] epoch 078 | VAL cls=0.9745 | SOC MedAPE(raw)=6.656% | SOH MedAPE(raw)=2.608% | score=-0.451903
[soc_to_soh | stage2_soh] epoch 079 | VAL cls=0.9745 | SOC MedAPE(raw)=6.360% | SOH MedAPE(raw)=2.567% | score=-0.463205
[soc_to_soh | stage2_soh] epoch 080 | VAL cls=0.9745 | SOC MedAPE(raw)=6.539% | SOH MedAPE(raw)=2.786% | score=-0.480661
[soc_to_soh | stage2_soh] epoch 081 | VAL cls=0.9745 | SOC MedAPE(raw)=6.443% | SOH MedAPE(raw)=2.501% | score=-0.442679
[soc_to_soh | stage2_soh] epoch 082 | VAL cls=0.9745 | SOC MedAPE(raw)=6.525% | SOH MedAPE(raw)=2.699% | score=-0.475765
[soc_to_soh | stage2_soh] epoch 083 | VAL cls=0.9745 | SOC MedAPE(raw)=6.469% | SOH MedAPE(raw)=2.844% | score=-0.480959
[soc_to_soh | stage2_soh] epoch 084 | VAL cls=0.9745 | SOC MedAPE(raw)=6.839% | SOH MedAPE(raw)=2.934% | score=-0.463277
[soc_to_soh | stage2_soh] epoch 085 | VAL cls=0.9745 | SOC MedAPE(raw)=6.680% | SOH MedAPE(raw)=3.000% | score=-0.472032
[soc_to_soh | stage2_soh] epoch 086 | VAL cls=0.9745 | SOC MedAPE(raw)=6.522% | SOH MedAPE(raw)=2.881% | score=-0.432440
[soc_to_soh | stage2_soh] epoch 087 | VAL cls=0.9745 | SOC MedAPE(raw)=6.628% | SOH MedAPE(raw)=2.783% | score=-0.496916
[soc_to_soh | stage2_soh] epoch 088 | VAL cls=0.9745 | SOC MedAPE(raw)=6.774% | SOH MedAPE(raw)=2.505% | score=-0.469392
[soc_to_soh | stage2_soh] epoch 089 | VAL cls=0.9745 | SOC MedAPE(raw)=6.275% | SOH MedAPE(raw)=2.644% | score=-0.407674
[soc_to_soh | stage2_soh] epoch 090 | VAL cls=0.9745 | SOC MedAPE(raw)=6.314% | SOH MedAPE(raw)=2.752% | score=-0.461522
[soc_to_soh | stage2_soh] epoch 091 | VAL cls=0.9745 | SOC MedAPE(raw)=6.837% | SOH MedAPE(raw)=2.841% | score=-0.445341
[soc_to_soh | stage2_soh] epoch 092 | VAL cls=0.9745 | SOC MedAPE(raw)=6.545% | SOH MedAPE(raw)=2.584% | score=-0.489617
[soc_to_soh | stage2_soh] epoch 093 | VAL cls=0.9745 | SOC MedAPE(raw)=7.131% | SOH MedAPE(raw)=2.942% | score=-0.489883
[soc_to_soh | stage2_soh] epoch 094 | VAL cls=0.9745 | SOC MedAPE(raw)=6.562% | SOH MedAPE(raw)=2.647% | score=-0.455328
[soc_to_soh | stage2_soh] epoch 095 | VAL cls=0.9745 | SOC MedAPE(raw)=6.483% | SOH MedAPE(raw)=3.020% | score=-0.453106
[soc_to_soh | stage2_soh] epoch 096 | VAL cls=0.9745 | SOC MedAPE(raw)=6.702% | SOH MedAPE(raw)=2.667% | score=-0.441448
[soc_to_soh | stage2_soh] epoch 097 | VAL cls=0.9745 | SOC MedAPE(raw)=6.650% | SOH MedAPE(raw)=2.647% | score=-0.476737
[soc_to_soh | stage2_soh] epoch 098 | VAL cls=0.9745 | SOC MedAPE(raw)=6.479% | SOH MedAPE(raw)=2.666% | score=-0.442469
[soc_to_soh | stage2_soh] epoch 099 | VAL cls=0.9745 | SOC MedAPE(raw)=6.170% | SOH MedAPE(raw)=2.727% | score=-0.511154
[soc_to_soh | stage2_soh] epoch 100 | VAL cls=0.9745 | SOC MedAPE(raw)=6.557% | SOH MedAPE(raw)=2.594% | score=-0.475548
[soc_to_soh | stage2_soh] epoch 101 | VAL cls=0.9745 | SOC MedAPE(raw)=6.745% | SOH MedAPE(raw)=2.868% | score=-0.448596
[soc_to_soh | stage2_soh] epoch 102 | VAL cls=0.9745 | SOC MedAPE(raw)=6.498% | SOH MedAPE(raw)=2.665% | score=-0.454973
[soc_to_soh | stage2_soh] epoch 103 | VAL cls=0.9745 | SOC MedAPE(raw)=6.691% | SOH MedAPE(raw)=2.664% | score=-0.451345
[soc_to_soh | stage2_soh] epoch 104 | VAL cls=0.9745 | SOC MedAPE(raw)=6.399% | SOH MedAPE(raw)=2.509% | score=-0.446670
[soc_to_soh | stage2_soh] epoch 105 | VAL cls=0.9745 | SOC MedAPE(raw)=6.816% | SOH MedAPE(raw)=2.764% | score=-0.452414
[soc_to_soh | stage2_soh] epoch 106 | VAL cls=0.9745 | SOC MedAPE(raw)=6.453% | SOH MedAPE(raw)=2.752% | score=-0.488291
[soc_to_soh | stage2_soh] epoch 107 | VAL cls=0.9745 | SOC MedAPE(raw)=6.024% | SOH MedAPE(raw)=2.377% | score=-0.455271
[soc_to_soh | stage2_soh] epoch 108 | VAL cls=0.9745 | SOC MedAPE(raw)=6.311% | SOH MedAPE(raw)=2.572% | score=-0.453022
[soc_to_soh | stage2_soh] epoch 109 | VAL cls=0.9745 | SOC MedAPE(raw)=6.805% | SOH MedAPE(raw)=2.621% | score=-0.470399
[soc_to_soh | stage2_soh] epoch 110 | VAL cls=0.9745 | SOC MedAPE(raw)=7.207% | SOH MedAPE(raw)=2.578% | score=-0.440233
[soc_to_soh | stage2_soh] epoch 111 | VAL cls=0.9745 | SOC MedAPE(raw)=6.483% | SOH MedAPE(raw)=2.758% | score=-0.496082
[soc_to_soh | stage2_soh] epoch 112 | VAL cls=0.9745 | SOC MedAPE(raw)=6.571% | SOH MedAPE(raw)=2.580% | score=-0.450883
[soc_to_soh | stage2_soh] epoch 113 | VAL cls=0.9745 | SOC MedAPE(raw)=6.565% | SOH MedAPE(raw)=2.530% | score=-0.448823
[soc_to_soh | stage2_soh] epoch 114 | VAL cls=0.9745 | SOC MedAPE(raw)=6.416% | SOH MedAPE(raw)=2.418% | score=-0.431090
[soc_to_soh | stage2_soh] epoch 115 | VAL cls=0.9745 | SOC MedAPE(raw)=6.521% | SOH MedAPE(raw)=2.622% | score=-0.433125
[soc_to_soh | stage2_soh] epoch 116 | VAL cls=0.9745 | SOC MedAPE(raw)=6.889% | SOH MedAPE(raw)=2.885% | score=-0.453442
[soc_to_soh | stage2_soh] epoch 117 | VAL cls=0.9745 | SOC MedAPE(raw)=6.911% | SOH MedAPE(raw)=2.542% | score=-0.478446
[soc_to_soh | stage2_soh] epoch 118 | VAL cls=0.9745 | SOC MedAPE(raw)=6.429% | SOH MedAPE(raw)=2.919% | score=-0.482242
[soc_to_soh | stage2_soh] epoch 119 | VAL cls=0.9745 | SOC MedAPE(raw)=6.821% | SOH MedAPE(raw)=3.036% | score=-0.472721
[soc_to_soh | stage2_soh] epoch 120 | VAL cls=0.9745 | SOC MedAPE(raw)=6.700% | SOH MedAPE(raw)=2.810% | score=-0.441043
[soc_to_soh | stage2_soh] epoch 121 | VAL cls=0.9745 | SOC MedAPE(raw)=6.479% | SOH MedAPE(raw)=2.549% | score=-0.436514
[soc_to_soh | stage2_soh] epoch 122 | VAL cls=0.9745 | SOC MedAPE(raw)=6.607% | SOH MedAPE(raw)=2.775% | score=-0.490055
[soc_to_soh | stage2_soh] epoch 123 | VAL cls=0.9745 | SOC MedAPE(raw)=6.721% | SOH MedAPE(raw)=2.476% | score=-0.467059
[soc_to_soh | stage2_soh] epoch 124 | VAL cls=0.9745 | SOC MedAPE(raw)=6.159% | SOH MedAPE(raw)=2.903% | score=-0.503766
[soc_to_soh | stage2_soh] epoch 125 | VAL cls=0.9745 | SOC MedAPE(raw)=6.734% | SOH MedAPE(raw)=2.620% | score=-0.446631
[soc_to_soh | stage2_soh] epoch 126 | VAL cls=0.9745 | SOC MedAPE(raw)=6.454% | SOH MedAPE(raw)=2.735% | score=-0.481992
[soc_to_soh | stage2_soh] epoch 127 | VAL cls=0.9745 | SOC MedAPE(raw)=6.903% | SOH MedAPE(raw)=2.729% | score=-0.481464
[soc_to_soh | stage2_soh] epoch 128 | VAL cls=0.9745 | SOC MedAPE(raw)=6.664% | SOH MedAPE(raw)=2.931% | score=-0.462038
[soc_to_soh | stage2_soh] epoch 129 | VAL cls=0.9745 | SOC MedAPE(raw)=6.496% | SOH MedAPE(raw)=2.565% | score=-0.516075
[soc_to_soh | stage2_soh] epoch 130 | VAL cls=0.9745 | SOC MedAPE(raw)=6.855% | SOH MedAPE(raw)=2.901% | score=-0.477345
[soc_to_soh | stage2_soh] epoch 131 | VAL cls=0.9745 | SOC MedAPE(raw)=6.295% | SOH MedAPE(raw)=2.690% | score=-0.449307
[soc_to_soh | stage2_soh] epoch 132 | VAL cls=0.9745 | SOC MedAPE(raw)=6.663% | SOH MedAPE(raw)=2.932% | score=-0.463600
[soc_to_soh | stage2_soh] epoch 133 | VAL cls=0.9745 | SOC MedAPE(raw)=6.373% | SOH MedAPE(raw)=2.487% | score=-0.480068
[soc_to_soh | stage2_soh] epoch 134 | VAL cls=0.9745 | SOC MedAPE(raw)=6.583% | SOH MedAPE(raw)=2.881% | score=-0.454457
[soc_to_soh | stage2_soh] epoch 135 | VAL cls=0.9745 | SOC MedAPE(raw)=6.715% | SOH MedAPE(raw)=2.715% | score=-0.502385
[soc_to_soh | stage2_soh] epoch 136 | VAL cls=0.9745 | SOC MedAPE(raw)=6.486% | SOH MedAPE(raw)=2.523% | score=-0.427368
[soc_to_soh | stage2_soh] epoch 137 | VAL cls=0.9745 | SOC MedAPE(raw)=6.724% | SOH MedAPE(raw)=2.582% | score=-0.438553
[soc_to_soh | stage2_soh] epoch 138 | VAL cls=0.9745 | SOC MedAPE(raw)=6.596% | SOH MedAPE(raw)=2.461% | score=-0.472901
[soc_to_soh | stage2_soh] epoch 139 | VAL cls=0.9745 | SOC MedAPE(raw)=6.699% | SOH MedAPE(raw)=2.831% | score=-0.465231
[soc_to_soh | stage2_soh] epoch 140 | VAL cls=0.9745 | SOC MedAPE(raw)=6.413% | SOH MedAPE(raw)=2.553% | score=-0.457214
[soc_to_soh | stage2_soh] epoch 141 | VAL cls=0.9745 | SOC MedAPE(raw)=6.102% | SOH MedAPE(raw)=2.675% | score=-0.453093
[soc_to_soh | stage2_soh] epoch 142 | VAL cls=0.9745 | SOC MedAPE(raw)=6.627% | SOH MedAPE(raw)=2.786% | score=-0.458762
[soc_to_soh | stage2_soh] epoch 143 | VAL cls=0.9745 | SOC MedAPE(raw)=6.606% | SOH MedAPE(raw)=2.910% | score=-0.478893
[soc_to_soh | stage2_soh] epoch 144 | VAL cls=0.9745 | SOC MedAPE(raw)=6.962% | SOH MedAPE(raw)=2.703% | score=-0.462455
[soc_to_soh | stage2_soh] epoch 145 | VAL cls=0.9745 | SOC MedAPE(raw)=6.589% | SOH MedAPE(raw)=2.949% | score=-0.464103
[soc_to_soh | stage2_soh] epoch 146 | VAL cls=0.9745 | SOC MedAPE(raw)=6.347% | SOH MedAPE(raw)=2.585% | score=-0.435940
[soc_to_soh | stage2_soh] epoch 147 | VAL cls=0.9745 | SOC MedAPE(raw)=6.465% | SOH MedAPE(raw)=2.675% | score=-0.472636
[soc_to_soh | stage2_soh] epoch 148 | VAL cls=0.9745 | SOC MedAPE(raw)=6.510% | SOH MedAPE(raw)=2.533% | score=-0.462272
[soc_to_soh | stage2_soh] epoch 149 | VAL cls=0.9745 | SOC MedAPE(raw)=6.593% | SOH MedAPE(raw)=2.736% | score=-0.476558
[soc_to_soh | stage2_soh] epoch 150 | VAL cls=0.9745 | SOC MedAPE(raw)=6.703% | SOH MedAPE(raw)=2.542% | score=-0.466637
[soc_to_soh | stage2_soh] epoch 151 | VAL cls=0.9745 | SOC MedAPE(raw)=6.434% | SOH MedAPE(raw)=2.555% | score=-0.451579
[soc_to_soh | stage2_soh] epoch 152 | VAL cls=0.9745 | SOC MedAPE(raw)=6.339% | SOH MedAPE(raw)=2.519% | score=-0.482077
[soc_to_soh | stage2_soh] epoch 153 | VAL cls=0.9745 | SOC MedAPE(raw)=6.295% | SOH MedAPE(raw)=2.540% | score=-0.467287
[soc_to_soh | stage2_soh] epoch 154 | VAL cls=0.9745 | SOC MedAPE(raw)=6.638% | SOH MedAPE(raw)=2.850% | score=-0.513835
[soc_to_soh | stage2_soh] epoch 155 | VAL cls=0.9745 | SOC MedAPE(raw)=6.650% | SOH MedAPE(raw)=2.562% | score=-0.460587
[soc_to_soh | stage2_soh] epoch 156 | VAL cls=0.9745 | SOC MedAPE(raw)=6.753% | SOH MedAPE(raw)=2.572% | score=-0.437767
[soc_to_soh | stage2_soh] epoch 157 | VAL cls=0.9745 | SOC MedAPE(raw)=6.978% | SOH MedAPE(raw)=2.637% | score=-0.464532
[soc_to_soh | stage2_soh] epoch 158 | VAL cls=0.9745 | SOC MedAPE(raw)=6.471% | SOH MedAPE(raw)=2.747% | score=-0.459570
[soc_to_soh | stage2_soh] epoch 159 | VAL cls=0.9745 | SOC MedAPE(raw)=6.609% | SOH MedAPE(raw)=2.688% | score=-0.463359
[soc_to_soh | stage2_soh] epoch 160 | VAL cls=0.9745 | SOC MedAPE(raw)=6.626% | SOH MedAPE(raw)=2.734% | score=-0.491351
[soc_to_soh | stage2_soh] epoch 161 | VAL cls=0.9745 | SOC MedAPE(raw)=6.676% | SOH MedAPE(raw)=2.701% | score=-0.456262
[soc_to_soh | stage2_soh] epoch 162 | VAL cls=0.9745 | SOC MedAPE(raw)=6.623% | SOH MedAPE(raw)=2.515% | score=-0.440656
[soc_to_soh | stage2_soh] epoch 163 | VAL cls=0.9745 | SOC MedAPE(raw)=6.617% | SOH MedAPE(raw)=2.551% | score=-0.443344
[soc_to_soh | stage2_soh] epoch 164 | VAL cls=0.9745 | SOC MedAPE(raw)=6.622% | SOH MedAPE(raw)=2.649% | score=-0.490160
[soc_to_soh | stage2_soh] epoch 165 | VAL cls=0.9745 | SOC MedAPE(raw)=6.449% | SOH MedAPE(raw)=2.772% | score=-0.468988
[soc_to_soh | stage2_soh] epoch 166 | VAL cls=0.9745 | SOC MedAPE(raw)=6.937% | SOH MedAPE(raw)=2.778% | score=-0.491961
[soc_to_soh | stage2_soh] epoch 167 | VAL cls=0.9745 | SOC MedAPE(raw)=6.433% | SOH MedAPE(raw)=2.712% | score=-0.454016
[soc_to_soh | stage2_soh] epoch 168 | VAL cls=0.9745 | SOC MedAPE(raw)=6.660% | SOH MedAPE(raw)=2.881% | score=-0.491316
[soc_to_soh | stage2_soh] epoch 169 | VAL cls=0.9745 | SOC MedAPE(raw)=6.416% | SOH MedAPE(raw)=2.640% | score=-0.473378
[soc_to_soh | stage2_soh] epoch 170 | VAL cls=0.9745 | SOC MedAPE(raw)=6.791% | SOH MedAPE(raw)=2.615% | score=-0.449955
[soc_to_soh | stage2_soh] epoch 171 | VAL cls=0.9745 | SOC MedAPE(raw)=6.540% | SOH MedAPE(raw)=2.620% | score=-0.428561
[soc_to_soh | stage2_soh] epoch 172 | VAL cls=0.9745 | SOC MedAPE(raw)=6.663% | SOH MedAPE(raw)=2.923% | score=-0.502626
[soc_to_soh | stage2_soh] epoch 173 | VAL cls=0.9745 | SOC MedAPE(raw)=6.640% | SOH MedAPE(raw)=2.471% | score=-0.498168
[soc_to_soh | stage2_soh] epoch 174 | VAL cls=0.9745 | SOC MedAPE(raw)=6.409% | SOH MedAPE(raw)=2.735% | score=-0.450599
[soc_to_soh | stage2_soh] epoch 175 | VAL cls=0.9745 | SOC MedAPE(raw)=6.495% | SOH MedAPE(raw)=2.901% | score=-0.484489
[soc_to_soh | stage2_soh] epoch 176 | VAL cls=0.9745 | SOC MedAPE(raw)=6.499% | SOH MedAPE(raw)=2.723% | score=-0.425284
[soc_to_soh | stage2_soh] epoch 177 | VAL cls=0.9745 | SOC MedAPE(raw)=6.820% | SOH MedAPE(raw)=2.457% | score=-0.429145
[soc_to_soh | stage2_soh] epoch 178 | VAL cls=0.9745 | SOC MedAPE(raw)=6.605% | SOH MedAPE(raw)=2.724% | score=-0.486744
[soc_to_soh | stage2_soh] epoch 179 | VAL cls=0.9745 | SOC MedAPE(raw)=6.400% | SOH MedAPE(raw)=2.704% | score=-0.497485
[soc_to_soh | stage2_soh] epoch 180 | VAL cls=0.9745 | SOC MedAPE(raw)=6.668% | SOH MedAPE(raw)=2.720% | score=-0.496590
[soc_to_soh | stage2_soh] epoch 181 | VAL cls=0.9745 | SOC MedAPE(raw)=6.371% | SOH MedAPE(raw)=2.648% | score=-0.471711
[soc_to_soh | stage2_soh] epoch 182 | VAL cls=0.9745 | SOC MedAPE(raw)=6.304% | SOH MedAPE(raw)=2.984% | score=-0.479555
[soc_to_soh | stage2_soh] epoch 183 | VAL cls=0.9745 | SOC MedAPE(raw)=6.249% | SOH MedAPE(raw)=2.630% | score=-0.453677
[soc_to_soh | stage2_soh] epoch 184 | VAL cls=0.9745 | SOC MedAPE(raw)=6.737% | SOH MedAPE(raw)=2.998% | score=-0.502979
[soc_to_soh | stage2_soh] epoch 185 | VAL cls=0.9745 | SOC MedAPE(raw)=6.468% | SOH MedAPE(raw)=2.674% | score=-0.457326
[soc_to_soh | stage2_soh] epoch 186 | VAL cls=0.9745 | SOC MedAPE(raw)=6.476% | SOH MedAPE(raw)=3.169% | score=-0.524535
[soc_to_soh | stage2_soh] epoch 187 | VAL cls=0.9745 | SOC MedAPE(raw)=6.477% | SOH MedAPE(raw)=2.704% | score=-0.465971
[soc_to_soh | stage2_soh] epoch 188 | VAL cls=0.9745 | SOC MedAPE(raw)=6.854% | SOH MedAPE(raw)=2.792% | score=-0.470365
[soc_to_soh | stage2_soh] epoch 189 | VAL cls=0.9745 | SOC MedAPE(raw)=6.812% | SOH MedAPE(raw)=2.672% | score=-0.473936
[soc_to_soh | stage2_soh] epoch 190 | VAL cls=0.9745 | SOC MedAPE(raw)=6.899% | SOH MedAPE(raw)=2.755% | score=-0.477379
[soc_to_soh | stage2_soh] epoch 191 | VAL cls=0.9745 | SOC MedAPE(raw)=6.925% | SOH MedAPE(raw)=2.823% | score=-0.525624
[soc_to_soh | stage2_soh] epoch 192 | VAL cls=0.9745 | SOC MedAPE(raw)=6.406% | SOH MedAPE(raw)=2.692% | score=-0.478259
[soc_to_soh | stage2_soh] epoch 193 | VAL cls=0.9745 | SOC MedAPE(raw)=6.327% | SOH MedAPE(raw)=2.525% | score=-0.469050
[soc_to_soh | stage2_soh] epoch 194 | VAL cls=0.9745 | SOC MedAPE(raw)=6.461% | SOH MedAPE(raw)=2.762% | score=-0.491899
[soc_to_soh | stage2_soh] epoch 195 | VAL cls=0.9745 | SOC MedAPE(raw)=6.910% | SOH MedAPE(raw)=2.685% | score=-0.469531
[soc_to_soh | stage2_soh] epoch 196 | VAL cls=0.9745 | SOC MedAPE(raw)=6.670% | SOH MedAPE(raw)=2.644% | score=-0.483132
[soc_to_soh | stage2_soh] epoch 197 | VAL cls=0.9745 | SOC MedAPE(raw)=6.847% | SOH MedAPE(raw)=2.736% | score=-0.488758
[soc_to_soh | stage2_soh] epoch 198 | VAL cls=0.9745 | SOC MedAPE(raw)=6.578% | SOH MedAPE(raw)=2.900% | score=-0.484921
[soc_to_soh | stage2_soh] epoch 199 | VAL cls=0.9745 | SOC MedAPE(raw)=6.832% | SOH MedAPE(raw)=2.840% | score=-0.481339
[soc_to_soh | stage2_soh] Loaded BEST checkpoint from epoch=89 | score=-0.40767441451426245
[soc_to_soh | finetune] epoch 000 | VAL cls=0.9569 | SOC MedAPE(raw)=6.944% | SOH MedAPE(raw)=2.792% | score=0.861794
[soc_to_soh | finetune] epoch 001 | VAL cls=0.9431 | SOC MedAPE(raw)=7.230% | SOH MedAPE(raw)=2.900% | score=0.843050
[soc_to_soh | finetune] epoch 002 | VAL cls=0.9314 | SOC MedAPE(raw)=6.989% | SOH MedAPE(raw)=2.703% | score=0.839705
[soc_to_soh | finetune] epoch 003 | VAL cls=0.9392 | SOC MedAPE(raw)=7.727% | SOH MedAPE(raw)=3.140% | score=0.844809
[soc_to_soh | finetune] epoch 004 | VAL cls=0.9608 | SOC MedAPE(raw)=7.950% | SOH MedAPE(raw)=2.666% | score=0.859427
[soc_to_soh | finetune] epoch 005 | VAL cls=0.9569 | SOC MedAPE(raw)=7.491% | SOH MedAPE(raw)=2.842% | score=0.858369
[soc_to_soh | finetune] epoch 006 | VAL cls=0.8863 | SOC MedAPE(raw)=8.154% | SOH MedAPE(raw)=2.748% | score=0.783386
[soc_to_soh | finetune] epoch 007 | VAL cls=0.9314 | SOC MedAPE(raw)=7.216% | SOH MedAPE(raw)=3.092% | score=0.833664
[soc_to_soh | finetune] epoch 008 | VAL cls=0.9902 | SOC MedAPE(raw)=6.631% | SOH MedAPE(raw)=2.878% | score=0.897255
[soc_to_soh | finetune] epoch 009 | VAL cls=0.9118 | SOC MedAPE(raw)=8.086% | SOH MedAPE(raw)=3.364% | score=0.805716
[soc_to_soh | finetune] epoch 010 | VAL cls=0.9471 | SOC MedAPE(raw)=6.648% | SOH MedAPE(raw)=2.909% | score=0.850099
[soc_to_soh | finetune] epoch 011 | VAL cls=0.9216 | SOC MedAPE(raw)=7.297% | SOH MedAPE(raw)=2.977% | score=0.824493
[soc_to_soh | finetune] epoch 012 | VAL cls=0.9627 | SOC MedAPE(raw)=7.392% | SOH MedAPE(raw)=2.694% | score=0.868458
[soc_to_soh | finetune] epoch 013 | VAL cls=0.9451 | SOC MedAPE(raw)=6.736% | SOH MedAPE(raw)=3.151% | score=0.845550
[soc_to_soh | finetune] epoch 014 | VAL cls=0.9333 | SOC MedAPE(raw)=7.364% | SOH MedAPE(raw)=2.861% | score=0.831869
[soc_to_soh | finetune] epoch 015 | VAL cls=0.9353 | SOC MedAPE(raw)=7.119% | SOH MedAPE(raw)=2.888% | score=0.836453
[soc_to_soh | finetune] epoch 016 | VAL cls=0.9255 | SOC MedAPE(raw)=7.007% | SOH MedAPE(raw)=3.143% | score=0.827473
[soc_to_soh | finetune] epoch 017 | VAL cls=0.9569 | SOC MedAPE(raw)=7.292% | SOH MedAPE(raw)=2.842% | score=0.859642
[soc_to_soh | finetune] epoch 018 | VAL cls=0.9392 | SOC MedAPE(raw)=7.655% | SOH MedAPE(raw)=2.683% | score=0.846918
[soc_to_soh | finetune] epoch 019 | VAL cls=0.9373 | SOC MedAPE(raw)=7.410% | SOH MedAPE(raw)=3.220% | score=0.841922
[soc_to_soh | finetune] epoch 020 | VAL cls=0.9392 | SOC MedAPE(raw)=8.103% | SOH MedAPE(raw)=2.897% | score=0.846140
[soc_to_soh | finetune] epoch 021 | VAL cls=0.9510 | SOC MedAPE(raw)=7.712% | SOH MedAPE(raw)=2.924% | score=0.855910
[soc_to_soh | finetune] epoch 022 | VAL cls=0.9471 | SOC MedAPE(raw)=7.382% | SOH MedAPE(raw)=2.678% | score=0.854763
[soc_to_soh | finetune] epoch 023 | VAL cls=0.9431 | SOC MedAPE(raw)=7.526% | SOH MedAPE(raw)=2.834% | score=0.846479
[soc_to_soh | finetune] epoch 024 | VAL cls=0.9431 | SOC MedAPE(raw)=7.212% | SOH MedAPE(raw)=3.220% | score=0.841322
[soc_to_soh | finetune] epoch 025 | VAL cls=0.9333 | SOC MedAPE(raw)=7.395% | SOH MedAPE(raw)=3.039% | score=0.841368
[soc_to_soh | finetune] epoch 026 | VAL cls=0.9431 | SOC MedAPE(raw)=7.751% | SOH MedAPE(raw)=3.060% | score=0.842923
[soc_to_soh | finetune] epoch 027 | VAL cls=0.9608 | SOC MedAPE(raw)=7.665% | SOH MedAPE(raw)=2.806% | score=0.867311
[soc_to_soh | finetune] epoch 028 | VAL cls=0.9667 | SOC MedAPE(raw)=7.066% | SOH MedAPE(raw)=3.022% | score=0.866131
[soc_to_soh | finetune] epoch 029 | VAL cls=0.9373 | SOC MedAPE(raw)=6.460% | SOH MedAPE(raw)=2.954% | score=0.846285
[soc_to_soh | finetune] Loaded BEST checkpoint from epoch=8 | score=0.8972552794978709
[FINAL] Using BEST checkpoint from stage='finetune' | epoch=8 | score=0.8972552794978709
[FINAL] Stable test evaluation with n_mc_soc=500, n_mc_soh=500

[FINAL METRICS]
struct_mode: soc_to_soh
description: Partial hierarchy: z->M, z->SOC, z+SOC->SOH
final_stage: finetune
test_cls_acc: 0.91328125
test_soc_rmse: 0.3656229309995124
test_soc_mae: 0.19083955079981935
test_soc_mape: 83.52613126785138
test_soc_medape: 16.383038176824698
test_soh_rmse: 0.381142602547609
test_soh_mae: 0.25470640162357083
test_soh_mape: 153.1957409959749
test_soh_medape: 29.716984578190324
test_soc_rmse_raw: 8.128403097406608
test_soc_mae_raw: 4.242679176572231
test_soc_mape_raw: 10.274358524346239
test_soc_medape_raw: 5.800761844341215
test_soh_rmse_raw: 0.04001821514038632
test_soh_mae_raw: 0.026742997265787143
test_soh_mape_raw: 3.33603725691731
test_soh_medape_raw: 2.047712664804805
n_train: 68162
n_test: 1280
num_classes: 8
device: cpu
elapsed_sec: 16437.094481945038

==========================================================================================
[RUN] Hierarchy ablation: hierarchical
[RUN] Source: proposed further-analysis summary; no retraining
==========================================================================================
[REFERENCE] Loaded hierarchical row from proposed summary: /scratch/lt28/qq002/Hierachical_battery_metadata_reconstruction/results/proposed_framework/further_analysis/tables/proposed_method_summary.csv

[SUMMARY]
         config  ... soh_medape_change_pp_vs_hierarchical
0    soc_to_soh  ...                             0.766673
1  hierarchical  ...                             0.000000

[2 rows x 34 columns]
