nohup: ignoring input
[CONFIG] orders = ['SOC_M_SOH']
[CACHE] Train tag: raw_train_c292c3d99a | hit=True
[CACHE] Test  tag: raw_test_4fc0cd64ff | hit=True
[WARN] Dropping 13 invalid rows from RAW_TRAIN.
[DATA] TRAIN samples = 68162 | IDs = 461
[DATA] VAL   samples = 510 | IDs = 51 (from TEST_RANDOM, IDs drawn from training IDs)
[DATA] TEST  samples = 1280 | IDs = 128
[DEVICE] cpu

==========================================================================================
[RUN] Hierarchy order: SOC_M_SOH
[RUN] Meaning: SOC -> Material -> SOH
[RUN] Output directory: /scratch/lt28/qq002/Hierachical_battery_metadata_reconstruction/results/ablation/hierarchy_order_ablation/SOC_M_SOH
==========================================================================================
[SOC_M_SOH] epoch 000 | VAL cls=0.5412 | SOC MedAPE=18.540% | SOH MedAPE=9.578% | val_score=0.164210
[SOC_M_SOH] epoch 001 | VAL cls=0.5706 | SOC MedAPE=18.760% | SOH MedAPE=8.264% | val_score=0.217701
[SOC_M_SOH] epoch 002 | VAL cls=0.5922 | SOC MedAPE=13.534% | SOH MedAPE=8.158% | val_score=0.293663
[SOC_M_SOH] epoch 003 | VAL cls=0.7549 | SOC MedAPE=13.108% | SOH MedAPE=7.351% | val_score=0.476797
[SOC_M_SOH] epoch 004 | VAL cls=0.7706 | SOC MedAPE=13.412% | SOH MedAPE=6.282% | val_score=0.510820
[SOC_M_SOH] epoch 005 | VAL cls=0.5863 | SOC MedAPE=17.889% | SOH MedAPE=8.545% | val_score=0.236490
[SOC_M_SOH] epoch 006 | VAL cls=0.8039 | SOC MedAPE=12.854% | SOH MedAPE=6.647% | val_score=0.542441
[SOC_M_SOH] epoch 007 | VAL cls=0.7686 | SOC MedAPE=12.849% | SOH MedAPE=5.498% | val_score=0.530168
[SOC_M_SOH] epoch 008 | VAL cls=0.8392 | SOC MedAPE=12.036% | SOH MedAPE=6.166% | val_score=0.595539
[SOC_M_SOH] epoch 009 | VAL cls=0.8000 | SOC MedAPE=12.995% | SOH MedAPE=7.066% | val_score=0.528734
[SOC_M_SOH] epoch 010 | VAL cls=0.8216 | SOC MedAPE=12.886% | SOH MedAPE=5.835% | val_score=0.575998
[SOC_M_SOH] epoch 011 | VAL cls=0.7471 | SOC MedAPE=13.783% | SOH MedAPE=5.745% | val_score=0.494319
[SOC_M_SOH] epoch 012 | VAL cls=0.8176 | SOC MedAPE=10.436% | SOH MedAPE=5.674% | val_score=0.599797
[SOC_M_SOH] epoch 013 | VAL cls=0.8098 | SOC MedAPE=14.666% | SOH MedAPE=6.074% | val_score=0.541657
[SOC_M_SOH] epoch 014 | VAL cls=0.6647 | SOC MedAPE=13.004% | SOH MedAPE=6.124% | val_score=0.412181
[SOC_M_SOH] epoch 015 | VAL cls=0.8235 | SOC MedAPE=10.741% | SOH MedAPE=5.067% | val_score=0.614776
[SOC_M_SOH] epoch 016 | VAL cls=0.8020 | SOC MedAPE=10.052% | SOH MedAPE=5.129% | val_score=0.598861
[SOC_M_SOH] epoch 017 | VAL cls=0.9078 | SOC MedAPE=10.825% | SOH MedAPE=5.518% | val_score=0.689238
[SOC_M_SOH] epoch 018 | VAL cls=0.7608 | SOC MedAPE=11.189% | SOH MedAPE=5.984% | val_score=0.529208
[SOC_M_SOH] epoch 019 | VAL cls=0.8235 | SOC MedAPE=12.376% | SOH MedAPE=4.519% | val_score=0.609390
[SOC_M_SOH] epoch 020 | VAL cls=0.8471 | SOC MedAPE=10.911% | SOH MedAPE=4.772% | val_score=0.642507
[SOC_M_SOH] epoch 021 | VAL cls=0.8255 | SOC MedAPE=12.408% | SOH MedAPE=5.511% | val_score=0.591190
[SOC_M_SOH] epoch 022 | VAL cls=0.7216 | SOC MedAPE=11.552% | SOH MedAPE=6.439% | val_score=0.477268
[SOC_M_SOH] epoch 023 | VAL cls=0.8314 | SOC MedAPE=10.562% | SOH MedAPE=4.628% | val_score=0.633184
[SOC_M_SOH] epoch 024 | VAL cls=0.8627 | SOC MedAPE=9.160% | SOH MedAPE=4.363% | val_score=0.683889
[SOC_M_SOH] epoch 025 | VAL cls=0.8588 | SOC MedAPE=11.597% | SOH MedAPE=4.713% | val_score=0.648595
[SOC_M_SOH] epoch 026 | VAL cls=0.8373 | SOC MedAPE=10.166% | SOH MedAPE=4.350% | val_score=0.648600
[SOC_M_SOH] epoch 027 | VAL cls=0.8686 | SOC MedAPE=10.610% | SOH MedAPE=4.873% | val_score=0.665074
[SOC_M_SOH] epoch 028 | VAL cls=0.8804 | SOC MedAPE=9.577% | SOH MedAPE=3.764% | val_score=0.709338
[SOC_M_SOH] epoch 029 | VAL cls=0.8431 | SOC MedAPE=9.534% | SOH MedAPE=4.595% | val_score=0.655911
[SOC_M_SOH] epoch 030 | VAL cls=0.8647 | SOC MedAPE=7.866% | SOH MedAPE=4.023% | val_score=0.705590
[SOC_M_SOH] epoch 031 | VAL cls=0.7706 | SOC MedAPE=10.831% | SOH MedAPE=4.948% | val_score=0.563316
[SOC_M_SOH] epoch 032 | VAL cls=0.8725 | SOC MedAPE=8.870% | SOH MedAPE=4.284% | val_score=0.698172
[SOC_M_SOH] epoch 033 | VAL cls=0.8765 | SOC MedAPE=7.947% | SOH MedAPE=4.273% | val_score=0.711543
[SOC_M_SOH] epoch 034 | VAL cls=0.8608 | SOC MedAPE=10.111% | SOH MedAPE=4.266% | val_score=0.674354
[SOC_M_SOH] epoch 035 | VAL cls=0.8922 | SOC MedAPE=10.359% | SOH MedAPE=4.332% | val_score=0.701930
[SOC_M_SOH] epoch 036 | VAL cls=0.8686 | SOC MedAPE=8.753% | SOH MedAPE=4.341% | val_score=0.694275
[SOC_M_SOH] epoch 037 | VAL cls=0.8412 | SOC MedAPE=8.470% | SOH MedAPE=4.610% | val_score=0.664286
[SOC_M_SOH] epoch 038 | VAL cls=0.8490 | SOC MedAPE=8.112% | SOH MedAPE=4.352% | val_score=0.680859
[SOC_M_SOH] epoch 039 | VAL cls=0.9039 | SOC MedAPE=8.476% | SOH MedAPE=4.110% | val_score=0.736963
[SOC_M_SOH] epoch 040 | VAL cls=0.8961 | SOC MedAPE=9.575% | SOH MedAPE=4.236% | val_score=0.715615
[SOC_M_SOH] epoch 041 | VAL cls=0.8333 | SOC MedAPE=9.449% | SOH MedAPE=4.266% | val_score=0.653516
[SOC_M_SOH] epoch 042 | VAL cls=0.8157 | SOC MedAPE=8.521% | SOH MedAPE=4.796% | val_score=0.634555
[SOC_M_SOH] epoch 043 | VAL cls=0.8706 | SOC MedAPE=8.552% | SOH MedAPE=4.312% | val_score=0.698825
[SOC_M_SOH] epoch 044 | VAL cls=0.8706 | SOC MedAPE=8.564% | SOH MedAPE=4.285% | val_score=0.699245
[SOC_M_SOH] epoch 045 | VAL cls=0.8490 | SOC MedAPE=8.976% | SOH MedAPE=4.438% | val_score=0.670495
[SOC_M_SOH] epoch 046 | VAL cls=0.8784 | SOC MedAPE=9.000% | SOH MedAPE=4.327% | val_score=0.701881
[SOC_M_SOH] epoch 047 | VAL cls=0.9353 | SOC MedAPE=9.027% | SOH MedAPE=4.221% | val_score=0.760616
[SOC_M_SOH] epoch 048 | VAL cls=0.8824 | SOC MedAPE=9.467% | SOH MedAPE=4.147% | val_score=0.704750
[SOC_M_SOH] epoch 049 | VAL cls=0.8647 | SOC MedAPE=7.829% | SOH MedAPE=5.039% | val_score=0.685633
[SOC_M_SOH] epoch 050 | VAL cls=0.9176 | SOC MedAPE=9.354% | SOH MedAPE=4.165% | val_score=0.740816
[SOC_M_SOH] epoch 051 | VAL cls=0.8961 | SOC MedAPE=8.923% | SOH MedAPE=4.465% | val_score=0.717543
[SOC_M_SOH] epoch 052 | VAL cls=0.8569 | SOC MedAPE=9.503% | SOH MedAPE=4.571% | val_score=0.670414
[SOC_M_SOH] epoch 053 | VAL cls=0.9078 | SOC MedAPE=8.267% | SOH MedAPE=5.274% | val_score=0.719695
[SOC_M_SOH] epoch 054 | VAL cls=0.8784 | SOC MedAPE=8.668% | SOH MedAPE=4.462% | val_score=0.702507
[SOC_M_SOH] epoch 055 | VAL cls=0.8882 | SOC MedAPE=9.127% | SOH MedAPE=4.419% | val_score=0.708580
[SOC_M_SOH] epoch 056 | VAL cls=0.9098 | SOC MedAPE=7.623% | SOH MedAPE=4.525% | val_score=0.743081
[SOC_M_SOH] epoch 057 | VAL cls=0.8941 | SOC MedAPE=9.702% | SOH MedAPE=4.023% | val_score=0.716629
[SOC_M_SOH] epoch 058 | VAL cls=0.9392 | SOC MedAPE=9.319% | SOH MedAPE=4.306% | val_score=0.759898
[SOC_M_SOH] epoch 059 | VAL cls=0.8549 | SOC MedAPE=8.486% | SOH MedAPE=5.029% | val_score=0.669473
[SOC_M_SOH] epoch 060 | VAL cls=0.8784 | SOC MedAPE=10.719% | SOH MedAPE=4.614% | val_score=0.678952
[SOC_M_SOH] epoch 061 | VAL cls=0.9039 | SOC MedAPE=8.930% | SOH MedAPE=4.123% | val_score=0.732163
[SOC_M_SOH] epoch 062 | VAL cls=0.8725 | SOC MedAPE=7.303% | SOH MedAPE=4.434% | val_score=0.710846
[SOC_M_SOH] epoch 063 | VAL cls=0.9216 | SOC MedAPE=8.232% | SOH MedAPE=4.064% | val_score=0.757974
[SOC_M_SOH] epoch 064 | VAL cls=0.8824 | SOC MedAPE=7.445% | SOH MedAPE=4.125% | val_score=0.725413
[SOC_M_SOH] epoch 065 | VAL cls=0.9490 | SOC MedAPE=7.195% | SOH MedAPE=3.715% | val_score=0.802769
[SOC_M_SOH] epoch 066 | VAL cls=0.9255 | SOC MedAPE=7.703% | SOH MedAPE=4.179% | val_score=0.764881
[SOC_M_SOH] epoch 067 | VAL cls=0.8510 | SOC MedAPE=7.915% | SOH MedAPE=5.224% | val_score=0.667354
[SOC_M_SOH] epoch 068 | VAL cls=0.9059 | SOC MedAPE=7.703% | SOH MedAPE=3.901% | val_score=0.750842
[SOC_M_SOH] epoch 069 | VAL cls=0.9216 | SOC MedAPE=9.068% | SOH MedAPE=3.764% | val_score=0.755599
[SOC_M_SOH] epoch 070 | VAL cls=0.9020 | SOC MedAPE=8.203% | SOH MedAPE=4.577% | val_score=0.728395
[SOC_M_SOH] epoch 071 | VAL cls=0.8706 | SOC MedAPE=7.897% | SOH MedAPE=4.160% | val_score=0.708412
[SOC_M_SOH] epoch 072 | VAL cls=0.9216 | SOC MedAPE=7.893% | SOH MedAPE=3.707% | val_score=0.768494
[SOC_M_SOH] epoch 073 | VAL cls=0.8784 | SOC MedAPE=8.908% | SOH MedAPE=4.549% | val_score=0.698360
[SOC_M_SOH] epoch 074 | VAL cls=0.9314 | SOC MedAPE=7.336% | SOH MedAPE=3.788% | val_score=0.782259
[SOC_M_SOH] epoch 075 | VAL cls=0.9059 | SOC MedAPE=7.752% | SOH MedAPE=4.115% | val_score=0.746063
[SOC_M_SOH] epoch 076 | VAL cls=0.8176 | SOC MedAPE=7.680% | SOH MedAPE=5.068% | val_score=0.639501
[SOC_M_SOH] epoch 077 | VAL cls=0.8961 | SOC MedAPE=7.422% | SOH MedAPE=4.277% | val_score=0.736305
[SOC_M_SOH] epoch 078 | VAL cls=0.9098 | SOC MedAPE=8.026% | SOH MedAPE=4.556% | val_score=0.738415
[SOC_M_SOH] epoch 079 | VAL cls=0.9118 | SOC MedAPE=7.129% | SOH MedAPE=3.945% | val_score=0.761574
[SOC_M_SOH] epoch 080 | VAL cls=0.9196 | SOC MedAPE=8.337% | SOH MedAPE=4.035% | val_score=0.755532
[WARN] SOC_M_SOH: numerical instability during training-time SOC flow sampling; using teacher-forced SOC for this forward pass.
[SOC_M_SOH] epoch 081 | VAL cls=0.9137 | SOC MedAPE=7.963% | SOH MedAPE=4.220% | val_score=0.749690
[SOC_M_SOH] epoch 082 | VAL cls=0.8392 | SOC MedAPE=8.695% | SOH MedAPE=4.444% | val_score=0.663398
[SOC_M_SOH] epoch 083 | VAL cls=0.9020 | SOC MedAPE=7.314% | SOH MedAPE=4.142% | val_score=0.745979
[SOC_M_SOH] epoch 084 | VAL cls=0.8765 | SOC MedAPE=9.325% | SOH MedAPE=4.128% | val_score=0.700660
[SOC_M_SOH] epoch 085 | VAL cls=0.8902 | SOC MedAPE=7.107% | SOH MedAPE=4.057% | val_score=0.737988
[EARLY STOP] SOC_M_SOH | best_epoch=65 | best_score=0.802769
[FINAL] SOC_M_SOH stable test evaluation with n_mc_soc=500, n_mc_soh=500
[BEST] SOC_M_SOH
{'order': 'SOC_M_SOH', 'description': 'SOC -> Material -> SOH', 'best_epoch': 65, 'best_score': 0.8027690971424095, 'cls_acc': 0.83046875, 'soc_rmse_raw': 9.82070636349989, 'soc_mae_raw': 5.340034986855614, 'soc_mape_raw': 12.94685243453668, 'soc_medape_raw': 6.383257126041886, 'soh_rmse_raw': 0.06676327611670524, 'soh_mae_raw': 0.04367899262110212, 'soh_mape_raw': 5.362962255222415, 'soh_medape_raw': 2.9498808199836355, 'n_train': 68162, 'n_test': 1280, 'num_classes': 8, 'device': 'cpu', 'elapsed_sec': 10071.259816169739}

[SUMMARY]
       order             description  ...  soc_medape_pct  soh_medape_pct
0  SOC_M_SOH  SOC -> Material -> SOH  ...        6.383257        2.949881

[1 rows x 21 columns]
