[WARN] Dropping 13 invalid rows from RAW_TRAIN.
[INFO] Evaluation device: cpu
[INFO] Loaded checkpoint: /scratch/lt28/qq002/Hierachical_battery_metadata_reconstruction/results/proposed_framework/checkpoints/finetune/best.pt
[INFO] Noise global scale: 0.29064191

==========================================================================================
[RUN] Noise sensitivity | alpha=0 | mode=ocv_preserved
==========================================================================================
{'type': 'noise', 'level': 0.0, 'noise_mode': 'none', 'drop_count': 0, 'repeat_id': 0, 'cls_acc': 0.91640625, 'soc_medape_raw': 5.22640049668341, 'soh_medape_raw': 2.6776547954087815, 'soc_mape_raw': 10.06195520102481, 'soh_mape_raw': 5.3643119006619315, 'soc_rmse_raw': 8.377686872165329, 'soh_rmse_raw': 0.06653622895609689, 'soc_mae_raw': 4.291886513920903, 'soh_mae_raw': 0.0430665138798274, 'n_test': 1280}

==========================================================================================
[RUN] Noise sensitivity | alpha=0.001 | mode=ocv_preserved
==========================================================================================
{'type': 'noise', 'level': 0.001, 'noise_mode': 'ocv_preserved', 'drop_count': 0, 'repeat_id': 0, 'cls_acc': 0.92109375, 'soc_medape_raw': 5.2941144413086665, 'soh_medape_raw': 2.6460742476037415, 'soc_mape_raw': 10.100662261022979, 'soh_mape_raw': 5.327962811565387, 'soc_rmse_raw': 8.395328333165416, 'soh_rmse_raw': 0.066305474550379, 'soc_mae_raw': 4.297840738189299, 'soh_mae_raw': 0.04277000752176144, 'n_test': 1280}

==========================================================================================
[RUN] Noise sensitivity | alpha=0.001 | mode=all_perturbed
==========================================================================================
{'type': 'noise', 'level': 0.001, 'noise_mode': 'all_perturbed', 'drop_count': 0, 'repeat_id': 0, 'cls_acc': 0.91875, 'soc_medape_raw': 5.210488626564194, 'soh_medape_raw': 2.7227051512692717, 'soc_mape_raw': 10.161193672564856, 'soh_mape_raw': 5.410577496057198, 'soc_rmse_raw': 8.442035400241554, 'soh_rmse_raw': 0.06759633346296433, 'soc_mae_raw': 4.332233041823727, 'soh_mae_raw': 0.04340901488832552, 'n_test': 1280}

==========================================================================================
[RUN] Noise sensitivity | alpha=0.003 | mode=ocv_preserved
==========================================================================================
{'type': 'noise', 'level': 0.003, 'noise_mode': 'ocv_preserved', 'drop_count': 0, 'repeat_id': 0, 'cls_acc': 0.909375, 'soc_medape_raw': 5.536380371928369, 'soh_medape_raw': 2.8469784402168212, 'soc_mape_raw': 10.417131775707329, 'soh_mape_raw': 5.402961610554441, 'soc_rmse_raw': 8.529847220296928, 'soh_rmse_raw': 0.06651181770877236, 'soc_mae_raw': 4.45770092942919, 'soh_mae_raw': 0.04355057600859978, 'n_test': 1280}

==========================================================================================
[RUN] Noise sensitivity | alpha=0.003 | mode=all_perturbed
==========================================================================================
{'type': 'noise', 'level': 0.003, 'noise_mode': 'all_perturbed', 'drop_count': 0, 'repeat_id': 0, 'cls_acc': 0.91953125, 'soc_medape_raw': 5.595636195442017, 'soh_medape_raw': 2.7959073499436036, 'soc_mape_raw': 10.575092533781804, 'soh_mape_raw': 5.433912009110523, 'soc_rmse_raw': 8.572456267683513, 'soh_rmse_raw': 0.0678617159140146, 'soc_mae_raw': 4.469956830007341, 'soh_mae_raw': 0.04376851917453325, 'n_test': 1280}

==========================================================================================
[RUN] Noise sensitivity | alpha=0.005 | mode=ocv_preserved
==========================================================================================
{'type': 'noise', 'level': 0.005, 'noise_mode': 'ocv_preserved', 'drop_count': 0, 'repeat_id': 0, 'cls_acc': 0.89140625, 'soc_medape_raw': 5.72130211109662, 'soh_medape_raw': 2.977458028235268, 'soc_mape_raw': 11.232420148044003, 'soh_mape_raw': 5.672469979090394, 'soc_rmse_raw': 8.877230263855736, 'soh_rmse_raw': 0.07105824605108207, 'soc_mae_raw': 4.785922835499463, 'soh_mae_raw': 0.04586583557640726, 'n_test': 1280}

==========================================================================================
[RUN] Noise sensitivity | alpha=0.005 | mode=all_perturbed
==========================================================================================
{'type': 'noise', 'level': 0.005, 'noise_mode': 'all_perturbed', 'drop_count': 0, 'repeat_id': 0, 'cls_acc': 0.88203125, 'soc_medape_raw': 5.744704842128891, 'soh_medape_raw': 3.051792269392098, 'soc_mape_raw': 10.9312412541923, 'soh_mape_raw': 5.654234230906629, 'soc_rmse_raw': 8.888597730289165, 'soh_rmse_raw': 0.06918612604897229, 'soc_mae_raw': 4.704671192008175, 'soh_mae_raw': 0.04556581322051608, 'n_test': 1280}

==========================================================================================
[RUN] Noise sensitivity | alpha=0.01 | mode=ocv_preserved
==========================================================================================
{'type': 'noise', 'level': 0.01, 'noise_mode': 'ocv_preserved', 'drop_count': 0, 'repeat_id': 0, 'cls_acc': 0.83203125, 'soc_medape_raw': 7.001780514646301, 'soh_medape_raw': 3.3513627275742133, 'soc_mape_raw': 14.25335612079237, 'soh_mape_raw': 6.248728560483211, 'soc_rmse_raw': 10.190552946393366, 'soh_rmse_raw': 0.07580157456352657, 'soc_mae_raw': 5.747188121772114, 'soh_mae_raw': 0.05045070037044981, 'n_test': 1280}

==========================================================================================
[RUN] Noise sensitivity | alpha=0.01 | mode=all_perturbed
==========================================================================================
{'type': 'noise', 'level': 0.01, 'noise_mode': 'all_perturbed', 'drop_count': 0, 'repeat_id': 0, 'cls_acc': 0.8328125, 'soc_medape_raw': 6.969315728167716, 'soh_medape_raw': 3.3652645077822303, 'soc_mape_raw': 13.873779832493605, 'soh_mape_raw': 6.31136039921911, 'soc_rmse_raw': 9.948071251126297, 'soh_rmse_raw': 0.07625501531576337, 'soc_mae_raw': 5.611933485430246, 'soh_mae_raw': 0.050864095305204395, 'n_test': 1280}

==========================================================================================
[RUN] Noise sensitivity | alpha=0.02 | mode=ocv_preserved
==========================================================================================
{'type': 'noise', 'level': 0.02, 'noise_mode': 'ocv_preserved', 'drop_count': 0, 'repeat_id': 0, 'cls_acc': 0.71875, 'soc_medape_raw': 9.701702166145562, 'soh_medape_raw': 3.921350230480976, 'soc_mape_raw': 18.84864876434812, 'soh_mape_raw': 7.323525759445412, 'soc_rmse_raw': 12.1163064055272, 'soh_rmse_raw': 0.08638365238218763, 'soc_mae_raw': 7.364490474196285, 'soh_mae_raw': 0.059080477431499565, 'n_test': 1280}

==========================================================================================
[RUN] Noise sensitivity | alpha=0.02 | mode=all_perturbed
==========================================================================================
{'type': 'noise', 'level': 0.02, 'noise_mode': 'all_perturbed', 'drop_count': 0, 'repeat_id': 0, 'cls_acc': 0.721875, 'soc_medape_raw': 9.354406019982239, 'soh_medape_raw': 4.227138991971803, 'soc_mape_raw': 19.272456693718887, 'soh_mape_raw': 7.4241183079171, 'soc_rmse_raw': 12.217932705876823, 'soh_rmse_raw': 0.08716696969461248, 'soc_mae_raw': 7.450073206947751, 'soh_mae_raw': 0.060110829974651024, 'n_test': 1280}

==========================================================================================
[RUN] Noise sensitivity | alpha=0.05 | mode=ocv_preserved
==========================================================================================
{'type': 'noise', 'level': 0.05, 'noise_mode': 'ocv_preserved', 'drop_count': 0, 'repeat_id': 0, 'cls_acc': 0.509375, 'soc_medape_raw': 17.29138265873981, 'soh_medape_raw': 6.279446116630616, 'soc_mape_raw': 32.87914135035394, 'soh_mape_raw': 9.412945261338876, 'soc_rmse_raw': 16.912648549037595, 'soh_rmse_raw': 0.1016746072401185, 'soc_mae_raw': 11.40909376126107, 'soh_mae_raw': 0.07561328920272026, 'n_test': 1280}

==========================================================================================
[RUN] Noise sensitivity | alpha=0.05 | mode=all_perturbed
==========================================================================================
{'type': 'noise', 'level': 0.05, 'noise_mode': 'all_perturbed', 'drop_count': 0, 'repeat_id': 0, 'cls_acc': 0.51875, 'soc_medape_raw': 17.448665300090337, 'soh_medape_raw': 6.0215220556005224, 'soc_mape_raw': 32.04541713365122, 'soh_mape_raw': 9.340908508427464, 'soc_rmse_raw': 16.10870357284687, 'soh_rmse_raw': 0.10112450772178418, 'soc_mae_raw': 11.080425719231178, 'soh_mae_raw': 0.07505007457692958, 'n_test': 1280}

==========================================================================================
[RUN] Drop sensitivity | drop_count=0 | repeat=0
==========================================================================================
{'type': 'drop', 'level': 0, 'noise_mode': 'none', 'drop_count': 0, 'repeat_id': 0, 'cls_acc': 0.91640625, 'soc_medape_raw': 5.299145611794104, 'soh_medape_raw': 2.778799647008626, 'soc_mape_raw': 10.065920207691212, 'soh_mape_raw': 5.374676330413631, 'soc_rmse_raw': 8.384075458137962, 'soh_rmse_raw': 0.06671761278769595, 'soc_mae_raw': 4.294597903130139, 'soh_mae_raw': 0.04311902155383304, 'n_test': 1280}

==========================================================================================
[RUN] Drop sensitivity | drop_count=1 | repeat=0
==========================================================================================
{'type': 'drop', 'level': 1, 'noise_mode': 'none', 'drop_count': 1, 'repeat_id': 0, 'cls_acc': 0.45078125, 'soc_medape_raw': 21.133670756623204, 'soh_medape_raw': 7.281036820480059, 'soc_mape_raw': 33.772927921754665, 'soh_mape_raw': 9.992215191159612, 'soc_rmse_raw': 18.182104337843025, 'soh_rmse_raw': 0.10696254253849798, 'soc_mae_raw': 12.855868707110886, 'soh_mae_raw': 0.08030426903463768, 'n_test': 1280}

==========================================================================================
[RUN] Drop sensitivity | drop_count=1 | repeat=1
==========================================================================================
{'type': 'drop', 'level': 1, 'noise_mode': 'none', 'drop_count': 1, 'repeat_id': 1, 'cls_acc': 0.46953125, 'soc_medape_raw': 22.38175449602879, 'soh_medape_raw': 7.092044499747978, 'soc_mape_raw': 35.837536445061254, 'soh_mape_raw': 9.81955279212672, 'soc_rmse_raw': 17.612085954837895, 'soh_rmse_raw': 0.10572359453598988, 'soc_mae_raw': 12.802837425996199, 'soh_mae_raw': 0.07909175735668557, 'n_test': 1280}

==========================================================================================
[RUN] Drop sensitivity | drop_count=1 | repeat=2
==========================================================================================
{'type': 'drop', 'level': 1, 'noise_mode': 'none', 'drop_count': 1, 'repeat_id': 2, 'cls_acc': 0.4671875, 'soc_medape_raw': 22.495466850809294, 'soh_medape_raw': 7.153111327023285, 'soc_mape_raw': 36.60174164319102, 'soh_mape_raw': 9.850524717953594, 'soc_rmse_raw': 17.95538705793339, 'soh_rmse_raw': 0.10558883184778077, 'soc_mae_raw': 12.86897081788258, 'soh_mae_raw': 0.07923462701233618, 'n_test': 1280}

==========================================================================================
[RUN] Drop sensitivity | drop_count=1 | repeat=3
==========================================================================================
{'type': 'drop', 'level': 1, 'noise_mode': 'none', 'drop_count': 1, 'repeat_id': 3, 'cls_acc': 0.46328125, 'soc_medape_raw': 21.486532297160394, 'soh_medape_raw': 6.619261036497107, 'soc_mape_raw': 33.42423100243947, 'soh_mape_raw': 9.531368921610804, 'soc_rmse_raw': 17.749646923198334, 'soh_rmse_raw': 0.10369903033612529, 'soc_mae_raw': 12.66433621092726, 'soh_mae_raw': 0.07674930798663746, 'n_test': 1280}

==========================================================================================
[RUN] Drop sensitivity | drop_count=1 | repeat=4
==========================================================================================
{'type': 'drop', 'level': 1, 'noise_mode': 'none', 'drop_count': 1, 'repeat_id': 4, 'cls_acc': 0.4578125, 'soc_medape_raw': 20.371894556146874, 'soh_medape_raw': 6.942830942193966, 'soc_mape_raw': 35.11334854574206, 'soh_mape_raw': 9.861312635130457, 'soc_rmse_raw': 17.877604164240818, 'soh_rmse_raw': 0.10583916184763294, 'soc_mae_raw': 12.62818200956895, 'soh_mae_raw': 0.07937647503708171, 'n_test': 1280}

==========================================================================================
[RUN] Drop sensitivity | drop_count=2 | repeat=0
==========================================================================================
{'type': 'drop', 'level': 2, 'noise_mode': 'none', 'drop_count': 2, 'repeat_id': 0, 'cls_acc': 0.3171875, 'soc_medape_raw': 31.046775045956235, 'soh_medape_raw': 8.311019838147331, 'soc_mape_raw': 42.259286724780786, 'soh_mape_raw': 11.204815389936893, 'soc_rmse_raw': 20.511988983887164, 'soh_rmse_raw': 0.11528952481702813, 'soc_mae_raw': 15.802166275014978, 'soh_mae_raw': 0.0896151009309593, 'n_test': 1280}

==========================================================================================
[RUN] Drop sensitivity | drop_count=2 | repeat=1
==========================================================================================
{'type': 'drop', 'level': 2, 'noise_mode': 'none', 'drop_count': 2, 'repeat_id': 1, 'cls_acc': 0.3359375, 'soc_medape_raw': 31.180734382852584, 'soh_medape_raw': 8.771752537399998, 'soc_mape_raw': 41.40669477822977, 'soh_mape_raw': 11.250491661535381, 'soc_rmse_raw': 20.547046478200137, 'soh_rmse_raw': 0.11531006165686226, 'soc_mae_raw': 15.928671387167427, 'soh_mae_raw': 0.09007492029951476, 'n_test': 1280}

==========================================================================================
[RUN] Drop sensitivity | drop_count=2 | repeat=2
==========================================================================================
{'type': 'drop', 'level': 2, 'noise_mode': 'none', 'drop_count': 2, 'repeat_id': 2, 'cls_acc': 0.3359375, 'soc_medape_raw': 31.808598872366584, 'soh_medape_raw': 8.32060306717332, 'soc_mape_raw': 44.35694771708215, 'soh_mape_raw': 11.31867113736547, 'soc_rmse_raw': 20.98298858668907, 'soh_rmse_raw': 0.11678090321354764, 'soc_mae_raw': 16.36504799226473, 'soh_mae_raw': 0.08977236660268438, 'n_test': 1280}

==========================================================================================
[RUN] Drop sensitivity | drop_count=2 | repeat=3
==========================================================================================
{'type': 'drop', 'level': 2, 'noise_mode': 'none', 'drop_count': 2, 'repeat_id': 3, 'cls_acc': 0.3375, 'soc_medape_raw': 30.492538036004696, 'soh_medape_raw': 8.748881933539717, 'soc_mape_raw': 41.994669451525894, 'soh_mape_raw': 11.291555885431915, 'soc_rmse_raw': 20.25743081911295, 'soh_rmse_raw': 0.11545218800255581, 'soc_mae_raw': 15.46230864573739, 'soh_mae_raw': 0.09068855563278533, 'n_test': 1280}

==========================================================================================
[RUN] Drop sensitivity | drop_count=2 | repeat=4
==========================================================================================
{'type': 'drop', 'level': 2, 'noise_mode': 'none', 'drop_count': 2, 'repeat_id': 4, 'cls_acc': 0.33828125, 'soc_medape_raw': 31.987252387690308, 'soh_medape_raw': 8.499548634742997, 'soc_mape_raw': 45.12411615684419, 'soh_mape_raw': 11.092504318545151, 'soc_rmse_raw': 21.42433969538046, 'soh_rmse_raw': 0.11450608345684533, 'soc_mae_raw': 16.4594335302954, 'soh_mae_raw': 0.08874655641063278, 'n_test': 1280}

==========================================================================================
[RUN] Drop sensitivity | drop_count=3 | repeat=0
==========================================================================================
{'type': 'drop', 'level': 3, 'noise_mode': 'none', 'drop_count': 3, 'repeat_id': 0, 'cls_acc': 0.26875, 'soc_medape_raw': 35.96369584165491, 'soh_medape_raw': 9.293410334259672, 'soc_mape_raw': 46.36430040964958, 'soh_mape_raw': 11.6769361576516, 'soc_rmse_raw': 22.184142067724878, 'soh_rmse_raw': 0.11755235623493018, 'soc_mae_raw': 17.633253508715878, 'soh_mae_raw': 0.09322314584535388, 'n_test': 1280}

==========================================================================================
[RUN] Drop sensitivity | drop_count=3 | repeat=1
==========================================================================================
{'type': 'drop', 'level': 3, 'noise_mode': 'none', 'drop_count': 3, 'repeat_id': 1, 'cls_acc': 0.2734375, 'soc_medape_raw': 35.86631882433288, 'soh_medape_raw': 8.460321812085123, 'soc_mape_raw': 46.09098696357615, 'soh_mape_raw': 11.561737015479665, 'soc_rmse_raw': 22.369808986189195, 'soh_rmse_raw': 0.11774025520803336, 'soc_mae_raw': 17.736462859174036, 'soh_mae_raw': 0.0921645427977441, 'n_test': 1280}

==========================================================================================
[RUN] Drop sensitivity | drop_count=3 | repeat=2
==========================================================================================
{'type': 'drop', 'level': 3, 'noise_mode': 'none', 'drop_count': 3, 'repeat_id': 2, 'cls_acc': 0.2765625, 'soc_medape_raw': 36.45809257253328, 'soh_medape_raw': 8.825101409545816, 'soc_mape_raw': 46.113133764804026, 'soh_mape_raw': 11.398297330774529, 'soc_rmse_raw': 22.69263622239401, 'soh_rmse_raw': 0.11508739583514971, 'soc_mae_raw': 18.04728368234192, 'soh_mae_raw': 0.09096174072892105, 'n_test': 1280}

==========================================================================================
[RUN] Drop sensitivity | drop_count=3 | repeat=3
==========================================================================================
{'type': 'drop', 'level': 3, 'noise_mode': 'none', 'drop_count': 3, 'repeat_id': 3, 'cls_acc': 0.27421875, 'soc_medape_raw': 35.74612904512256, 'soh_medape_raw': 9.534694125266064, 'soc_mape_raw': 45.38166583336923, 'soh_mape_raw': 11.820889164064452, 'soc_rmse_raw': 22.27617139494449, 'soh_rmse_raw': 0.11863305500758935, 'soc_mae_raw': 17.750495819514406, 'soh_mae_raw': 0.09477623458924711, 'n_test': 1280}

==========================================================================================
[RUN] Drop sensitivity | drop_count=3 | repeat=4
==========================================================================================
{'type': 'drop', 'level': 3, 'noise_mode': 'none', 'drop_count': 3, 'repeat_id': 4, 'cls_acc': 0.26015625, 'soc_medape_raw': 37.383614601947315, 'soh_medape_raw': 9.229127213054696, 'soc_mape_raw': 46.173236445499086, 'soh_mape_raw': 12.006593938089088, 'soc_rmse_raw': 22.452925862897732, 'soh_rmse_raw': 0.12160061023629799, 'soc_mae_raw': 17.904884964650204, 'soh_mae_raw': 0.09580039770757347, 'n_test': 1280}

==========================================================================================
[RUN] Drop sensitivity | drop_count=4 | repeat=0
==========================================================================================
{'type': 'drop', 'level': 4, 'noise_mode': 'none', 'drop_count': 4, 'repeat_id': 0, 'cls_acc': 0.24140625, 'soc_medape_raw': 39.057978792222634, 'soh_medape_raw': 8.92610301404899, 'soc_mape_raw': 48.9599049905667, 'soh_mape_raw': 11.96914862668466, 'soc_rmse_raw': 23.132826614602166, 'soh_rmse_raw': 0.12017018067171857, 'soc_mae_raw': 18.98109396148685, 'soh_mae_raw': 0.09527578340539064, 'n_test': 1280}

==========================================================================================
[RUN] Drop sensitivity | drop_count=4 | repeat=1
==========================================================================================
{'type': 'drop', 'level': 4, 'noise_mode': 'none', 'drop_count': 4, 'repeat_id': 1, 'cls_acc': 0.22421875, 'soc_medape_raw': 39.13288143788469, 'soh_medape_raw': 9.900279169743287, 'soc_mape_raw': 48.154670686449045, 'soh_mape_raw': 12.180697992952691, 'soc_rmse_raw': 23.032457164111644, 'soh_rmse_raw': 0.12248592283017712, 'soc_mae_raw': 18.769318279426898, 'soh_mae_raw': 0.09707647919809341, 'n_test': 1280}

==========================================================================================
[RUN] Drop sensitivity | drop_count=4 | repeat=2
==========================================================================================
{'type': 'drop', 'level': 4, 'noise_mode': 'none', 'drop_count': 4, 'repeat_id': 2, 'cls_acc': 0.240625, 'soc_medape_raw': 39.30329315534081, 'soh_medape_raw': 9.375612745884045, 'soc_mape_raw': 47.01668191574544, 'soh_mape_raw': 12.398192994034792, 'soc_rmse_raw': 23.16972057846414, 'soh_rmse_raw': 0.12351919888779044, 'soc_mae_raw': 18.580784214676715, 'soh_mae_raw': 0.09851234541629073, 'n_test': 1280}

==========================================================================================
[RUN] Drop sensitivity | drop_count=4 | repeat=3
==========================================================================================
{'type': 'drop', 'level': 4, 'noise_mode': 'none', 'drop_count': 4, 'repeat_id': 3, 'cls_acc': 0.21796875, 'soc_medape_raw': 39.22221576235938, 'soh_medape_raw': 9.645805454774184, 'soc_mape_raw': 45.98032713796304, 'soh_mape_raw': 12.29487744049597, 'soc_rmse_raw': 22.751681020381294, 'soh_rmse_raw': 0.12203191687653853, 'soc_mae_raw': 18.60163204209308, 'soh_mae_raw': 0.09747875686829874, 'n_test': 1280}

==========================================================================================
[RUN] Drop sensitivity | drop_count=4 | repeat=4
==========================================================================================
{'type': 'drop', 'level': 4, 'noise_mode': 'none', 'drop_count': 4, 'repeat_id': 4, 'cls_acc': 0.2234375, 'soc_medape_raw': 40.85782092995049, 'soh_medape_raw': 9.353317760884723, 'soc_mape_raw': 49.977745400253625, 'soh_mape_raw': 12.194542573837484, 'soc_rmse_raw': 23.775294574153147, 'soh_rmse_raw': 0.12236818441746876, 'soc_mae_raw': 19.524664183973897, 'soh_mae_raw': 0.0969498259645379, 'n_test': 1280}

==========================================================================================
[RUN] Drop sensitivity | drop_count=5 | repeat=0
==========================================================================================
{'type': 'drop', 'level': 5, 'noise_mode': 'none', 'drop_count': 5, 'repeat_id': 0, 'cls_acc': 0.18046875, 'soc_medape_raw': 41.65729165017265, 'soh_medape_raw': 9.923698012406192, 'soc_mape_raw': 48.21985715839229, 'soh_mape_raw': 12.472801803096324, 'soc_rmse_raw': 23.64963469588647, 'soh_rmse_raw': 0.12339254358533916, 'soc_mae_raw': 19.541485349637377, 'soh_mae_raw': 0.09928045021784407, 'n_test': 1280}

==========================================================================================
[RUN] Drop sensitivity | drop_count=5 | repeat=1
==========================================================================================
{'type': 'drop', 'level': 5, 'noise_mode': 'none', 'drop_count': 5, 'repeat_id': 1, 'cls_acc': 0.215625, 'soc_medape_raw': 40.814425618481316, 'soh_medape_raw': 9.566864579433947, 'soc_mape_raw': 47.38865181830755, 'soh_mape_raw': 12.13413935573844, 'soc_rmse_raw': 23.489294923293485, 'soh_rmse_raw': 0.12057429654000147, 'soc_mae_raw': 19.207845899663916, 'soh_mae_raw': 0.09617126366563103, 'n_test': 1280}

==========================================================================================
[RUN] Drop sensitivity | drop_count=5 | repeat=2
==========================================================================================
{'type': 'drop', 'level': 5, 'noise_mode': 'none', 'drop_count': 5, 'repeat_id': 2, 'cls_acc': 0.209375, 'soc_medape_raw': 41.37767854350942, 'soh_medape_raw': 10.00382462962758, 'soc_mape_raw': 49.10580675491208, 'soh_mape_raw': 12.348202754295732, 'soc_rmse_raw': 24.092897471438455, 'soh_rmse_raw': 0.12185315014765903, 'soc_mae_raw': 19.89881196137788, 'soh_mae_raw': 0.09828297204824119, 'n_test': 1280}

==========================================================================================
[RUN] Drop sensitivity | drop_count=5 | repeat=3
==========================================================================================
{'type': 'drop', 'level': 5, 'noise_mode': 'none', 'drop_count': 5, 'repeat_id': 3, 'cls_acc': 0.2234375, 'soc_medape_raw': 41.77971629066156, 'soh_medape_raw': 9.222805638630781, 'soc_mape_raw': 48.62131371973336, 'soh_mape_raw': 12.034136840842475, 'soc_rmse_raw': 23.667748843707287, 'soh_rmse_raw': 0.12094341251037426, 'soc_mae_raw': 19.59493921313159, 'soh_mae_raw': 0.09587837834596162, 'n_test': 1280}

==========================================================================================
[RUN] Drop sensitivity | drop_count=5 | repeat=4
==========================================================================================
{'type': 'drop', 'level': 5, 'noise_mode': 'none', 'drop_count': 5, 'repeat_id': 4, 'cls_acc': 0.221875, 'soc_medape_raw': 41.652005136800405, 'soh_medape_raw': 10.001596761642634, 'soc_mape_raw': 48.78239115575968, 'soh_mape_raw': 12.711434209834147, 'soc_rmse_raw': 23.756712314375065, 'soh_rmse_raw': 0.12646650232907275, 'soc_mae_raw': 19.494049017368734, 'soh_mae_raw': 0.10079602085981307, 'n_test': 1280}

==========================================================================================
[RUN] Drop sensitivity | drop_count=6 | repeat=0
==========================================================================================
{'type': 'drop', 'level': 6, 'noise_mode': 'none', 'drop_count': 6, 'repeat_id': 0, 'cls_acc': 0.20390625, 'soc_medape_raw': 42.65876429753243, 'soh_medape_raw': 9.891422118508043, 'soc_mape_raw': 50.3082768879841, 'soh_mape_raw': 12.633809146716782, 'soc_rmse_raw': 24.428731293974263, 'soh_rmse_raw': 0.12613630958703118, 'soc_mae_raw': 20.32945127451031, 'soh_mae_raw': 0.10030636284029201, 'n_test': 1280}

==========================================================================================
[RUN] Drop sensitivity | drop_count=6 | repeat=1
==========================================================================================
{'type': 'drop', 'level': 6, 'noise_mode': 'none', 'drop_count': 6, 'repeat_id': 1, 'cls_acc': 0.184375, 'soc_medape_raw': 43.485816050258414, 'soh_medape_raw': 10.259464174093736, 'soc_mape_raw': 49.43853252365848, 'soh_mape_raw': 13.021720631419601, 'soc_rmse_raw': 24.429125586439458, 'soh_rmse_raw': 0.12863599021880692, 'soc_mae_raw': 20.337474327311543, 'soh_mae_raw': 0.10318592663046218, 'n_test': 1280}

==========================================================================================
[RUN] Drop sensitivity | drop_count=6 | repeat=2
==========================================================================================
{'type': 'drop', 'level': 6, 'noise_mode': 'none', 'drop_count': 6, 'repeat_id': 2, 'cls_acc': 0.1921875, 'soc_medape_raw': 42.724059599255156, 'soh_medape_raw': 10.07856185083155, 'soc_mape_raw': 52.04135480014723, 'soh_mape_raw': 12.930886268037455, 'soc_rmse_raw': 24.680484940867267, 'soh_rmse_raw': 0.12736530251161327, 'soc_mae_raw': 20.626309604737816, 'soh_mae_raw': 0.10242957723348137, 'n_test': 1280}

==========================================================================================
[RUN] Drop sensitivity | drop_count=6 | repeat=3
==========================================================================================
{'type': 'drop', 'level': 6, 'noise_mode': 'none', 'drop_count': 6, 'repeat_id': 3, 'cls_acc': 0.209375, 'soc_medape_raw': 41.86583368862935, 'soh_medape_raw': 9.682825776681332, 'soc_mape_raw': 48.939913383425335, 'soh_mape_raw': 12.538152423378667, 'soc_rmse_raw': 24.068863891333294, 'soh_rmse_raw': 0.12350946533142829, 'soc_mae_raw': 19.93375713402532, 'soh_mae_raw': 0.09928787980338562, 'n_test': 1280}

==========================================================================================
[RUN] Drop sensitivity | drop_count=6 | repeat=4
==========================================================================================
{'type': 'drop', 'level': 6, 'noise_mode': 'none', 'drop_count': 6, 'repeat_id': 4, 'cls_acc': 0.19453125, 'soc_medape_raw': 43.44872431891247, 'soh_medape_raw': 10.032514532338844, 'soc_mape_raw': 50.73510952616747, 'soh_mape_raw': 12.821022093321696, 'soc_rmse_raw': 24.660432027835903, 'soh_rmse_raw': 0.1258925931640354, 'soc_mae_raw': 20.57707420347541, 'soh_mae_raw': 0.10162360430620328, 'n_test': 1280}

==========================================================================================
[RUN] Drop sensitivity | drop_count=7 | repeat=0
==========================================================================================
{'type': 'drop', 'level': 7, 'noise_mode': 'none', 'drop_count': 7, 'repeat_id': 0, 'cls_acc': 0.2, 'soc_medape_raw': 44.1596853657972, 'soh_medape_raw': 9.805044909136562, 'soc_mape_raw': 49.663235753337936, 'soh_mape_raw': 12.405163605237455, 'soc_rmse_raw': 24.301076144525428, 'soh_rmse_raw': 0.12364285335711954, 'soc_mae_raw': 20.34409724697624, 'soh_mae_raw': 0.09836337000852684, 'n_test': 1280}

==========================================================================================
[RUN] Drop sensitivity | drop_count=7 | repeat=1
==========================================================================================
{'type': 'drop', 'level': 7, 'noise_mode': 'none', 'drop_count': 7, 'repeat_id': 1, 'cls_acc': 0.19921875, 'soc_medape_raw': 43.3511469536992, 'soh_medape_raw': 10.183850025862643, 'soc_mape_raw': 49.54730254487681, 'soh_mape_raw': 12.692006293155137, 'soc_rmse_raw': 24.51057718297661, 'soh_rmse_raw': 0.12511119780953764, 'soc_mae_raw': 20.14547317200288, 'soh_mae_raw': 0.10057284945968403, 'n_test': 1280}

==========================================================================================
[RUN] Drop sensitivity | drop_count=7 | repeat=2
==========================================================================================
{'type': 'drop', 'level': 7, 'noise_mode': 'none', 'drop_count': 7, 'repeat_id': 2, 'cls_acc': 0.184375, 'soc_medape_raw': 43.27499604013215, 'soh_medape_raw': 9.862716125545958, 'soc_mape_raw': 48.531666613925616, 'soh_mape_raw': 12.541301785545764, 'soc_rmse_raw': 24.157123119606158, 'soh_rmse_raw': 0.1243436624160133, 'soc_mae_raw': 20.205043144157415, 'soh_mae_raw': 0.09901566032039322, 'n_test': 1280}

==========================================================================================
[RUN] Drop sensitivity | drop_count=7 | repeat=3
==========================================================================================
{'type': 'drop', 'level': 7, 'noise_mode': 'none', 'drop_count': 7, 'repeat_id': 3, 'cls_acc': 0.1953125, 'soc_medape_raw': 43.86812915580113, 'soh_medape_raw': 10.57607501831622, 'soc_mape_raw': 48.87177547813597, 'soh_mape_raw': 13.163580322084613, 'soc_rmse_raw': 24.661098326599195, 'soh_rmse_raw': 0.13033800230528164, 'soc_mae_raw': 20.512930653875358, 'soh_mae_raw': 0.10450806526757965, 'n_test': 1280}

==========================================================================================
[RUN] Drop sensitivity | drop_count=7 | repeat=4
==========================================================================================
{'type': 'drop', 'level': 7, 'noise_mode': 'none', 'drop_count': 7, 'repeat_id': 4, 'cls_acc': 0.19140625, 'soc_medape_raw': 44.34285500145337, 'soh_medape_raw': 10.28762159789613, 'soc_mape_raw': 53.80568971206717, 'soh_mape_raw': 12.738994802360384, 'soc_rmse_raw': 25.275322791915055, 'soh_rmse_raw': 0.1256690714683392, 'soc_mae_raw': 21.101966092982714, 'soh_mae_raw': 0.10133289330565495, 'n_test': 1280}

==========================================================================================
[RUN] Drop sensitivity | drop_count=8 | repeat=0
==========================================================================================
{'type': 'drop', 'level': 8, 'noise_mode': 'none', 'drop_count': 8, 'repeat_id': 0, 'cls_acc': 0.18046875, 'soc_medape_raw': 44.410038593562234, 'soh_medape_raw': 10.366006693710606, 'soc_mape_raw': 51.37541123557408, 'soh_mape_raw': 12.992247942914767, 'soc_rmse_raw': 24.76776914740078, 'soh_rmse_raw': 0.12768170888559066, 'soc_mae_raw': 20.85083955353608, 'soh_mae_raw': 0.10283679971469821, 'n_test': 1280}

==========================================================================================
[RUN] Drop sensitivity | drop_count=8 | repeat=1
==========================================================================================
{'type': 'drop', 'level': 8, 'noise_mode': 'none', 'drop_count': 8, 'repeat_id': 1, 'cls_acc': 0.171875, 'soc_medape_raw': 44.845028121384196, 'soh_medape_raw': 9.857490129906132, 'soc_mape_raw': 51.72715296167077, 'soh_mape_raw': 12.74024305441815, 'soc_rmse_raw': 25.213811124134565, 'soh_rmse_raw': 0.1260488934147743, 'soc_mae_raw': 21.134624189487976, 'soh_mae_raw': 0.10069462090444761, 'n_test': 1280}

==========================================================================================
[RUN] Drop sensitivity | drop_count=8 | repeat=2
==========================================================================================
{'type': 'drop', 'level': 8, 'noise_mode': 'none', 'drop_count': 8, 'repeat_id': 2, 'cls_acc': 0.17578125, 'soc_medape_raw': 44.62964294299739, 'soh_medape_raw': 10.272492170119502, 'soc_mape_raw': 49.27161690892725, 'soh_mape_raw': 12.826203914211424, 'soc_rmse_raw': 24.815650330569277, 'soh_rmse_raw': 0.12581650676833042, 'soc_mae_raw': 20.65471245471896, 'soh_mae_raw': 0.10172574797372536, 'n_test': 1280}

==========================================================================================
[RUN] Drop sensitivity | drop_count=8 | repeat=3
==========================================================================================
{'type': 'drop', 'level': 8, 'noise_mode': 'none', 'drop_count': 8, 'repeat_id': 3, 'cls_acc': 0.1921875, 'soc_medape_raw': 45.08769549583259, 'soh_medape_raw': 10.645510976945797, 'soc_mape_raw': 51.111527982611285, 'soh_mape_raw': 13.276741865413465, 'soc_rmse_raw': 24.851963981810364, 'soh_rmse_raw': 0.13002954279774648, 'soc_mae_raw': 20.99130399785578, 'soh_mae_raw': 0.10503954562300503, 'n_test': 1280}

==========================================================================================
[RUN] Drop sensitivity | drop_count=8 | repeat=4
==========================================================================================
{'type': 'drop', 'level': 8, 'noise_mode': 'none', 'drop_count': 8, 'repeat_id': 4, 'cls_acc': 0.178125, 'soc_medape_raw': 43.781766413432486, 'soh_medape_raw': 10.528881351268504, 'soc_mape_raw': 51.49860976204286, 'soh_mape_raw': 12.838062569923016, 'soc_rmse_raw': 24.755732796605713, 'soh_rmse_raw': 0.1259148432242525, 'soc_mae_raw': 20.774660653610947, 'soh_mae_raw': 0.10192498414478264, 'n_test': 1280}

==========================================================================================
[RUN] Drop sensitivity | drop_count=9 | repeat=0
==========================================================================================
{'type': 'drop', 'level': 9, 'noise_mode': 'none', 'drop_count': 9, 'repeat_id': 0, 'cls_acc': 0.1828125, 'soc_medape_raw': 45.30088092090202, 'soh_medape_raw': 10.831513397445029, 'soc_mape_raw': 52.84049003893274, 'soh_mape_raw': 13.347969584667362, 'soc_rmse_raw': 25.089935607491064, 'soh_rmse_raw': 0.13064467117149764, 'soc_mae_raw': 21.05469789431832, 'soh_mae_raw': 0.10563499612204837, 'n_test': 1280}

==========================================================================================
[RUN] Drop sensitivity | drop_count=9 | repeat=1
==========================================================================================
{'type': 'drop', 'level': 9, 'noise_mode': 'none', 'drop_count': 9, 'repeat_id': 1, 'cls_acc': 0.1671875, 'soc_medape_raw': 46.00056161231913, 'soh_medape_raw': 10.785514460805977, 'soc_mape_raw': 50.31296843346828, 'soh_mape_raw': 13.627870442891691, 'soc_rmse_raw': 25.286181248661187, 'soh_rmse_raw': 0.1325296475197523, 'soc_mae_raw': 21.203355078880847, 'soh_mae_raw': 0.10753615001867449, 'n_test': 1280}

==========================================================================================
[RUN] Drop sensitivity | drop_count=9 | repeat=2
==========================================================================================
{'type': 'drop', 'level': 9, 'noise_mode': 'none', 'drop_count': 9, 'repeat_id': 2, 'cls_acc': 0.175, 'soc_medape_raw': 44.50486982406038, 'soh_medape_raw': 10.376958199606104, 'soc_mape_raw': 52.40375771617589, 'soh_mape_raw': 12.946475869284171, 'soc_rmse_raw': 25.241852489261046, 'soh_rmse_raw': 0.12719397500732127, 'soc_mae_raw': 21.177623431383175, 'soh_mae_raw': 0.10297242709453407, 'n_test': 1280}

==========================================================================================
[RUN] Drop sensitivity | drop_count=9 | repeat=3
==========================================================================================
{'type': 'drop', 'level': 9, 'noise_mode': 'none', 'drop_count': 9, 'repeat_id': 3, 'cls_acc': 0.175, 'soc_medape_raw': 45.04864301198039, 'soh_medape_raw': 11.43062409770743, 'soc_mape_raw': 49.54480717107058, 'soh_mape_raw': 13.66832457696222, 'soc_rmse_raw': 25.275612101145796, 'soh_rmse_raw': 0.13314327066208131, 'soc_mae_raw': 21.163478414354877, 'soh_mae_raw': 0.10838481917213352, 'n_test': 1280}

==========================================================================================
[RUN] Drop sensitivity | drop_count=9 | repeat=4
==========================================================================================
{'type': 'drop', 'level': 9, 'noise_mode': 'none', 'drop_count': 9, 'repeat_id': 4, 'cls_acc': 0.16640625, 'soc_medape_raw': 45.973731921874204, 'soh_medape_raw': 10.148045158102768, 'soc_mape_raw': 52.74539738120109, 'soh_mape_raw': 12.891805823778247, 'soc_rmse_raw': 25.290203043277998, 'soh_rmse_raw': 0.1269954685496298, 'soc_mae_raw': 21.32035539974151, 'soh_mae_raw': 0.10183602413390247, 'n_test': 1280}

==========================================================================================
[RUN] Drop sensitivity | drop_count=10 | repeat=0
==========================================================================================
{'type': 'drop', 'level': 10, 'noise_mode': 'none', 'drop_count': 10, 'repeat_id': 0, 'cls_acc': 0.16328125, 'soc_medape_raw': 46.179414701416874, 'soh_medape_raw': 10.881647430721337, 'soc_mape_raw': 50.36636412475896, 'soh_mape_raw': 13.387592529619306, 'soc_rmse_raw': 25.216945790887504, 'soh_rmse_raw': 0.13017251778662595, 'soc_mae_raw': 21.18370135605748, 'soh_mae_raw': 0.10557430008497051, 'n_test': 1280}

==========================================================================================
[RUN] Drop sensitivity | drop_count=10 | repeat=1
==========================================================================================
{'type': 'drop', 'level': 10, 'noise_mode': 'none', 'drop_count': 10, 'repeat_id': 1, 'cls_acc': 0.171875, 'soc_medape_raw': 45.79876285568421, 'soh_medape_raw': 10.198773281108007, 'soc_mape_raw': 51.29497559146667, 'soh_mape_raw': 13.198784148715953, 'soc_rmse_raw': 25.372856229780478, 'soh_rmse_raw': 0.13031527268598905, 'soc_mae_raw': 21.41685038818924, 'soh_mae_raw': 0.10440976184914434, 'n_test': 1280}

==========================================================================================
[RUN] Drop sensitivity | drop_count=10 | repeat=2
==========================================================================================
{'type': 'drop', 'level': 10, 'noise_mode': 'none', 'drop_count': 10, 'repeat_id': 2, 'cls_acc': 0.1765625, 'soc_medape_raw': 45.20375226848717, 'soh_medape_raw': 10.616943852608092, 'soc_mape_raw': 51.30132541818828, 'soh_mape_raw': 13.220447668349868, 'soc_rmse_raw': 25.26300003059641, 'soh_rmse_raw': 0.12923831513722814, 'soc_mae_raw': 21.233167235514564, 'soh_mae_raw': 0.10463667054132286, 'n_test': 1280}

==========================================================================================
[RUN] Drop sensitivity | drop_count=10 | repeat=3
==========================================================================================
{'type': 'drop', 'level': 10, 'noise_mode': 'none', 'drop_count': 10, 'repeat_id': 3, 'cls_acc': 0.16953125, 'soc_medape_raw': 45.405292424911224, 'soh_medape_raw': 11.194934326813069, 'soc_mape_raw': 52.211083625106745, 'soh_mape_raw': 13.446684853105932, 'soc_rmse_raw': 25.520012188470883, 'soh_rmse_raw': 0.1323390248999732, 'soc_mae_raw': 21.380651918703684, 'soh_mae_raw': 0.10639283839099312, 'n_test': 1280}

==========================================================================================
[RUN] Drop sensitivity | drop_count=10 | repeat=4
==========================================================================================
{'type': 'drop', 'level': 10, 'noise_mode': 'none', 'drop_count': 10, 'repeat_id': 4, 'cls_acc': 0.16328125, 'soc_medape_raw': 45.831819458322, 'soh_medape_raw': 11.015137060238185, 'soc_mape_raw': 52.553219472165345, 'soh_mape_raw': 13.382191799219203, 'soc_rmse_raw': 25.629444197521735, 'soh_rmse_raw': 0.1297275761023171, 'soc_mae_raw': 21.55809952117726, 'soh_mae_raw': 0.10590414542096489, 'n_test': 1280}

==========================================================================================
[RUN] Drop sensitivity | drop_count=20 | repeat=0
==========================================================================================
{'type': 'drop', 'level': 20, 'noise_mode': 'none', 'drop_count': 20, 'repeat_id': 0, 'cls_acc': 0.1671875, 'soc_medape_raw': 46.81407438444168, 'soh_medape_raw': 11.443195742757977, 'soc_mape_raw': 52.921473669808435, 'soh_mape_raw': 14.00336424170273, 'soc_rmse_raw': 26.314595118846498, 'soh_rmse_raw': 0.13522244605424144, 'soc_mae_raw': 22.197641897999727, 'soh_mae_raw': 0.11038379355227876, 'n_test': 1280}

==========================================================================================
[RUN] Drop sensitivity | drop_count=20 | repeat=1
==========================================================================================
{'type': 'drop', 'level': 20, 'noise_mode': 'none', 'drop_count': 20, 'repeat_id': 1, 'cls_acc': 0.16171875, 'soc_medape_raw': 46.8070355810791, 'soh_medape_raw': 11.153469290651776, 'soc_mape_raw': 57.0142343929773, 'soh_mape_raw': 13.824205709535878, 'soc_rmse_raw': 26.558984495065232, 'soh_rmse_raw': 0.13553319536303898, 'soc_mae_raw': 22.53802542776292, 'soh_mae_raw': 0.10919927770765252, 'n_test': 1280}

==========================================================================================
[RUN] Drop sensitivity | drop_count=20 | repeat=2
==========================================================================================
{'type': 'drop', 'level': 20, 'noise_mode': 'none', 'drop_count': 20, 'repeat_id': 2, 'cls_acc': 0.15625, 'soc_medape_raw': 47.45093134734877, 'soh_medape_raw': 10.620863492824272, 'soc_mape_raw': 55.6125637306975, 'soh_mape_raw': 13.625754028097717, 'soc_rmse_raw': 26.36639686231202, 'soh_rmse_raw': 0.13313824626696147, 'soc_mae_raw': 22.363895410583787, 'soh_mae_raw': 0.10764864820961814, 'n_test': 1280}

==========================================================================================
[RUN] Drop sensitivity | drop_count=20 | repeat=3
==========================================================================================
{'type': 'drop', 'level': 20, 'noise_mode': 'none', 'drop_count': 20, 'repeat_id': 3, 'cls_acc': 0.1671875, 'soc_medape_raw': 47.70472063865819, 'soh_medape_raw': 11.061742894588374, 'soc_mape_raw': 54.73538601392862, 'soh_mape_raw': 13.59132402760342, 'soc_rmse_raw': 26.377360972204084, 'soh_rmse_raw': 0.13185816654676225, 'soc_mae_raw': 22.35708077406104, 'soh_mae_raw': 0.10741585940049891, 'n_test': 1280}

==========================================================================================
[RUN] Drop sensitivity | drop_count=20 | repeat=4
==========================================================================================
{'type': 'drop', 'level': 20, 'noise_mode': 'none', 'drop_count': 20, 'repeat_id': 4, 'cls_acc': 0.1671875, 'soc_medape_raw': 46.849120760558534, 'soh_medape_raw': 11.957132159964942, 'soc_mape_raw': 54.23619144510104, 'soh_mape_raw': 14.053325333948886, 'soc_rmse_raw': 25.988858848663956, 'soh_rmse_raw': 0.1356481072776683, 'soc_mae_raw': 22.076218929512795, 'soh_mae_raw': 0.11099813554897889, 'n_test': 1280}

[SUMMARY]
     type   level     noise_mode  ...  soc_mae_raw  soh_mae_raw  n_test
0   noise   0.000           none  ...     4.291887     0.043067    1280
1   noise   0.001  ocv_preserved  ...     4.297841     0.042770    1280
2   noise   0.001  all_perturbed  ...     4.332233     0.043409    1280
3   noise   0.003  ocv_preserved  ...     4.457701     0.043551    1280
4   noise   0.003  all_perturbed  ...     4.469957     0.043769    1280
..    ...     ...            ...  ...          ...          ...     ...
64   drop  20.000           none  ...    22.197642     0.110384    1280
65   drop  20.000           none  ...    22.538025     0.109199    1280
66   drop  20.000           none  ...    22.363895     0.107649    1280
67   drop  20.000           none  ...    22.357081     0.107416    1280
68   drop  20.000           none  ...    22.076219     0.110998    1280

[69 rows x 15 columns]
