nohup: ignoring input

==========================================================================================
[RUN] Input representation: raw_1d
[RUN] Pulse list: [30, 50, 70, 100, 300, 500, 700, 1000, 3000, 5000]
[RUN] Output directory: /scratch/lt28/qq002/Hierachical_battery_metadata_reconstruction/results/ablation/input_representation/raw_1d
==========================================================================================
[INFO] Device: cpu
[INFO] Input representation: raw_1d
[CACHE] Train tag: raw_train_c292c3d99a | hit=True
[CACHE] Test  tag: raw_test_4fc0cd64ff | hit=True
[WARN] Dropping 13 invalid rows from RAW_TRAIN.
[DATA] Final TRAIN samples = 68162 | unique IDs = 461
[DATA] Final VAL   samples = 510 | unique IDs = 51 (from TEST_RANDOM, IDs drawn from training IDs)
[DATA] Final TEST  samples = 1280 | unique IDs = 128
[NORM] Applied U1-U41 z-score using TRAIN statistics only.
[LABEL] Number of material-capacity classes: 8
[LABEL] Classes: ['LFP_35Ah', 'LFP_68Ah', 'LMO_10Ah', 'LMO_24Ah', 'LMO_25Ah', 'LMO_26Ah', 'NMC_15Ah', 'NMC_21Ah']
[RESUME-stage1_soc] start_epoch=200, best_score=0.845393, best_epoch=83
[stage1_soc] Loaded BEST checkpoint from epoch=83 | score=0.8453926473613833
[stage2_soh] epoch 000 | VAL cls=0.9843 | SOC MedAPE(raw)=7.463% | SOH MedAPE(raw)=3.948% | val_score=-0.546307
[stage2_soh] epoch 001 | VAL cls=0.9843 | SOC MedAPE(raw)=8.019% | SOH MedAPE(raw)=4.095% | val_score=-0.611035
[stage2_soh] epoch 002 | VAL cls=0.9824 | SOC MedAPE(raw)=6.802% | SOH MedAPE(raw)=2.615% | val_score=-0.570377
[stage2_soh] epoch 003 | VAL cls=0.9863 | SOC MedAPE(raw)=8.014% | SOH MedAPE(raw)=2.352% | val_score=-0.598468
[stage2_soh] epoch 004 | VAL cls=0.9843 | SOC MedAPE(raw)=7.310% | SOH MedAPE(raw)=2.218% | val_score=-0.564086
[stage2_soh] epoch 005 | VAL cls=0.9824 | SOC MedAPE(raw)=7.502% | SOH MedAPE(raw)=2.335% | val_score=-0.557190
[stage2_soh] epoch 006 | VAL cls=0.9863 | SOC MedAPE(raw)=7.624% | SOH MedAPE(raw)=2.349% | val_score=-0.598779
[stage2_soh] epoch 007 | VAL cls=0.9765 | SOC MedAPE(raw)=7.348% | SOH MedAPE(raw)=2.276% | val_score=-0.570482
[stage2_soh] epoch 008 | VAL cls=0.9843 | SOC MedAPE(raw)=7.999% | SOH MedAPE(raw)=2.502% | val_score=-0.561693
[stage2_soh] epoch 009 | VAL cls=0.9843 | SOC MedAPE(raw)=7.175% | SOH MedAPE(raw)=2.071% | val_score=-0.569063
[stage2_soh] epoch 010 | VAL cls=0.9804 | SOC MedAPE(raw)=7.794% | SOH MedAPE(raw)=1.835% | val_score=-0.575471
[stage2_soh] epoch 011 | VAL cls=0.9784 | SOC MedAPE(raw)=7.672% | SOH MedAPE(raw)=2.057% | val_score=-0.554521
[stage2_soh] epoch 012 | VAL cls=0.9882 | SOC MedAPE(raw)=7.678% | SOH MedAPE(raw)=2.174% | val_score=-0.550782
[stage2_soh] epoch 013 | VAL cls=0.9843 | SOC MedAPE(raw)=7.320% | SOH MedAPE(raw)=1.893% | val_score=-0.558194
[stage2_soh] epoch 014 | VAL cls=0.9843 | SOC MedAPE(raw)=7.985% | SOH MedAPE(raw)=2.178% | val_score=-0.597984
[stage2_soh] epoch 015 | VAL cls=0.9863 | SOC MedAPE(raw)=7.992% | SOH MedAPE(raw)=2.842% | val_score=-0.567821
[stage2_soh] epoch 016 | VAL cls=0.9804 | SOC MedAPE(raw)=8.000% | SOH MedAPE(raw)=1.995% | val_score=-0.561024
[stage2_soh] epoch 017 | VAL cls=0.9843 | SOC MedAPE(raw)=7.821% | SOH MedAPE(raw)=1.809% | val_score=-0.571807
[stage2_soh] epoch 018 | VAL cls=0.9863 | SOC MedAPE(raw)=7.188% | SOH MedAPE(raw)=2.139% | val_score=-0.581390
[stage2_soh] epoch 019 | VAL cls=0.9843 | SOC MedAPE(raw)=6.790% | SOH MedAPE(raw)=1.846% | val_score=-0.522936
[stage2_soh] epoch 020 | VAL cls=0.9843 | SOC MedAPE(raw)=8.160% | SOH MedAPE(raw)=1.971% | val_score=-0.531563
[stage2_soh] epoch 021 | VAL cls=0.9804 | SOC MedAPE(raw)=7.800% | SOH MedAPE(raw)=1.615% | val_score=-0.535623
[stage2_soh] epoch 022 | VAL cls=0.9843 | SOC MedAPE(raw)=7.375% | SOH MedAPE(raw)=1.890% | val_score=-0.544920
[stage2_soh] epoch 023 | VAL cls=0.9843 | SOC MedAPE(raw)=7.210% | SOH MedAPE(raw)=1.735% | val_score=-0.535822
[stage2_soh] epoch 024 | VAL cls=0.9843 | SOC MedAPE(raw)=7.330% | SOH MedAPE(raw)=1.755% | val_score=-0.517863
[stage2_soh] epoch 025 | VAL cls=0.9824 | SOC MedAPE(raw)=7.638% | SOH MedAPE(raw)=1.732% | val_score=-0.539171
[stage2_soh] epoch 026 | VAL cls=0.9863 | SOC MedAPE(raw)=7.712% | SOH MedAPE(raw)=1.903% | val_score=-0.522136
[stage2_soh] epoch 027 | VAL cls=0.9784 | SOC MedAPE(raw)=7.650% | SOH MedAPE(raw)=1.659% | val_score=-0.547479
[stage2_soh] epoch 028 | VAL cls=0.9784 | SOC MedAPE(raw)=7.633% | SOH MedAPE(raw)=2.036% | val_score=-0.520842
[stage2_soh] epoch 029 | VAL cls=0.9784 | SOC MedAPE(raw)=7.025% | SOH MedAPE(raw)=2.351% | val_score=-0.565595
[stage2_soh] epoch 030 | VAL cls=0.9824 | SOC MedAPE(raw)=7.499% | SOH MedAPE(raw)=1.810% | val_score=-0.520200
[stage2_soh] epoch 031 | VAL cls=0.9843 | SOC MedAPE(raw)=6.804% | SOH MedAPE(raw)=2.021% | val_score=-0.510860
[stage2_soh] epoch 032 | VAL cls=0.9824 | SOC MedAPE(raw)=7.817% | SOH MedAPE(raw)=2.149% | val_score=-0.518496
[stage2_soh] epoch 033 | VAL cls=0.9882 | SOC MedAPE(raw)=7.856% | SOH MedAPE(raw)=1.711% | val_score=-0.521182
[stage2_soh] epoch 034 | VAL cls=0.9863 | SOC MedAPE(raw)=7.833% | SOH MedAPE(raw)=1.800% | val_score=-0.544730
[stage2_soh] epoch 035 | VAL cls=0.9843 | SOC MedAPE(raw)=7.657% | SOH MedAPE(raw)=1.988% | val_score=-0.502186
[stage2_soh] epoch 036 | VAL cls=0.9804 | SOC MedAPE(raw)=7.419% | SOH MedAPE(raw)=2.156% | val_score=-0.517088
[stage2_soh] epoch 037 | VAL cls=0.9863 | SOC MedAPE(raw)=7.991% | SOH MedAPE(raw)=1.704% | val_score=-0.515425
[stage2_soh] epoch 038 | VAL cls=0.9804 | SOC MedAPE(raw)=7.746% | SOH MedAPE(raw)=1.741% | val_score=-0.525300
[stage2_soh] epoch 039 | VAL cls=0.9843 | SOC MedAPE(raw)=7.626% | SOH MedAPE(raw)=1.958% | val_score=-0.518649
[stage2_soh] epoch 040 | VAL cls=0.9863 | SOC MedAPE(raw)=7.433% | SOH MedAPE(raw)=1.914% | val_score=-0.487567
[stage2_soh] epoch 041 | VAL cls=0.9863 | SOC MedAPE(raw)=7.577% | SOH MedAPE(raw)=1.855% | val_score=-0.517632
[stage2_soh] epoch 042 | VAL cls=0.9843 | SOC MedAPE(raw)=7.480% | SOH MedAPE(raw)=2.009% | val_score=-0.520379
[stage2_soh] epoch 043 | VAL cls=0.9824 | SOC MedAPE(raw)=6.771% | SOH MedAPE(raw)=1.728% | val_score=-0.519911
[stage2_soh] epoch 044 | VAL cls=0.9784 | SOC MedAPE(raw)=7.828% | SOH MedAPE(raw)=2.104% | val_score=-0.528283
[stage2_soh] epoch 045 | VAL cls=0.9824 | SOC MedAPE(raw)=7.736% | SOH MedAPE(raw)=1.645% | val_score=-0.520641
[stage2_soh] epoch 046 | VAL cls=0.9784 | SOC MedAPE(raw)=7.868% | SOH MedAPE(raw)=1.872% | val_score=-0.540718
[stage2_soh] epoch 047 | VAL cls=0.9824 | SOC MedAPE(raw)=7.204% | SOH MedAPE(raw)=1.876% | val_score=-0.504760
[stage2_soh] epoch 048 | VAL cls=0.9863 | SOC MedAPE(raw)=7.450% | SOH MedAPE(raw)=1.813% | val_score=-0.528964
[stage2_soh] epoch 049 | VAL cls=0.9784 | SOC MedAPE(raw)=7.955% | SOH MedAPE(raw)=1.693% | val_score=-0.504170
[stage2_soh] epoch 050 | VAL cls=0.9824 | SOC MedAPE(raw)=7.659% | SOH MedAPE(raw)=1.823% | val_score=-0.511801
[stage2_soh] epoch 051 | VAL cls=0.9824 | SOC MedAPE(raw)=7.786% | SOH MedAPE(raw)=1.906% | val_score=-0.520893
[stage2_soh] epoch 052 | VAL cls=0.9863 | SOC MedAPE(raw)=8.004% | SOH MedAPE(raw)=1.772% | val_score=-0.510350
[stage2_soh] epoch 053 | VAL cls=0.9882 | SOC MedAPE(raw)=7.153% | SOH MedAPE(raw)=1.964% | val_score=-0.508711
[stage2_soh] epoch 054 | VAL cls=0.9804 | SOC MedAPE(raw)=6.335% | SOH MedAPE(raw)=1.912% | val_score=-0.517906
[stage2_soh] epoch 055 | VAL cls=0.9902 | SOC MedAPE(raw)=7.616% | SOH MedAPE(raw)=1.846% | val_score=-0.514321
[stage2_soh] epoch 056 | VAL cls=0.9824 | SOC MedAPE(raw)=7.944% | SOH MedAPE(raw)=1.744% | val_score=-0.522128
[stage2_soh] epoch 057 | VAL cls=0.9863 | SOC MedAPE(raw)=7.494% | SOH MedAPE(raw)=1.995% | val_score=-0.523289
[stage2_soh] epoch 058 | VAL cls=0.9863 | SOC MedAPE(raw)=7.665% | SOH MedAPE(raw)=2.060% | val_score=-0.512193
[stage2_soh] epoch 059 | VAL cls=0.9843 | SOC MedAPE(raw)=7.254% | SOH MedAPE(raw)=1.709% | val_score=-0.549506
[stage2_soh] epoch 060 | VAL cls=0.9824 | SOC MedAPE(raw)=8.034% | SOH MedAPE(raw)=1.972% | val_score=-0.531346
[stage2_soh] epoch 061 | VAL cls=0.9843 | SOC MedAPE(raw)=7.631% | SOH MedAPE(raw)=2.009% | val_score=-0.507362
[stage2_soh] epoch 062 | VAL cls=0.9843 | SOC MedAPE(raw)=7.261% | SOH MedAPE(raw)=1.843% | val_score=-0.550823
[stage2_soh] epoch 063 | VAL cls=0.9804 | SOC MedAPE(raw)=7.982% | SOH MedAPE(raw)=1.866% | val_score=-0.509334
[stage2_soh] epoch 064 | VAL cls=0.9824 | SOC MedAPE(raw)=6.551% | SOH MedAPE(raw)=1.793% | val_score=-0.544729
[stage2_soh] epoch 065 | VAL cls=0.9863 | SOC MedAPE(raw)=7.479% | SOH MedAPE(raw)=1.678% | val_score=-0.540660
[stage2_soh] epoch 066 | VAL cls=0.9882 | SOC MedAPE(raw)=8.210% | SOH MedAPE(raw)=1.866% | val_score=-0.545583
[stage2_soh] epoch 067 | VAL cls=0.9843 | SOC MedAPE(raw)=7.673% | SOH MedAPE(raw)=1.729% | val_score=-0.535291
[stage2_soh] epoch 068 | VAL cls=0.9843 | SOC MedAPE(raw)=7.217% | SOH MedAPE(raw)=1.757% | val_score=-0.539604
[stage2_soh] epoch 069 | VAL cls=0.9804 | SOC MedAPE(raw)=7.530% | SOH MedAPE(raw)=1.849% | val_score=-0.518487
[stage2_soh] epoch 070 | VAL cls=0.9882 | SOC MedAPE(raw)=7.434% | SOH MedAPE(raw)=1.712% | val_score=-0.537045
[stage2_soh] epoch 071 | VAL cls=0.9804 | SOC MedAPE(raw)=7.764% | SOH MedAPE(raw)=1.800% | val_score=-0.551606
[stage2_soh] epoch 072 | VAL cls=0.9882 | SOC MedAPE(raw)=7.435% | SOH MedAPE(raw)=1.887% | val_score=-0.523539
[stage2_soh] epoch 073 | VAL cls=0.9804 | SOC MedAPE(raw)=7.104% | SOH MedAPE(raw)=1.866% | val_score=-0.547485
[stage2_soh] epoch 074 | VAL cls=0.9843 | SOC MedAPE(raw)=7.640% | SOH MedAPE(raw)=1.779% | val_score=-0.540630
[stage2_soh] epoch 075 | VAL cls=0.9824 | SOC MedAPE(raw)=6.788% | SOH MedAPE(raw)=1.546% | val_score=-0.548564
[stage2_soh] epoch 076 | VAL cls=0.9843 | SOC MedAPE(raw)=7.610% | SOH MedAPE(raw)=1.652% | val_score=-0.541068
[stage2_soh] epoch 077 | VAL cls=0.9863 | SOC MedAPE(raw)=7.685% | SOH MedAPE(raw)=1.738% | val_score=-0.527078
[stage2_soh] epoch 078 | VAL cls=0.9863 | SOC MedAPE(raw)=7.484% | SOH MedAPE(raw)=1.535% | val_score=-0.548567
[stage2_soh] epoch 079 | VAL cls=0.9804 | SOC MedAPE(raw)=7.831% | SOH MedAPE(raw)=1.782% | val_score=-0.541049
[stage2_soh] epoch 080 | VAL cls=0.9843 | SOC MedAPE(raw)=7.143% | SOH MedAPE(raw)=1.559% | val_score=-0.537245
[stage2_soh] epoch 081 | VAL cls=0.9882 | SOC MedAPE(raw)=6.964% | SOH MedAPE(raw)=1.700% | val_score=-0.548621
[stage2_soh] epoch 082 | VAL cls=0.9843 | SOC MedAPE(raw)=7.823% | SOH MedAPE(raw)=1.648% | val_score=-0.557364
[stage2_soh] epoch 083 | VAL cls=0.9843 | SOC MedAPE(raw)=7.503% | SOH MedAPE(raw)=1.542% | val_score=-0.535562
[stage2_soh] epoch 084 | VAL cls=0.9843 | SOC MedAPE(raw)=7.490% | SOH MedAPE(raw)=1.622% | val_score=-0.533987
[stage2_soh] epoch 085 | VAL cls=0.9863 | SOC MedAPE(raw)=6.974% | SOH MedAPE(raw)=1.916% | val_score=-0.521169
[stage2_soh] epoch 086 | VAL cls=0.9863 | SOC MedAPE(raw)=7.775% | SOH MedAPE(raw)=1.777% | val_score=-0.548506
[stage2_soh] epoch 087 | VAL cls=0.9863 | SOC MedAPE(raw)=7.075% | SOH MedAPE(raw)=1.675% | val_score=-0.519263
[stage2_soh] epoch 088 | VAL cls=0.9843 | SOC MedAPE(raw)=7.421% | SOH MedAPE(raw)=1.695% | val_score=-0.513782
[stage2_soh] epoch 089 | VAL cls=0.9824 | SOC MedAPE(raw)=8.159% | SOH MedAPE(raw)=1.706% | val_score=-0.580058
[stage2_soh] epoch 090 | VAL cls=0.9824 | SOC MedAPE(raw)=7.299% | SOH MedAPE(raw)=1.609% | val_score=-0.535389
[stage2_soh] epoch 091 | VAL cls=0.9843 | SOC MedAPE(raw)=7.357% | SOH MedAPE(raw)=1.781% | val_score=-0.558122
[stage2_soh] epoch 092 | VAL cls=0.9765 | SOC MedAPE(raw)=7.396% | SOH MedAPE(raw)=1.935% | val_score=-0.539319
[stage2_soh] epoch 093 | VAL cls=0.9784 | SOC MedAPE(raw)=7.637% | SOH MedAPE(raw)=1.706% | val_score=-0.548388
[stage2_soh] epoch 094 | VAL cls=0.9863 | SOC MedAPE(raw)=7.890% | SOH MedAPE(raw)=1.736% | val_score=-0.512554
[stage2_soh] epoch 095 | VAL cls=0.9843 | SOC MedAPE(raw)=7.510% | SOH MedAPE(raw)=1.857% | val_score=-0.531788
[stage2_soh] epoch 096 | VAL cls=0.9843 | SOC MedAPE(raw)=6.168% | SOH MedAPE(raw)=1.788% | val_score=-0.565880
[stage2_soh] epoch 097 | VAL cls=0.9882 | SOC MedAPE(raw)=7.789% | SOH MedAPE(raw)=1.729% | val_score=-0.527775
[stage2_soh] epoch 098 | VAL cls=0.9824 | SOC MedAPE(raw)=7.397% | SOH MedAPE(raw)=1.790% | val_score=-0.506597
[stage2_soh] epoch 099 | VAL cls=0.9863 | SOC MedAPE(raw)=7.603% | SOH MedAPE(raw)=1.775% | val_score=-0.528684
[stage2_soh] Loaded BEST checkpoint from epoch=40 | score=-0.48756717228766905
[finetune] epoch 000 | VAL cls=0.9804 | SOC MedAPE(raw)=6.593% | SOH MedAPE(raw)=2.054% | val_score=0.880453
[finetune] epoch 001 | VAL cls=0.9373 | SOC MedAPE(raw)=7.840% | SOH MedAPE(raw)=1.928% | val_score=0.825038
[finetune] epoch 002 | VAL cls=0.9451 | SOC MedAPE(raw)=7.922% | SOH MedAPE(raw)=2.220% | val_score=0.838504
[finetune] epoch 003 | VAL cls=0.9765 | SOC MedAPE(raw)=7.651% | SOH MedAPE(raw)=2.308% | val_score=0.877086
[finetune] epoch 004 | VAL cls=0.9098 | SOC MedAPE(raw)=8.072% | SOH MedAPE(raw)=2.147% | val_score=0.797733
[finetune] epoch 005 | VAL cls=0.8804 | SOC MedAPE(raw)=11.195% | SOH MedAPE(raw)=2.526% | val_score=0.746693
[finetune] epoch 006 | VAL cls=0.9275 | SOC MedAPE(raw)=8.643% | SOH MedAPE(raw)=2.939% | val_score=0.806482
[finetune] epoch 007 | VAL cls=0.9784 | SOC MedAPE(raw)=6.873% | SOH MedAPE(raw)=1.977% | val_score=0.880752
[finetune] epoch 008 | VAL cls=0.9412 | SOC MedAPE(raw)=9.019% | SOH MedAPE(raw)=2.024% | val_score=0.826283
[finetune] epoch 009 | VAL cls=0.9725 | SOC MedAPE(raw)=7.713% | SOH MedAPE(raw)=2.119% | val_score=0.877087
[finetune] Loaded BEST checkpoint from epoch=7 | score=0.8807522853254091
[FINAL] Using BEST checkpoint from stage='finetune' | epoch=7 | score=0.8807522853254091
[FINAL] Stable test evaluation with n_mc_soc=500, n_mc_soh=500

[FINAL METRICS]
input_representation: raw_1d
final_stage: finetune
test_cls_acc: 0.9
test_soc_rmse: 0.423438590004332
test_soc_mae: 0.22322906200952275
test_soc_mape: 221.3408233969885
test_soc_medape: 13.98478765647268
test_soh_rmse: 0.3531914359718796
test_soh_mae: 0.22350188296131818
test_soh_mape: 107.5169788155927
test_soh_medape: 25.306505711505885
test_soc_rmse_raw: 9.413740919212993
test_soc_mae_raw: 4.962751636252804
test_soc_mape_raw: 11.98043721715456
test_soc_medape_raw: 5.3278220715471525
test_soh_rmse_raw: 0.03708347158252705
test_soh_mae_raw: 0.023466666745841545
test_soh_mape_raw: 2.9714543121985812
test_soh_medape_raw: 1.7411644755511313
n_train: 68162
n_test: 1280
num_classes: 8
device: cpu
elapsed_sec: 9216.615510225296

[SUMMARY]
   config input_representation  ... soc_medape_pct  soh_medape_pct
0  raw_1d               raw_1d  ...       5.327822        1.741164

[1 rows x 30 columns]
