[CONFIG] orders = ['M_SOC_SOH']
[CACHE] Train tag: raw_train_c292c3d99a | hit=False
[CACHE] Test  tag: raw_test_4fc0cd64ff | hit=False
[WARN] Dropping 13 invalid rows from RAW_TRAIN.
[DATA] TRAIN samples = 60625 | IDs = 410
[DATA] VAL   samples = 1020 | IDs = 102 (from TEST_RANDOM, IDs drawn from training IDs)
[DATA] TEST  samples = 1280 | IDs = 128
[DEVICE] cpu

==========================================================================================
[RUN] Hierarchy order: M_SOC_SOH
[RUN] Meaning: Material -> SOC -> SOH, proposed physical order
[RUN] Output directory: /scratch/lt28/qq002/Hierachical_battery_metadata_reconstruction/results/ablation/hierarchy_order_ablation/M_SOC_SOH
==========================================================================================
[M_SOC_SOH] epoch 000 | VAL cls=0.4618 | SOC MedAPE=21.849% | SOH MedAPE=9.640% | val_score=0.050467
[M_SOC_SOH] epoch 001 | VAL cls=0.5775 | SOC MedAPE=19.915% | SOH MedAPE=9.519% | val_score=0.187928
[M_SOC_SOH] epoch 002 | VAL cls=0.6010 | SOC MedAPE=16.363% | SOH MedAPE=8.070% | val_score=0.275945
[M_SOC_SOH] epoch 003 | VAL cls=0.6892 | SOC MedAPE=16.326% | SOH MedAPE=8.141% | val_score=0.363145
[M_SOC_SOH] epoch 004 | VAL cls=0.7588 | SOC MedAPE=14.668% | SOH MedAPE=7.143% | val_score=0.469271
[M_SOC_SOH] epoch 005 | VAL cls=0.7275 | SOC MedAPE=13.899% | SOH MedAPE=6.973% | val_score=0.448989
[M_SOC_SOH] epoch 006 | VAL cls=0.7412 | SOC MedAPE=13.039% | SOH MedAPE=7.676% | val_score=0.457261
[M_SOC_SOH] epoch 007 | VAL cls=0.7882 | SOC MedAPE=13.131% | SOH MedAPE=6.589% | val_score=0.525139
[M_SOC_SOH] epoch 008 | VAL cls=0.7882 | SOC MedAPE=13.367% | SOH MedAPE=5.775% | val_score=0.539061
[M_SOC_SOH] epoch 009 | VAL cls=0.7706 | SOC MedAPE=13.175% | SOH MedAPE=7.433% | val_score=0.490192
[M_SOC_SOH] epoch 010 | VAL cls=0.7647 | SOC MedAPE=11.954% | SOH MedAPE=5.644% | val_score=0.532280
[M_SOC_SOH] epoch 011 | VAL cls=0.7912 | SOC MedAPE=10.596% | SOH MedAPE=5.422% | val_score=0.576767
[M_SOC_SOH] epoch 012 | VAL cls=0.7863 | SOC MedAPE=11.553% | SOH MedAPE=5.958% | val_score=0.551584
[M_SOC_SOH] epoch 013 | VAL cls=0.7931 | SOC MedAPE=11.089% | SOH MedAPE=5.924% | val_score=0.563770
[M_SOC_SOH] epoch 014 | VAL cls=0.7873 | SOC MedAPE=11.957% | SOH MedAPE=5.674% | val_score=0.554206
[M_SOC_SOH] epoch 015 | VAL cls=0.7725 | SOC MedAPE=12.189% | SOH MedAPE=5.046% | val_score=0.549748
[M_SOC_SOH] epoch 016 | VAL cls=0.7765 | SOC MedAPE=11.063% | SOH MedAPE=5.529% | val_score=0.555269
[M_SOC_SOH] epoch 017 | VAL cls=0.8127 | SOC MedAPE=11.942% | SOH MedAPE=4.966% | val_score=0.594006
[M_SOC_SOH] epoch 018 | VAL cls=0.8284 | SOC MedAPE=9.393% | SOH MedAPE=5.009% | val_score=0.634322
[M_SOC_SOH] epoch 019 | VAL cls=0.8225 | SOC MedAPE=11.543% | SOH MedAPE=5.254% | val_score=0.602042
[M_SOC_SOH] epoch 020 | VAL cls=0.8147 | SOC MedAPE=11.624% | SOH MedAPE=4.985% | val_score=0.598755
[M_SOC_SOH] epoch 021 | VAL cls=0.8137 | SOC MedAPE=10.331% | SOH MedAPE=4.898% | val_score=0.612459
[M_SOC_SOH] epoch 022 | VAL cls=0.8412 | SOC MedAPE=9.999% | SOH MedAPE=4.466% | val_score=0.651868
[M_SOC_SOH] epoch 023 | VAL cls=0.8392 | SOC MedAPE=10.410% | SOH MedAPE=4.503% | val_score=0.645052
[M_SOC_SOH] epoch 024 | VAL cls=0.8529 | SOC MedAPE=9.918% | SOH MedAPE=4.709% | val_score=0.659579
[M_SOC_SOH] epoch 025 | VAL cls=0.8441 | SOC MedAPE=8.817% | SOH MedAPE=4.791% | val_score=0.660115
[M_SOC_SOH] epoch 026 | VAL cls=0.8451 | SOC MedAPE=8.873% | SOH MedAPE=4.238% | val_score=0.671616
[M_SOC_SOH] epoch 027 | VAL cls=0.8598 | SOC MedAPE=9.517% | SOH MedAPE=4.520% | val_score=0.674230
[M_SOC_SOH] epoch 028 | VAL cls=0.8725 | SOC MedAPE=9.091% | SOH MedAPE=4.313% | val_score=0.695392
[M_SOC_SOH] epoch 029 | VAL cls=0.8657 | SOC MedAPE=9.201% | SOH MedAPE=4.255% | val_score=0.688567
[FINAL] M_SOC_SOH stable test evaluation with n_mc_soc=500, n_mc_soh=500
[BEST] M_SOC_SOH
{'order': 'M_SOC_SOH', 'description': 'Material -> SOC -> SOH, proposed physical order', 'best_epoch': 28, 'best_score': 0.6953919560669596, 'cls_acc': 0.8296875, 'soc_rmse_raw': 8.847088550389435, 'soc_mae_raw': 5.117989949660715, 'soc_mape_raw': 13.087570122760019, 'soc_medape_raw': 7.665346032570735, 'soh_rmse_raw': 0.06836266738373546, 'soh_mae_raw': 0.04684759857764363, 'soh_mape_raw': 5.7722295783062565, 'soh_medape_raw': 3.1812713761962885, 'n_train': 60625, 'n_test': 1280, 'num_classes': 8, 'device': 'cpu', 'elapsed_sec': 1250.7013125419617}

[SUMMARY]
       order  ... soh_medape_change_pp_vs_proposed
0  M_SOC_SOH  ...                              0.0

[1 rows x 24 columns]
