[MODE] Running selected config only: P5_1000_3000_5000

[RUN] P5_1000_3000_5000 -> [1000, 3000, 5000]
[OUT] /scratch/lt28/qq002/Hierachical_battery_metadata_reconstruction/results/measurement_sensitivity/pulse_width/P5_1000_3000_5000
[INFO] Device: cpu
[CACHE] Train tag: raw_train_0bc5ef5c3b | hit=True
[CACHE] Test  tag: raw_test_2ee906b93f | hit=True
[WARN] Dropping 1 invalid rows from RAW_TRAIN.
[DATA] Final TRAIN samples = 20450 | unique IDs = 461
[DATA] Final VAL   samples = 153 | unique IDs = 51 (from TEST_RANDOM, IDs drawn from original TRAIN IDs)
[DATA] Final TEST  samples = 384 | unique IDs = 128 (same TEST IDs as the original split)
[NORM] Applied U1-U41 z-score using TRAIN statistics only.
[LABEL] Number of material-capacity classes: 8
[LABEL] Classes: ['LFP_35Ah', 'LFP_68Ah', 'LMO_10Ah', 'LMO_24Ah', 'LMO_25Ah', 'LMO_26Ah', 'NMC_15Ah', 'NMC_21Ah']
[RESUME-stage1_soc] start_epoch=35, best_score=0.783239, best_epoch=24
[stage1_soc] epoch 035 | VAL cls=0.7320, SOC MedAPE(raw)=9.374%, SOH MedAPE(raw)=22.933% | TEST cls=0.7344, SOC MedAPE(raw)=10.189%, SOH MedAPE(raw)=19.678% | val_score=0.618546
[stage1_soc] epoch 036 | VAL cls=0.8497, SOC MedAPE(raw)=9.682%, SOH MedAPE(raw)=22.418% | TEST cls=0.8151, SOC MedAPE(raw)=9.602%, SOH MedAPE(raw)=20.314% | val_score=0.743934
[stage1_soc] epoch 037 | VAL cls=0.8105, SOC MedAPE(raw)=10.890%, SOH MedAPE(raw)=23.655% | TEST cls=0.7943, SOC MedAPE(raw)=10.102%, SOH MedAPE(raw)=21.048% | val_score=0.693986
[stage1_soc] epoch 038 | VAL cls=0.8562, SOC MedAPE(raw)=10.372%, SOH MedAPE(raw)=23.413% | TEST cls=0.8229, SOC MedAPE(raw)=9.306%, SOH MedAPE(raw)=20.038% | val_score=0.733049
[stage1_soc] epoch 039 | VAL cls=0.8301, SOC MedAPE(raw)=9.157%, SOH MedAPE(raw)=21.386% | TEST cls=0.7917, SOC MedAPE(raw)=8.384%, SOH MedAPE(raw)=19.093% | val_score=0.724883
[stage1_soc] epoch 040 | VAL cls=0.8366, SOC MedAPE(raw)=8.226%, SOH MedAPE(raw)=22.503% | TEST cls=0.8464, SOC MedAPE(raw)=8.504%, SOH MedAPE(raw)=18.878% | val_score=0.738981
[stage1_soc] epoch 041 | VAL cls=0.8889, SOC MedAPE(raw)=10.055%, SOH MedAPE(raw)=22.493% | TEST cls=0.8177, SOC MedAPE(raw)=8.854%, SOH MedAPE(raw)=19.465% | val_score=0.785731
[stage1_soc] epoch 042 | VAL cls=0.8366, SOC MedAPE(raw)=8.093%, SOH MedAPE(raw)=22.943% | TEST cls=0.7943, SOC MedAPE(raw)=7.767%, SOH MedAPE(raw)=20.547% | val_score=0.734881
[stage1_soc] epoch 043 | VAL cls=0.8301, SOC MedAPE(raw)=9.040%, SOH MedAPE(raw)=19.229% | TEST cls=0.8047, SOC MedAPE(raw)=8.982%, SOH MedAPE(raw)=18.739% | val_score=0.730574
[stage1_soc] epoch 044 | VAL cls=0.8758, SOC MedAPE(raw)=7.704%, SOH MedAPE(raw)=21.845% | TEST cls=0.8385, SOC MedAPE(raw)=7.916%, SOH MedAPE(raw)=19.182% | val_score=0.773825
[stage1_soc] epoch 045 | VAL cls=0.9020, SOC MedAPE(raw)=11.123%, SOH MedAPE(raw)=23.477% | TEST cls=0.8307, SOC MedAPE(raw)=9.955%, SOH MedAPE(raw)=20.042% | val_score=0.776019
[stage1_soc] epoch 046 | VAL cls=0.8562, SOC MedAPE(raw)=9.296%, SOH MedAPE(raw)=22.254% | TEST cls=0.7943, SOC MedAPE(raw)=9.504%, SOH MedAPE(raw)=18.765% | val_score=0.745138
[stage1_soc] epoch 047 | VAL cls=0.8301, SOC MedAPE(raw)=10.862%, SOH MedAPE(raw)=22.569% | TEST cls=0.8099, SOC MedAPE(raw)=10.645%, SOH MedAPE(raw)=19.417% | val_score=0.710215
[stage1_soc] epoch 048 | VAL cls=0.8497, SOC MedAPE(raw)=9.435%, SOH MedAPE(raw)=22.888% | TEST cls=0.8333, SOC MedAPE(raw)=8.944%, SOH MedAPE(raw)=19.725% | val_score=0.739614
[stage1_soc] epoch 049 | VAL cls=0.8889, SOC MedAPE(raw)=7.555%, SOH MedAPE(raw)=22.783% | TEST cls=0.7526, SOC MedAPE(raw)=8.456%, SOH MedAPE(raw)=19.424% | val_score=0.781537
[stage1_soc] epoch 050 | VAL cls=0.8824, SOC MedAPE(raw)=9.620%, SOH MedAPE(raw)=22.623% | TEST cls=0.8516, SOC MedAPE(raw)=9.234%, SOH MedAPE(raw)=20.118% | val_score=0.764845
[stage1_soc] epoch 051 | VAL cls=0.9020, SOC MedAPE(raw)=9.495%, SOH MedAPE(raw)=21.533% | TEST cls=0.8307, SOC MedAPE(raw)=8.525%, SOH MedAPE(raw)=20.071% | val_score=0.784565
[stage1_soc] epoch 052 | VAL cls=0.8693, SOC MedAPE(raw)=7.910%, SOH MedAPE(raw)=20.619% | TEST cls=0.8333, SOC MedAPE(raw)=7.518%, SOH MedAPE(raw)=18.893% | val_score=0.768767
[stage1_soc] epoch 053 | VAL cls=0.8366, SOC MedAPE(raw)=10.035%, SOH MedAPE(raw)=20.971% | TEST cls=0.8073, SOC MedAPE(raw)=9.198%, SOH MedAPE(raw)=19.892% | val_score=0.732717
[stage1_soc] epoch 054 | VAL cls=0.9281, SOC MedAPE(raw)=8.349%, SOH MedAPE(raw)=21.467% | TEST cls=0.8438, SOC MedAPE(raw)=8.933%, SOH MedAPE(raw)=18.616% | val_score=0.823754
[stage1_soc] epoch 055 | VAL cls=0.8758, SOC MedAPE(raw)=9.517%, SOH MedAPE(raw)=23.382% | TEST cls=0.8464, SOC MedAPE(raw)=8.278%, SOH MedAPE(raw)=19.533% | val_score=0.769065
[stage1_soc] epoch 056 | VAL cls=0.7908, SOC MedAPE(raw)=9.810%, SOH MedAPE(raw)=21.932% | TEST cls=0.8047, SOC MedAPE(raw)=8.198%, SOH MedAPE(raw)=19.670% | val_score=0.679544
[stage1_soc] epoch 057 | VAL cls=0.8824, SOC MedAPE(raw)=7.917%, SOH MedAPE(raw)=20.780% | TEST cls=0.8229, SOC MedAPE(raw)=8.788%, SOH MedAPE(raw)=18.577% | val_score=0.776664
[stage1_soc] epoch 058 | VAL cls=0.9085, SOC MedAPE(raw)=8.149%, SOH MedAPE(raw)=21.240% | TEST cls=0.8490, SOC MedAPE(raw)=8.233%, SOH MedAPE(raw)=19.662% | val_score=0.809123
[stage1_soc] epoch 059 | VAL cls=0.8824, SOC MedAPE(raw)=10.048%, SOH MedAPE(raw)=22.158% | TEST cls=0.8359, SOC MedAPE(raw)=8.855%, SOH MedAPE(raw)=19.465% | val_score=0.769604
[stage1_soc] epoch 060 | VAL cls=0.8954, SOC MedAPE(raw)=9.469%, SOH MedAPE(raw)=21.680% | TEST cls=0.8021, SOC MedAPE(raw)=9.657%, SOH MedAPE(raw)=19.601% | val_score=0.785545
[stage1_soc] epoch 061 | VAL cls=0.8562, SOC MedAPE(raw)=11.111%, SOH MedAPE(raw)=21.642% | TEST cls=0.7865, SOC MedAPE(raw)=8.678%, SOH MedAPE(raw)=18.948% | val_score=0.755189
[stage1_soc] epoch 062 | VAL cls=0.8497, SOC MedAPE(raw)=7.805%, SOH MedAPE(raw)=21.144% | TEST cls=0.8464, SOC MedAPE(raw)=7.546%, SOH MedAPE(raw)=19.126% | val_score=0.755168
[stage1_soc] epoch 063 | VAL cls=0.9085, SOC MedAPE(raw)=8.324%, SOH MedAPE(raw)=21.018% | TEST cls=0.8490, SOC MedAPE(raw)=7.819%, SOH MedAPE(raw)=17.391% | val_score=0.812319
[stage1_soc] epoch 064 | VAL cls=0.9281, SOC MedAPE(raw)=9.960%, SOH MedAPE(raw)=21.478% | TEST cls=0.8438, SOC MedAPE(raw)=8.663%, SOH MedAPE(raw)=18.715% | val_score=0.820295
[stage1_soc] epoch 065 | VAL cls=0.9020, SOC MedAPE(raw)=8.227%, SOH MedAPE(raw)=22.202% | TEST cls=0.8698, SOC MedAPE(raw)=8.470%, SOH MedAPE(raw)=19.215% | val_score=0.804070
[stage1_soc] epoch 066 | VAL cls=0.8758, SOC MedAPE(raw)=8.765%, SOH MedAPE(raw)=22.699% | TEST cls=0.8516, SOC MedAPE(raw)=7.510%, SOH MedAPE(raw)=20.101% | val_score=0.776409
[stage1_soc] epoch 067 | VAL cls=0.8105, SOC MedAPE(raw)=8.025%, SOH MedAPE(raw)=21.263% | TEST cls=0.7682, SOC MedAPE(raw)=7.568%, SOH MedAPE(raw)=18.599% | val_score=0.704335
[stage1_soc] epoch 068 | VAL cls=0.8889, SOC MedAPE(raw)=7.977%, SOH MedAPE(raw)=22.608% | TEST cls=0.8542, SOC MedAPE(raw)=8.103%, SOH MedAPE(raw)=19.909% | val_score=0.786802
[stage1_soc] epoch 069 | VAL cls=0.9281, SOC MedAPE(raw)=9.482%, SOH MedAPE(raw)=22.407% | TEST cls=0.8359, SOC MedAPE(raw)=8.499%, SOH MedAPE(raw)=19.077% | val_score=0.820789
[stage1_soc] epoch 070 | VAL cls=0.9020, SOC MedAPE(raw)=9.075%, SOH MedAPE(raw)=22.111% | TEST cls=0.8438, SOC MedAPE(raw)=7.505%, SOH MedAPE(raw)=19.123% | val_score=0.801976
[stage1_soc] epoch 071 | VAL cls=0.9216, SOC MedAPE(raw)=8.945%, SOH MedAPE(raw)=21.217% | TEST cls=0.8802, SOC MedAPE(raw)=7.587%, SOH MedAPE(raw)=18.640% | val_score=0.821127
[stage1_soc] epoch 072 | VAL cls=0.8627, SOC MedAPE(raw)=9.668%, SOH MedAPE(raw)=20.942% | TEST cls=0.8464, SOC MedAPE(raw)=7.387%, SOH MedAPE(raw)=19.433% | val_score=0.758235
[stage1_soc] epoch 073 | VAL cls=0.8301, SOC MedAPE(raw)=7.498%, SOH MedAPE(raw)=21.699% | TEST cls=0.8438, SOC MedAPE(raw)=7.883%, SOH MedAPE(raw)=19.918% | val_score=0.737518
[stage1_soc] epoch 074 | VAL cls=0.9346, SOC MedAPE(raw)=10.553%, SOH MedAPE(raw)=19.392% | TEST cls=0.8672, SOC MedAPE(raw)=9.750%, SOH MedAPE(raw)=18.895% | val_score=0.826684
[stage1_soc] epoch 075 | VAL cls=0.9346, SOC MedAPE(raw)=9.346%, SOH MedAPE(raw)=20.909% | TEST cls=0.8802, SOC MedAPE(raw)=7.591%, SOH MedAPE(raw)=18.124% | val_score=0.830412
[stage1_soc] epoch 076 | VAL cls=0.8824, SOC MedAPE(raw)=7.598%, SOH MedAPE(raw)=20.999% | TEST cls=0.8516, SOC MedAPE(raw)=7.619%, SOH MedAPE(raw)=19.628% | val_score=0.780395
[stage1_soc] epoch 077 | VAL cls=0.9673, SOC MedAPE(raw)=6.929%, SOH MedAPE(raw)=20.647% | TEST cls=0.8828, SOC MedAPE(raw)=6.877%, SOH MedAPE(raw)=17.727% | val_score=0.871925
[stage1_soc] epoch 078 | VAL cls=0.9477, SOC MedAPE(raw)=6.709%, SOH MedAPE(raw)=20.367% | TEST cls=0.8411, SOC MedAPE(raw)=6.840%, SOH MedAPE(raw)=18.944% | val_score=0.851434
[stage1_soc] epoch 079 | VAL cls=0.9477, SOC MedAPE(raw)=8.519%, SOH MedAPE(raw)=20.338% | TEST cls=0.9010, SOC MedAPE(raw)=8.168%, SOH MedAPE(raw)=18.339% | val_score=0.846388
[stage1_soc] epoch 080 | VAL cls=0.9085, SOC MedAPE(raw)=8.939%, SOH MedAPE(raw)=19.637% | TEST cls=0.8750, SOC MedAPE(raw)=7.635%, SOH MedAPE(raw)=18.257% | val_score=0.802787
[stage1_soc] epoch 081 | VAL cls=0.9542, SOC MedAPE(raw)=7.296%, SOH MedAPE(raw)=19.598% | TEST cls=0.8958, SOC MedAPE(raw)=6.871%, SOH MedAPE(raw)=18.438% | val_score=0.859822
[stage1_soc] epoch 082 | VAL cls=0.7647, SOC MedAPE(raw)=9.056%, SOH MedAPE(raw)=21.366% | TEST cls=0.8125, SOC MedAPE(raw)=8.764%, SOH MedAPE(raw)=18.269% | val_score=0.659399
[stage1_soc] epoch 083 | VAL cls=0.9085, SOC MedAPE(raw)=8.366%, SOH MedAPE(raw)=21.318% | TEST cls=0.8542, SOC MedAPE(raw)=7.047%, SOH MedAPE(raw)=18.327% | val_score=0.822408
[stage1_soc] epoch 084 | VAL cls=0.9216, SOC MedAPE(raw)=6.776%, SOH MedAPE(raw)=19.239% | TEST cls=0.8672, SOC MedAPE(raw)=7.313%, SOH MedAPE(raw)=17.523% | val_score=0.840271
[stage1_soc] epoch 085 | VAL cls=0.9477, SOC MedAPE(raw)=6.851%, SOH MedAPE(raw)=19.323% | TEST cls=0.8828, SOC MedAPE(raw)=7.118%, SOH MedAPE(raw)=17.772% | val_score=0.858680
[stage1_soc] epoch 086 | VAL cls=0.9085, SOC MedAPE(raw)=7.000%, SOH MedAPE(raw)=20.909% | TEST cls=0.8646, SOC MedAPE(raw)=7.142%, SOH MedAPE(raw)=19.214% | val_score=0.824437
[stage1_soc] epoch 087 | VAL cls=0.8105, SOC MedAPE(raw)=9.006%, SOH MedAPE(raw)=19.939% | TEST cls=0.8516, SOC MedAPE(raw)=7.724%, SOH MedAPE(raw)=17.888% | val_score=0.709634
[stage1_soc] epoch 088 | VAL cls=0.9216, SOC MedAPE(raw)=8.577%, SOH MedAPE(raw)=21.328% | TEST cls=0.8672, SOC MedAPE(raw)=7.616%, SOH MedAPE(raw)=18.069% | val_score=0.829393
[stage1_soc] epoch 089 | VAL cls=0.9020, SOC MedAPE(raw)=8.273%, SOH MedAPE(raw)=21.881% | TEST cls=0.8490, SOC MedAPE(raw)=8.680%, SOH MedAPE(raw)=18.869% | val_score=0.797568
[stage1_soc] epoch 090 | VAL cls=0.9346, SOC MedAPE(raw)=10.090%, SOH MedAPE(raw)=19.400% | TEST cls=0.8750, SOC MedAPE(raw)=8.355%, SOH MedAPE(raw)=16.779% | val_score=0.834679
[stage1_soc] epoch 091 | VAL cls=0.9216, SOC MedAPE(raw)=7.294%, SOH MedAPE(raw)=20.163% | TEST cls=0.8750, SOC MedAPE(raw)=6.604%, SOH MedAPE(raw)=18.063% | val_score=0.830465
[stage1_soc] epoch 092 | VAL cls=0.8105, SOC MedAPE(raw)=8.653%, SOH MedAPE(raw)=21.297% | TEST cls=0.8516, SOC MedAPE(raw)=6.903%, SOH MedAPE(raw)=19.726% | val_score=0.715843
[stage1_soc] epoch 093 | VAL cls=0.8693, SOC MedAPE(raw)=6.843%, SOH MedAPE(raw)=19.469% | TEST cls=0.8438, SOC MedAPE(raw)=6.509%, SOH MedAPE(raw)=18.503% | val_score=0.781171
[stage1_soc] epoch 094 | VAL cls=0.8431, SOC MedAPE(raw)=11.271%, SOH MedAPE(raw)=21.367% | TEST cls=0.7682, SOC MedAPE(raw)=8.692%, SOH MedAPE(raw)=19.306% | val_score=0.699350
[stage1_soc] epoch 095 | VAL cls=0.9150, SOC MedAPE(raw)=7.897%, SOH MedAPE(raw)=20.524% | TEST cls=0.8880, SOC MedAPE(raw)=7.042%, SOH MedAPE(raw)=18.799% | val_score=0.821221
[stage1_soc] epoch 096 | VAL cls=0.9608, SOC MedAPE(raw)=8.125%, SOH MedAPE(raw)=19.812% | TEST cls=0.8932, SOC MedAPE(raw)=8.487%, SOH MedAPE(raw)=18.422% | val_score=0.857561
[stage1_soc] epoch 097 | VAL cls=0.9020, SOC MedAPE(raw)=8.085%, SOH MedAPE(raw)=19.291% | TEST cls=0.9010, SOC MedAPE(raw)=6.364%, SOH MedAPE(raw)=18.458% | val_score=0.799193
[stage1_soc] epoch 098 | VAL cls=0.9477, SOC MedAPE(raw)=6.940%, SOH MedAPE(raw)=20.456% | TEST cls=0.8802, SOC MedAPE(raw)=6.695%, SOH MedAPE(raw)=18.410% | val_score=0.851476
[stage1_soc] epoch 099 | VAL cls=0.8954, SOC MedAPE(raw)=7.826%, SOH MedAPE(raw)=20.975% | TEST cls=0.8750, SOC MedAPE(raw)=7.940%, SOH MedAPE(raw)=18.998% | val_score=0.799731
[stage1_soc] epoch 100 | VAL cls=0.9477, SOC MedAPE(raw)=8.257%, SOH MedAPE(raw)=19.751% | TEST cls=0.8776, SOC MedAPE(raw)=7.967%, SOH MedAPE(raw)=16.598% | val_score=0.840337
[stage1_soc] epoch 101 | VAL cls=0.8824, SOC MedAPE(raw)=7.936%, SOH MedAPE(raw)=18.917% | TEST cls=0.8568, SOC MedAPE(raw)=7.634%, SOH MedAPE(raw)=16.605% | val_score=0.783528
[stage1_soc] epoch 102 | VAL cls=0.9216, SOC MedAPE(raw)=7.826%, SOH MedAPE(raw)=19.725% | TEST cls=0.8776, SOC MedAPE(raw)=7.214%, SOH MedAPE(raw)=18.004% | val_score=0.816733
[stage1_soc] epoch 103 | VAL cls=0.9346, SOC MedAPE(raw)=6.465%, SOH MedAPE(raw)=20.276% | TEST cls=0.8958, SOC MedAPE(raw)=7.081%, SOH MedAPE(raw)=18.574% | val_score=0.846794
[stage1_soc] epoch 104 | VAL cls=0.8366, SOC MedAPE(raw)=8.072%, SOH MedAPE(raw)=21.388% | TEST cls=0.7917, SOC MedAPE(raw)=8.008%, SOH MedAPE(raw)=19.861% | val_score=0.735084
[stage1_soc] epoch 105 | VAL cls=0.9150, SOC MedAPE(raw)=6.727%, SOH MedAPE(raw)=18.890% | TEST cls=0.8672, SOC MedAPE(raw)=6.587%, SOH MedAPE(raw)=16.908% | val_score=0.824196
[stage1_soc] epoch 106 | VAL cls=0.8824, SOC MedAPE(raw)=7.257%, SOH MedAPE(raw)=19.018% | TEST cls=0.8698, SOC MedAPE(raw)=7.170%, SOH MedAPE(raw)=17.251% | val_score=0.784506
[stage1_soc] epoch 107 | VAL cls=0.8366, SOC MedAPE(raw)=7.359%, SOH MedAPE(raw)=21.554% | TEST cls=0.8750, SOC MedAPE(raw)=6.582%, SOH MedAPE(raw)=19.126% | val_score=0.742955
[stage1_soc] epoch 108 | VAL cls=0.9085, SOC MedAPE(raw)=8.202%, SOH MedAPE(raw)=20.412% | TEST cls=0.8620, SOC MedAPE(raw)=7.622%, SOH MedAPE(raw)=17.522% | val_score=0.804946
[stage1_soc] epoch 109 | VAL cls=0.9346, SOC MedAPE(raw)=7.380%, SOH MedAPE(raw)=19.622% | TEST cls=0.8802, SOC MedAPE(raw)=7.050%, SOH MedAPE(raw)=17.533% | val_score=0.840256
[stage1_soc] epoch 110 | VAL cls=0.9020, SOC MedAPE(raw)=8.978%, SOH MedAPE(raw)=19.653% | TEST cls=0.9036, SOC MedAPE(raw)=8.103%, SOH MedAPE(raw)=17.968% | val_score=0.806350
[stage1_soc] epoch 111 | VAL cls=0.8889, SOC MedAPE(raw)=9.257%, SOH MedAPE(raw)=19.528% | TEST cls=0.8698, SOC MedAPE(raw)=8.106%, SOH MedAPE(raw)=18.711% | val_score=0.772042
[stage1_soc] epoch 112 | VAL cls=0.9608, SOC MedAPE(raw)=7.017%, SOH MedAPE(raw)=18.195% | TEST cls=0.8906, SOC MedAPE(raw)=6.966%, SOH MedAPE(raw)=15.768% | val_score=0.859713
[stage1_soc] epoch 113 | VAL cls=0.9412, SOC MedAPE(raw)=6.776%, SOH MedAPE(raw)=18.149% | TEST cls=0.9141, SOC MedAPE(raw)=6.022%, SOH MedAPE(raw)=17.378% | val_score=0.848816
[stage1_soc] epoch 114 | VAL cls=0.9216, SOC MedAPE(raw)=7.972%, SOH MedAPE(raw)=19.427% | TEST cls=0.8724, SOC MedAPE(raw)=6.607%, SOH MedAPE(raw)=16.972% | val_score=0.821546
[stage1_soc] epoch 115 | VAL cls=0.9085, SOC MedAPE(raw)=6.011%, SOH MedAPE(raw)=19.655% | TEST cls=0.8854, SOC MedAPE(raw)=6.598%, SOH MedAPE(raw)=17.391% | val_score=0.814900
[stage1_soc] epoch 116 | VAL cls=0.9085, SOC MedAPE(raw)=7.690%, SOH MedAPE(raw)=19.021% | TEST cls=0.9115, SOC MedAPE(raw)=6.929%, SOH MedAPE(raw)=16.991% | val_score=0.808750
[stage1_soc] epoch 117 | VAL cls=0.9020, SOC MedAPE(raw)=7.456%, SOH MedAPE(raw)=20.095% | TEST cls=0.9062, SOC MedAPE(raw)=7.181%, SOH MedAPE(raw)=16.676% | val_score=0.815063
[stage1_soc] epoch 118 | VAL cls=0.7190, SOC MedAPE(raw)=10.067%, SOH MedAPE(raw)=20.339% | TEST cls=0.8255, SOC MedAPE(raw)=6.728%, SOH MedAPE(raw)=18.361% | val_score=0.622759
[stage1_soc] epoch 119 | VAL cls=0.9673, SOC MedAPE(raw)=8.768%, SOH MedAPE(raw)=18.672% | TEST cls=0.8385, SOC MedAPE(raw)=6.728%, SOH MedAPE(raw)=16.906% | val_score=0.864199
[stage1_soc] epoch 120 | VAL cls=0.9477, SOC MedAPE(raw)=7.275%, SOH MedAPE(raw)=21.146% | TEST cls=0.9219, SOC MedAPE(raw)=5.914%, SOH MedAPE(raw)=17.426% | val_score=0.855908
[stage1_soc] epoch 121 | VAL cls=0.9935, SOC MedAPE(raw)=7.762%, SOH MedAPE(raw)=18.862% | TEST cls=0.9271, SOC MedAPE(raw)=7.782%, SOH MedAPE(raw)=17.134% | val_score=0.895564
[stage1_soc] epoch 122 | VAL cls=0.9085, SOC MedAPE(raw)=10.692%, SOH MedAPE(raw)=19.856% | TEST cls=0.8776, SOC MedAPE(raw)=6.990%, SOH MedAPE(raw)=17.180% | val_score=0.795878
[stage1_soc] epoch 123 | VAL cls=0.8889, SOC MedAPE(raw)=7.646%, SOH MedAPE(raw)=20.943% | TEST cls=0.8568, SOC MedAPE(raw)=7.361%, SOH MedAPE(raw)=17.532% | val_score=0.778384
[stage1_soc] epoch 124 | VAL cls=0.9804, SOC MedAPE(raw)=5.184%, SOH MedAPE(raw)=19.448% | TEST cls=0.9010, SOC MedAPE(raw)=6.540%, SOH MedAPE(raw)=17.062% | val_score=0.899407
[stage1_soc] epoch 125 | VAL cls=0.9608, SOC MedAPE(raw)=8.445%, SOH MedAPE(raw)=19.278% | TEST cls=0.9167, SOC MedAPE(raw)=6.758%, SOH MedAPE(raw)=17.148% | val_score=0.865574
[stage1_soc] epoch 126 | VAL cls=0.8954, SOC MedAPE(raw)=6.774%, SOH MedAPE(raw)=19.752% | TEST cls=0.8698, SOC MedAPE(raw)=6.178%, SOH MedAPE(raw)=17.459% | val_score=0.810333
[stage1_soc] epoch 127 | VAL cls=0.7843, SOC MedAPE(raw)=8.999%, SOH MedAPE(raw)=20.159% | TEST cls=0.7891, SOC MedAPE(raw)=7.325%, SOH MedAPE(raw)=16.776% | val_score=0.688299
[stage1_soc] epoch 128 | VAL cls=0.9281, SOC MedAPE(raw)=6.329%, SOH MedAPE(raw)=20.326% | TEST cls=0.8984, SOC MedAPE(raw)=6.606%, SOH MedAPE(raw)=17.291% | val_score=0.839772
[stage1_soc] epoch 129 | VAL cls=0.8693, SOC MedAPE(raw)=8.112%, SOH MedAPE(raw)=20.773% | TEST cls=0.8516, SOC MedAPE(raw)=6.904%, SOH MedAPE(raw)=17.771% | val_score=0.743440
[stage1_soc] epoch 130 | VAL cls=0.9020, SOC MedAPE(raw)=7.966%, SOH MedAPE(raw)=18.890% | TEST cls=0.8984, SOC MedAPE(raw)=6.427%, SOH MedAPE(raw)=17.382% | val_score=0.813720
[stage1_soc] epoch 131 | VAL cls=0.9542, SOC MedAPE(raw)=5.839%, SOH MedAPE(raw)=19.956% | TEST cls=0.9167, SOC MedAPE(raw)=6.090%, SOH MedAPE(raw)=17.093% | val_score=0.874136
[stage1_soc] epoch 132 | VAL cls=0.8954, SOC MedAPE(raw)=8.426%, SOH MedAPE(raw)=20.074% | TEST cls=0.8906, SOC MedAPE(raw)=6.825%, SOH MedAPE(raw)=17.365% | val_score=0.806429
[stage1_soc] epoch 133 | VAL cls=0.8889, SOC MedAPE(raw)=6.954%, SOH MedAPE(raw)=19.655% | TEST cls=0.8958, SOC MedAPE(raw)=6.244%, SOH MedAPE(raw)=17.360% | val_score=0.795192
[stage1_soc] epoch 134 | VAL cls=0.8889, SOC MedAPE(raw)=7.536%, SOH MedAPE(raw)=19.477% | TEST cls=0.8906, SOC MedAPE(raw)=6.222%, SOH MedAPE(raw)=17.152% | val_score=0.793925
[stage1_soc] epoch 135 | VAL cls=0.8889, SOC MedAPE(raw)=8.504%, SOH MedAPE(raw)=19.827% | TEST cls=0.8542, SOC MedAPE(raw)=6.960%, SOH MedAPE(raw)=17.412% | val_score=0.793430
[stage1_soc] epoch 136 | VAL cls=0.9477, SOC MedAPE(raw)=7.501%, SOH MedAPE(raw)=19.276% | TEST cls=0.8958, SOC MedAPE(raw)=6.793%, SOH MedAPE(raw)=16.217% | val_score=0.840492
[stage1_soc] epoch 137 | VAL cls=0.8366, SOC MedAPE(raw)=8.612%, SOH MedAPE(raw)=19.994% | TEST cls=0.8776, SOC MedAPE(raw)=6.980%, SOH MedAPE(raw)=16.884% | val_score=0.739029
[stage1_soc] epoch 138 | VAL cls=0.9346, SOC MedAPE(raw)=5.567%, SOH MedAPE(raw)=17.919% | TEST cls=0.8958, SOC MedAPE(raw)=6.622%, SOH MedAPE(raw)=16.901% | val_score=0.844910
[stage1_soc] epoch 139 | VAL cls=0.9281, SOC MedAPE(raw)=8.306%, SOH MedAPE(raw)=20.195% | TEST cls=0.9089, SOC MedAPE(raw)=6.552%, SOH MedAPE(raw)=17.322% | val_score=0.832980
[stage1_soc] epoch 140 | VAL cls=0.8889, SOC MedAPE(raw)=8.650%, SOH MedAPE(raw)=17.870% | TEST cls=0.8984, SOC MedAPE(raw)=7.130%, SOH MedAPE(raw)=15.063% | val_score=0.792307
[stage1_soc] epoch 141 | VAL cls=0.9216, SOC MedAPE(raw)=10.064%, SOH MedAPE(raw)=17.882% | TEST cls=0.8750, SOC MedAPE(raw)=7.521%, SOH MedAPE(raw)=16.468% | val_score=0.823623
[stage1_soc] epoch 142 | VAL cls=0.8693, SOC MedAPE(raw)=7.939%, SOH MedAPE(raw)=18.232% | TEST cls=0.8932, SOC MedAPE(raw)=7.156%, SOH MedAPE(raw)=16.846% | val_score=0.781618
[stage1_soc] epoch 143 | VAL cls=0.7843, SOC MedAPE(raw)=7.916%, SOH MedAPE(raw)=20.314% | TEST cls=0.8411, SOC MedAPE(raw)=6.985%, SOH MedAPE(raw)=17.818% | val_score=0.689974
[stage1_soc] epoch 144 | VAL cls=0.9542, SOC MedAPE(raw)=6.796%, SOH MedAPE(raw)=18.192% | TEST cls=0.9193, SOC MedAPE(raw)=6.153%, SOH MedAPE(raw)=16.492% | val_score=0.853210
[stage1_soc] epoch 145 | VAL cls=0.8889, SOC MedAPE(raw)=7.355%, SOH MedAPE(raw)=19.597% | TEST cls=0.8464, SOC MedAPE(raw)=6.841%, SOH MedAPE(raw)=17.524% | val_score=0.790043
[stage1_soc] epoch 146 | VAL cls=0.9542, SOC MedAPE(raw)=6.532%, SOH MedAPE(raw)=19.599% | TEST cls=0.9141, SOC MedAPE(raw)=6.094%, SOH MedAPE(raw)=17.008% | val_score=0.868888
[stage1_soc] epoch 147 | VAL cls=0.9542, SOC MedAPE(raw)=7.750%, SOH MedAPE(raw)=19.194% | TEST cls=0.9167, SOC MedAPE(raw)=7.043%, SOH MedAPE(raw)=16.076% | val_score=0.853132
[stage1_soc] epoch 148 | VAL cls=0.9085, SOC MedAPE(raw)=5.690%, SOH MedAPE(raw)=19.041% | TEST cls=0.8880, SOC MedAPE(raw)=7.089%, SOH MedAPE(raw)=16.880% | val_score=0.817779
[stage1_soc] epoch 149 | VAL cls=0.8431, SOC MedAPE(raw)=7.634%, SOH MedAPE(raw)=19.212% | TEST cls=0.8490, SOC MedAPE(raw)=7.670%, SOH MedAPE(raw)=17.024% | val_score=0.747005
[stage1_soc] epoch 150 | VAL cls=0.9085, SOC MedAPE(raw)=6.747%, SOH MedAPE(raw)=18.143% | TEST cls=0.8698, SOC MedAPE(raw)=7.292%, SOH MedAPE(raw)=16.863% | val_score=0.815463
[stage1_soc] epoch 151 | VAL cls=0.9673, SOC MedAPE(raw)=6.573%, SOH MedAPE(raw)=18.820% | TEST cls=0.9193, SOC MedAPE(raw)=6.162%, SOH MedAPE(raw)=16.614% | val_score=0.878004
[stage1_soc] epoch 152 | VAL cls=0.9412, SOC MedAPE(raw)=7.802%, SOH MedAPE(raw)=18.539% | TEST cls=0.8906, SOC MedAPE(raw)=7.302%, SOH MedAPE(raw)=16.349% | val_score=0.849823
[stage1_soc] epoch 153 | VAL cls=0.9673, SOC MedAPE(raw)=6.878%, SOH MedAPE(raw)=18.548% | TEST cls=0.9245, SOC MedAPE(raw)=5.986%, SOH MedAPE(raw)=16.095% | val_score=0.889031
[stage1_soc] epoch 154 | VAL cls=0.8693, SOC MedAPE(raw)=7.227%, SOH MedAPE(raw)=18.893% | TEST cls=0.8516, SOC MedAPE(raw)=6.209%, SOH MedAPE(raw)=16.694% | val_score=0.774869
[stage1_soc] epoch 155 | VAL cls=0.9542, SOC MedAPE(raw)=6.440%, SOH MedAPE(raw)=19.056% | TEST cls=0.9375, SOC MedAPE(raw)=5.524%, SOH MedAPE(raw)=15.926% | val_score=0.871521
[stage1_soc] epoch 156 | VAL cls=0.9150, SOC MedAPE(raw)=6.706%, SOH MedAPE(raw)=18.395% | TEST cls=0.8698, SOC MedAPE(raw)=6.703%, SOH MedAPE(raw)=17.127% | val_score=0.813553
[stage1_soc] epoch 157 | VAL cls=0.9281, SOC MedAPE(raw)=6.852%, SOH MedAPE(raw)=19.174% | TEST cls=0.9036, SOC MedAPE(raw)=6.100%, SOH MedAPE(raw)=16.194% | val_score=0.844568
[stage1_soc] epoch 158 | VAL cls=0.9216, SOC MedAPE(raw)=9.091%, SOH MedAPE(raw)=18.860% | TEST cls=0.8854, SOC MedAPE(raw)=7.173%, SOH MedAPE(raw)=17.013% | val_score=0.818688
[stage1_soc] epoch 159 | VAL cls=0.9542, SOC MedAPE(raw)=9.131%, SOH MedAPE(raw)=17.610% | TEST cls=0.8984, SOC MedAPE(raw)=7.625%, SOH MedAPE(raw)=15.698% | val_score=0.848530
[stage1_soc] epoch 160 | VAL cls=0.9085, SOC MedAPE(raw)=8.368%, SOH MedAPE(raw)=19.219% | TEST cls=0.8958, SOC MedAPE(raw)=6.172%, SOH MedAPE(raw)=16.041% | val_score=0.815797
[stage1_soc] epoch 161 | VAL cls=0.9281, SOC MedAPE(raw)=7.793%, SOH MedAPE(raw)=17.989% | TEST cls=0.9141, SOC MedAPE(raw)=6.626%, SOH MedAPE(raw)=17.291% | val_score=0.845667
[stage1_soc] epoch 162 | VAL cls=0.9216, SOC MedAPE(raw)=7.084%, SOH MedAPE(raw)=19.896% | TEST cls=0.8984, SOC MedAPE(raw)=5.310%, SOH MedAPE(raw)=17.554% | val_score=0.833474
[stage1_soc] epoch 163 | VAL cls=0.9216, SOC MedAPE(raw)=7.932%, SOH MedAPE(raw)=19.197% | TEST cls=0.8776, SOC MedAPE(raw)=7.154%, SOH MedAPE(raw)=17.357% | val_score=0.829030
[stage1_soc] epoch 164 | VAL cls=0.9935, SOC MedAPE(raw)=7.556%, SOH MedAPE(raw)=18.464% | TEST cls=0.9401, SOC MedAPE(raw)=6.151%, SOH MedAPE(raw)=15.474% | val_score=0.911366
[stage1_soc] epoch 165 | VAL cls=0.8693, SOC MedAPE(raw)=6.112%, SOH MedAPE(raw)=19.719% | TEST cls=0.8724, SOC MedAPE(raw)=6.655%, SOH MedAPE(raw)=17.819% | val_score=0.783490
[stage1_soc] epoch 166 | VAL cls=0.9477, SOC MedAPE(raw)=7.874%, SOH MedAPE(raw)=19.401% | TEST cls=0.9245, SOC MedAPE(raw)=5.860%, SOH MedAPE(raw)=17.001% | val_score=0.846502
[stage1_soc] epoch 167 | VAL cls=0.8758, SOC MedAPE(raw)=7.640%, SOH MedAPE(raw)=19.300% | TEST cls=0.8984, SOC MedAPE(raw)=6.205%, SOH MedAPE(raw)=17.569% | val_score=0.782779
[stage1_soc] epoch 168 | VAL cls=0.9412, SOC MedAPE(raw)=6.774%, SOH MedAPE(raw)=19.549% | TEST cls=0.8984, SOC MedAPE(raw)=6.398%, SOH MedAPE(raw)=16.562% | val_score=0.850381
[stage1_soc] epoch 169 | VAL cls=0.9085, SOC MedAPE(raw)=5.065%, SOH MedAPE(raw)=19.636% | TEST cls=0.8958, SOC MedAPE(raw)=5.919%, SOH MedAPE(raw)=15.767% | val_score=0.824303
[stage1_soc] epoch 170 | VAL cls=0.9346, SOC MedAPE(raw)=6.647%, SOH MedAPE(raw)=18.293% | TEST cls=0.9115, SOC MedAPE(raw)=6.072%, SOH MedAPE(raw)=17.204% | val_score=0.854871
[stage1_soc] epoch 171 | VAL cls=0.9150, SOC MedAPE(raw)=6.821%, SOH MedAPE(raw)=18.751% | TEST cls=0.8854, SOC MedAPE(raw)=5.572%, SOH MedAPE(raw)=17.584% | val_score=0.822866
[stage1_soc] epoch 172 | VAL cls=0.9412, SOC MedAPE(raw)=6.375%, SOH MedAPE(raw)=19.190% | TEST cls=0.9193, SOC MedAPE(raw)=6.520%, SOH MedAPE(raw)=17.530% | val_score=0.854443
[stage1_soc] epoch 173 | VAL cls=0.8889, SOC MedAPE(raw)=7.654%, SOH MedAPE(raw)=20.234% | TEST cls=0.8906, SOC MedAPE(raw)=7.339%, SOH MedAPE(raw)=17.366% | val_score=0.784301
[stage1_soc] epoch 174 | VAL cls=1.0000, SOC MedAPE(raw)=6.501%, SOH MedAPE(raw)=19.013% | TEST cls=0.9427, SOC MedAPE(raw)=6.858%, SOH MedAPE(raw)=15.718% | val_score=0.911254
[stage1_soc] epoch 175 | VAL cls=0.9412, SOC MedAPE(raw)=6.174%, SOH MedAPE(raw)=18.967% | TEST cls=0.9036, SOC MedAPE(raw)=6.211%, SOH MedAPE(raw)=16.978% | val_score=0.842911
[stage1_soc] epoch 176 | VAL cls=0.9673, SOC MedAPE(raw)=7.111%, SOH MedAPE(raw)=17.279% | TEST cls=0.9193, SOC MedAPE(raw)=6.499%, SOH MedAPE(raw)=16.597% | val_score=0.871515
[stage1_soc] epoch 177 | VAL cls=0.9542, SOC MedAPE(raw)=8.400%, SOH MedAPE(raw)=18.734% | TEST cls=0.8932, SOC MedAPE(raw)=6.248%, SOH MedAPE(raw)=16.042% | val_score=0.854209
[stage1_soc] epoch 178 | VAL cls=0.9150, SOC MedAPE(raw)=7.225%, SOH MedAPE(raw)=18.421% | TEST cls=0.9219, SOC MedAPE(raw)=6.387%, SOH MedAPE(raw)=16.312% | val_score=0.826449
[stage1_soc] epoch 179 | VAL cls=0.8627, SOC MedAPE(raw)=5.715%, SOH MedAPE(raw)=17.983% | TEST cls=0.8880, SOC MedAPE(raw)=6.132%, SOH MedAPE(raw)=17.024% | val_score=0.771195
[stage1_soc] epoch 180 | VAL cls=0.9869, SOC MedAPE(raw)=6.024%, SOH MedAPE(raw)=17.225% | TEST cls=0.9401, SOC MedAPE(raw)=5.490%, SOH MedAPE(raw)=15.784% | val_score=0.905432
[stage1_soc] epoch 181 | VAL cls=0.9673, SOC MedAPE(raw)=6.841%, SOH MedAPE(raw)=18.403% | TEST cls=0.9401, SOC MedAPE(raw)=5.912%, SOH MedAPE(raw)=16.630% | val_score=0.875023
[stage1_soc] epoch 182 | VAL cls=0.9542, SOC MedAPE(raw)=8.058%, SOH MedAPE(raw)=19.938% | TEST cls=0.9089, SOC MedAPE(raw)=6.208%, SOH MedAPE(raw)=15.855% | val_score=0.835231
[stage1_soc] epoch 183 | VAL cls=0.9935, SOC MedAPE(raw)=6.125%, SOH MedAPE(raw)=17.475% | TEST cls=0.9375, SOC MedAPE(raw)=5.294%, SOH MedAPE(raw)=15.776% | val_score=0.909295
[stage1_soc] epoch 184 | VAL cls=0.9739, SOC MedAPE(raw)=7.942%, SOH MedAPE(raw)=18.602% | TEST cls=0.9635, SOC MedAPE(raw)=5.926%, SOH MedAPE(raw)=16.359% | val_score=0.881852
[stage1_soc] epoch 185 | VAL cls=0.9216, SOC MedAPE(raw)=5.621%, SOH MedAPE(raw)=19.172% | TEST cls=0.8984, SOC MedAPE(raw)=5.737%, SOH MedAPE(raw)=16.652% | val_score=0.836227
[stage1_soc] epoch 186 | VAL cls=0.9346, SOC MedAPE(raw)=10.005%, SOH MedAPE(raw)=18.459% | TEST cls=0.9167, SOC MedAPE(raw)=6.876%, SOH MedAPE(raw)=16.088% | val_score=0.837991
[stage1_soc] epoch 187 | VAL cls=0.9346, SOC MedAPE(raw)=7.999%, SOH MedAPE(raw)=19.949% | TEST cls=0.9010, SOC MedAPE(raw)=5.837%, SOH MedAPE(raw)=16.534% | val_score=0.831801
[stage1_soc] epoch 188 | VAL cls=0.9804, SOC MedAPE(raw)=6.551%, SOH MedAPE(raw)=19.192% | TEST cls=0.9427, SOC MedAPE(raw)=6.000%, SOH MedAPE(raw)=15.759% | val_score=0.897094
[stage1_soc] epoch 189 | VAL cls=0.9346, SOC MedAPE(raw)=7.234%, SOH MedAPE(raw)=18.502% | TEST cls=0.8802, SOC MedAPE(raw)=5.935%, SOH MedAPE(raw)=16.699% | val_score=0.848062
[stage1_soc] epoch 190 | VAL cls=0.9739, SOC MedAPE(raw)=6.455%, SOH MedAPE(raw)=17.808% | TEST cls=0.9349, SOC MedAPE(raw)=6.265%, SOH MedAPE(raw)=16.653% | val_score=0.892995
[stage1_soc] epoch 191 | VAL cls=0.8824, SOC MedAPE(raw)=5.750%, SOH MedAPE(raw)=17.606% | TEST cls=0.8802, SOC MedAPE(raw)=6.949%, SOH MedAPE(raw)=17.230% | val_score=0.790278
[stage1_soc] epoch 192 | VAL cls=0.9281, SOC MedAPE(raw)=7.635%, SOH MedAPE(raw)=18.919% | TEST cls=0.9141, SOC MedAPE(raw)=7.033%, SOH MedAPE(raw)=15.538% | val_score=0.827582
[stage1_soc] epoch 193 | VAL cls=0.9020, SOC MedAPE(raw)=7.295%, SOH MedAPE(raw)=19.380% | TEST cls=0.8932, SOC MedAPE(raw)=6.833%, SOH MedAPE(raw)=15.588% | val_score=0.812340
[stage1_soc] epoch 194 | VAL cls=0.9477, SOC MedAPE(raw)=6.822%, SOH MedAPE(raw)=18.842% | TEST cls=0.9271, SOC MedAPE(raw)=6.650%, SOH MedAPE(raw)=16.120% | val_score=0.858504
[stage1_soc] epoch 195 | VAL cls=0.9020, SOC MedAPE(raw)=7.864%, SOH MedAPE(raw)=16.889% | TEST cls=0.8984, SOC MedAPE(raw)=7.159%, SOH MedAPE(raw)=16.792% | val_score=0.807639
[stage1_soc] epoch 196 | VAL cls=0.9739, SOC MedAPE(raw)=7.333%, SOH MedAPE(raw)=19.195% | TEST cls=0.9245, SOC MedAPE(raw)=6.315%, SOH MedAPE(raw)=15.203% | val_score=0.879306
[stage1_soc] epoch 197 | VAL cls=0.9346, SOC MedAPE(raw)=6.764%, SOH MedAPE(raw)=19.831% | TEST cls=0.9219, SOC MedAPE(raw)=5.743%, SOH MedAPE(raw)=16.297% | val_score=0.845007
[stage1_soc] epoch 198 | VAL cls=0.9804, SOC MedAPE(raw)=6.110%, SOH MedAPE(raw)=17.438% | TEST cls=0.9375, SOC MedAPE(raw)=5.504%, SOH MedAPE(raw)=15.322% | val_score=0.895733
[stage1_soc] epoch 199 | VAL cls=0.9412, SOC MedAPE(raw)=7.336%, SOH MedAPE(raw)=18.606% | TEST cls=0.9349, SOC MedAPE(raw)=5.525%, SOH MedAPE(raw)=15.758% | val_score=0.856478
[stage1_soc] Loaded BEST checkpoint from epoch=164 | score=0.9113660280486459
[stage2_soh] epoch 000 | VAL cls=0.9935, SOC MedAPE(raw)=7.007%, SOH MedAPE(raw)=4.428% | TEST cls=0.9401, SOC MedAPE(raw)=6.419%, SOH MedAPE(raw)=3.868% | val_score=-0.715413
[stage2_soh] epoch 001 | VAL cls=0.9935, SOC MedAPE(raw)=7.149%, SOH MedAPE(raw)=4.431% | TEST cls=0.9401, SOC MedAPE(raw)=6.484%, SOH MedAPE(raw)=3.763% | val_score=-0.614529
[stage2_soh] epoch 002 | VAL cls=0.9935, SOC MedAPE(raw)=6.728%, SOH MedAPE(raw)=3.884% | TEST cls=0.9401, SOC MedAPE(raw)=6.369%, SOH MedAPE(raw)=3.041% | val_score=-0.583968
[stage2_soh] epoch 003 | VAL cls=0.9935, SOC MedAPE(raw)=6.523%, SOH MedAPE(raw)=3.945% | TEST cls=0.9401, SOC MedAPE(raw)=6.657%, SOH MedAPE(raw)=3.437% | val_score=-0.507668
[stage2_soh] epoch 004 | VAL cls=0.9935, SOC MedAPE(raw)=6.612%, SOH MedAPE(raw)=4.416% | TEST cls=0.9401, SOC MedAPE(raw)=6.255%, SOH MedAPE(raw)=3.909% | val_score=-0.572601
[stage2_soh] epoch 005 | VAL cls=0.9935, SOC MedAPE(raw)=7.003%, SOH MedAPE(raw)=3.277% | TEST cls=0.9401, SOC MedAPE(raw)=5.997%, SOH MedAPE(raw)=3.054% | val_score=-0.471736
[stage2_soh] epoch 006 | VAL cls=0.9935, SOC MedAPE(raw)=6.928%, SOH MedAPE(raw)=3.292% | TEST cls=0.9401, SOC MedAPE(raw)=6.680%, SOH MedAPE(raw)=3.161% | val_score=-0.478516
[stage2_soh] epoch 007 | VAL cls=0.9935, SOC MedAPE(raw)=7.028%, SOH MedAPE(raw)=3.522% | TEST cls=0.9401, SOC MedAPE(raw)=6.290%, SOH MedAPE(raw)=2.927% | val_score=-0.459697
[stage2_soh] epoch 008 | VAL cls=0.9935, SOC MedAPE(raw)=7.979%, SOH MedAPE(raw)=3.350% | TEST cls=0.9401, SOC MedAPE(raw)=6.411%, SOH MedAPE(raw)=2.749% | val_score=-0.458834
[stage2_soh] epoch 009 | VAL cls=0.9935, SOC MedAPE(raw)=6.744%, SOH MedAPE(raw)=3.855% | TEST cls=0.9401, SOC MedAPE(raw)=5.978%, SOH MedAPE(raw)=3.442% | val_score=-0.545172
[stage2_soh] epoch 010 | VAL cls=0.9935, SOC MedAPE(raw)=6.744%, SOH MedAPE(raw)=3.783% | TEST cls=0.9401, SOC MedAPE(raw)=6.493%, SOH MedAPE(raw)=3.133% | val_score=-0.522569
[stage2_soh] epoch 011 | VAL cls=0.9935, SOC MedAPE(raw)=6.810%, SOH MedAPE(raw)=3.470% | TEST cls=0.9401, SOC MedAPE(raw)=6.171%, SOH MedAPE(raw)=2.840% | val_score=-0.442335
[stage2_soh] epoch 012 | VAL cls=0.9935, SOC MedAPE(raw)=7.397%, SOH MedAPE(raw)=4.076% | TEST cls=0.9401, SOC MedAPE(raw)=6.555%, SOH MedAPE(raw)=3.485% | val_score=-0.504334
[stage2_soh] epoch 013 | VAL cls=0.9935, SOC MedAPE(raw)=7.662%, SOH MedAPE(raw)=2.631% | TEST cls=0.9401, SOC MedAPE(raw)=6.120%, SOH MedAPE(raw)=2.885% | val_score=-0.441265
[stage2_soh] epoch 014 | VAL cls=0.9935, SOC MedAPE(raw)=6.872%, SOH MedAPE(raw)=3.113% | TEST cls=0.9401, SOC MedAPE(raw)=6.108%, SOH MedAPE(raw)=2.665% | val_score=-0.452036
[stage2_soh] epoch 015 | VAL cls=0.9935, SOC MedAPE(raw)=7.266%, SOH MedAPE(raw)=2.659% | TEST cls=0.9401, SOC MedAPE(raw)=5.906%, SOH MedAPE(raw)=2.509% | val_score=-0.401173
[stage2_soh] epoch 016 | VAL cls=0.9935, SOC MedAPE(raw)=6.892%, SOH MedAPE(raw)=3.688% | TEST cls=0.9401, SOC MedAPE(raw)=6.694%, SOH MedAPE(raw)=3.464% | val_score=-0.505438
[stage2_soh] epoch 017 | VAL cls=0.9935, SOC MedAPE(raw)=7.315%, SOH MedAPE(raw)=3.293% | TEST cls=0.9401, SOC MedAPE(raw)=6.329%, SOH MedAPE(raw)=2.620% | val_score=-0.443937
[stage2_soh] epoch 018 | VAL cls=0.9935, SOC MedAPE(raw)=7.818%, SOH MedAPE(raw)=2.815% | TEST cls=0.9401, SOC MedAPE(raw)=6.482%, SOH MedAPE(raw)=2.839% | val_score=-0.452188
[stage2_soh] epoch 019 | VAL cls=0.9935, SOC MedAPE(raw)=7.518%, SOH MedAPE(raw)=3.805% | TEST cls=0.9401, SOC MedAPE(raw)=6.535%, SOH MedAPE(raw)=3.303% | val_score=-0.512602
[stage2_soh] epoch 020 | VAL cls=0.9935, SOC MedAPE(raw)=6.969%, SOH MedAPE(raw)=3.460% | TEST cls=0.9401, SOC MedAPE(raw)=6.462%, SOH MedAPE(raw)=2.977% | val_score=-0.471306
[stage2_soh] epoch 021 | VAL cls=0.9935, SOC MedAPE(raw)=7.063%, SOH MedAPE(raw)=3.123% | TEST cls=0.9401, SOC MedAPE(raw)=5.989%, SOH MedAPE(raw)=2.727% | val_score=-0.440510
[stage2_soh] epoch 022 | VAL cls=0.9935, SOC MedAPE(raw)=6.696%, SOH MedAPE(raw)=2.929% | TEST cls=0.9401, SOC MedAPE(raw)=6.005%, SOH MedAPE(raw)=2.718% | val_score=-0.428454
[stage2_soh] epoch 023 | VAL cls=0.9935, SOC MedAPE(raw)=7.009%, SOH MedAPE(raw)=3.574% | TEST cls=0.9401, SOC MedAPE(raw)=6.647%, SOH MedAPE(raw)=3.073% | val_score=-0.464401
[stage2_soh] epoch 024 | VAL cls=0.9935, SOC MedAPE(raw)=7.348%, SOH MedAPE(raw)=3.147% | TEST cls=0.9401, SOC MedAPE(raw)=6.397%, SOH MedAPE(raw)=2.791% | val_score=-0.462501
[stage2_soh] epoch 025 | VAL cls=0.9935, SOC MedAPE(raw)=6.649%, SOH MedAPE(raw)=2.633% | TEST cls=0.9401, SOC MedAPE(raw)=5.997%, SOH MedAPE(raw)=2.435% | val_score=-0.402526
[stage2_soh] epoch 026 | VAL cls=0.9935, SOC MedAPE(raw)=7.381%, SOH MedAPE(raw)=3.766% | TEST cls=0.9401, SOC MedAPE(raw)=6.603%, SOH MedAPE(raw)=2.973% | val_score=-0.467658
[stage2_soh] epoch 027 | VAL cls=0.9935, SOC MedAPE(raw)=7.186%, SOH MedAPE(raw)=3.794% | TEST cls=0.9401, SOC MedAPE(raw)=6.505%, SOH MedAPE(raw)=3.265% | val_score=-0.485797
[stage2_soh] epoch 028 | VAL cls=0.9935, SOC MedAPE(raw)=6.931%, SOH MedAPE(raw)=3.045% | TEST cls=0.9401, SOC MedAPE(raw)=6.692%, SOH MedAPE(raw)=2.810% | val_score=-0.444716
[stage2_soh] epoch 029 | VAL cls=0.9935, SOC MedAPE(raw)=7.231%, SOH MedAPE(raw)=3.558% | TEST cls=0.9401, SOC MedAPE(raw)=6.262%, SOH MedAPE(raw)=3.195% | val_score=-0.464585
[stage2_soh] epoch 030 | VAL cls=0.9935, SOC MedAPE(raw)=6.621%, SOH MedAPE(raw)=3.849% | TEST cls=0.9401, SOC MedAPE(raw)=6.037%, SOH MedAPE(raw)=3.249% | val_score=-0.470007
[stage2_soh] epoch 031 | VAL cls=0.9935, SOC MedAPE(raw)=7.117%, SOH MedAPE(raw)=3.544% | TEST cls=0.9401, SOC MedAPE(raw)=6.493%, SOH MedAPE(raw)=2.869% | val_score=-0.477760
[stage2_soh] epoch 032 | VAL cls=0.9935, SOC MedAPE(raw)=6.857%, SOH MedAPE(raw)=3.720% | TEST cls=0.9401, SOC MedAPE(raw)=6.292%, SOH MedAPE(raw)=3.174% | val_score=-0.477417
[stage2_soh] epoch 033 | VAL cls=0.9935, SOC MedAPE(raw)=6.506%, SOH MedAPE(raw)=3.815% | TEST cls=0.9401, SOC MedAPE(raw)=6.213%, SOH MedAPE(raw)=2.950% | val_score=-0.463448
[stage2_soh] epoch 034 | VAL cls=0.9935, SOC MedAPE(raw)=7.480%, SOH MedAPE(raw)=3.212% | TEST cls=0.9401, SOC MedAPE(raw)=6.115%, SOH MedAPE(raw)=2.675% | val_score=-0.425464
[stage2_soh] epoch 035 | VAL cls=0.9935, SOC MedAPE(raw)=7.207%, SOH MedAPE(raw)=3.348% | TEST cls=0.9401, SOC MedAPE(raw)=6.451%, SOH MedAPE(raw)=2.678% | val_score=-0.440627
[stage2_soh] epoch 036 | VAL cls=0.9935, SOC MedAPE(raw)=6.943%, SOH MedAPE(raw)=3.113% | TEST cls=0.9401, SOC MedAPE(raw)=5.887%, SOH MedAPE(raw)=2.687% | val_score=-0.449514
[stage2_soh] epoch 037 | VAL cls=0.9935, SOC MedAPE(raw)=7.953%, SOH MedAPE(raw)=3.299% | TEST cls=0.9401, SOC MedAPE(raw)=6.387%, SOH MedAPE(raw)=2.925% | val_score=-0.440158
[stage2_soh] epoch 038 | VAL cls=0.9935, SOC MedAPE(raw)=7.136%, SOH MedAPE(raw)=3.169% | TEST cls=0.9401, SOC MedAPE(raw)=6.330%, SOH MedAPE(raw)=2.791% | val_score=-0.440450
[stage2_soh] epoch 039 | VAL cls=0.9935, SOC MedAPE(raw)=7.207%, SOH MedAPE(raw)=3.470% | TEST cls=0.9401, SOC MedAPE(raw)=6.163%, SOH MedAPE(raw)=2.896% | val_score=-0.447223
[stage2_soh] epoch 040 | VAL cls=0.9935, SOC MedAPE(raw)=6.634%, SOH MedAPE(raw)=3.734% | TEST cls=0.9401, SOC MedAPE(raw)=6.505%, SOH MedAPE(raw)=3.436% | val_score=-0.469984
[stage2_soh] epoch 041 | VAL cls=0.9935, SOC MedAPE(raw)=6.888%, SOH MedAPE(raw)=3.394% | TEST cls=0.9401, SOC MedAPE(raw)=6.469%, SOH MedAPE(raw)=3.137% | val_score=-0.449717
[stage2_soh] epoch 042 | VAL cls=0.9935, SOC MedAPE(raw)=6.733%, SOH MedAPE(raw)=3.539% | TEST cls=0.9401, SOC MedAPE(raw)=5.990%, SOH MedAPE(raw)=3.405% | val_score=-0.474054
[stage2_soh] epoch 043 | VAL cls=0.9935, SOC MedAPE(raw)=7.583%, SOH MedAPE(raw)=3.258% | TEST cls=0.9401, SOC MedAPE(raw)=6.707%, SOH MedAPE(raw)=2.799% | val_score=-0.445562
[stage2_soh] epoch 044 | VAL cls=0.9935, SOC MedAPE(raw)=6.880%, SOH MedAPE(raw)=3.491% | TEST cls=0.9401, SOC MedAPE(raw)=6.270%, SOH MedAPE(raw)=2.962% | val_score=-0.438397
[stage2_soh] epoch 045 | VAL cls=0.9935, SOC MedAPE(raw)=7.174%, SOH MedAPE(raw)=3.153% | TEST cls=0.9401, SOC MedAPE(raw)=6.066%, SOH MedAPE(raw)=2.948% | val_score=-0.431022
[stage2_soh] epoch 046 | VAL cls=0.9935, SOC MedAPE(raw)=7.078%, SOH MedAPE(raw)=3.149% | TEST cls=0.9401, SOC MedAPE(raw)=6.303%, SOH MedAPE(raw)=2.816% | val_score=-0.466011
[stage2_soh] epoch 047 | VAL cls=0.9935, SOC MedAPE(raw)=7.158%, SOH MedAPE(raw)=3.476% | TEST cls=0.9401, SOC MedAPE(raw)=6.203%, SOH MedAPE(raw)=2.997% | val_score=-0.436856
[stage2_soh] epoch 048 | VAL cls=0.9935, SOC MedAPE(raw)=7.201%, SOH MedAPE(raw)=3.814% | TEST cls=0.9401, SOC MedAPE(raw)=6.694%, SOH MedAPE(raw)=3.067% | val_score=-0.490371
[stage2_soh] epoch 049 | VAL cls=0.9935, SOC MedAPE(raw)=6.718%, SOH MedAPE(raw)=3.315% | TEST cls=0.9401, SOC MedAPE(raw)=6.191%, SOH MedAPE(raw)=2.955% | val_score=-0.478727
[stage2_soh] epoch 050 | VAL cls=0.9935, SOC MedAPE(raw)=6.484%, SOH MedAPE(raw)=3.269% | TEST cls=0.9401, SOC MedAPE(raw)=6.056%, SOH MedAPE(raw)=3.119% | val_score=-0.473051
[stage2_soh] epoch 051 | VAL cls=0.9935, SOC MedAPE(raw)=6.566%, SOH MedAPE(raw)=4.296% | TEST cls=0.9401, SOC MedAPE(raw)=6.152%, SOH MedAPE(raw)=3.294% | val_score=-0.531093
[stage2_soh] epoch 052 | VAL cls=0.9935, SOC MedAPE(raw)=7.371%, SOH MedAPE(raw)=3.319% | TEST cls=0.9401, SOC MedAPE(raw)=6.435%, SOH MedAPE(raw)=3.157% | val_score=-0.494306
[stage2_soh] epoch 053 | VAL cls=0.9935, SOC MedAPE(raw)=7.052%, SOH MedAPE(raw)=3.823% | TEST cls=0.9401, SOC MedAPE(raw)=6.391%, SOH MedAPE(raw)=2.959% | val_score=-0.495328
[stage2_soh] epoch 054 | VAL cls=0.9935, SOC MedAPE(raw)=6.638%, SOH MedAPE(raw)=3.366% | TEST cls=0.9401, SOC MedAPE(raw)=6.537%, SOH MedAPE(raw)=2.907% | val_score=-0.455916
[stage2_soh] epoch 055 | VAL cls=0.9935, SOC MedAPE(raw)=6.856%, SOH MedAPE(raw)=3.839% | TEST cls=0.9401, SOC MedAPE(raw)=6.209%, SOH MedAPE(raw)=3.061% | val_score=-0.460514
[stage2_soh] epoch 056 | VAL cls=0.9935, SOC MedAPE(raw)=7.092%, SOH MedAPE(raw)=4.005% | TEST cls=0.9401, SOC MedAPE(raw)=6.141%, SOH MedAPE(raw)=3.032% | val_score=-0.494238
[stage2_soh] epoch 057 | VAL cls=0.9935, SOC MedAPE(raw)=7.175%, SOH MedAPE(raw)=3.425% | TEST cls=0.9401, SOC MedAPE(raw)=6.070%, SOH MedAPE(raw)=2.747% | val_score=-0.433806
[stage2_soh] epoch 058 | VAL cls=0.9935, SOC MedAPE(raw)=6.820%, SOH MedAPE(raw)=3.292% | TEST cls=0.9401, SOC MedAPE(raw)=6.085%, SOH MedAPE(raw)=2.797% | val_score=-0.435239
[stage2_soh] epoch 059 | VAL cls=0.9935, SOC MedAPE(raw)=7.004%, SOH MedAPE(raw)=3.420% | TEST cls=0.9401, SOC MedAPE(raw)=6.122%, SOH MedAPE(raw)=2.895% | val_score=-0.465562
[stage2_soh] epoch 060 | VAL cls=0.9935, SOC MedAPE(raw)=7.077%, SOH MedAPE(raw)=3.703% | TEST cls=0.9401, SOC MedAPE(raw)=6.062%, SOH MedAPE(raw)=3.153% | val_score=-0.476135
[stage2_soh] epoch 061 | VAL cls=0.9935, SOC MedAPE(raw)=7.072%, SOH MedAPE(raw)=3.519% | TEST cls=0.9401, SOC MedAPE(raw)=6.272%, SOH MedAPE(raw)=2.976% | val_score=-0.451901
[stage2_soh] epoch 062 | VAL cls=0.9935, SOC MedAPE(raw)=6.976%, SOH MedAPE(raw)=2.777% | TEST cls=0.9401, SOC MedAPE(raw)=6.247%, SOH MedAPE(raw)=2.717% | val_score=-0.417483
[stage2_soh] epoch 063 | VAL cls=0.9935, SOC MedAPE(raw)=6.578%, SOH MedAPE(raw)=3.564% | TEST cls=0.9401, SOC MedAPE(raw)=6.204%, SOH MedAPE(raw)=3.022% | val_score=-0.481036
[stage2_soh] epoch 064 | VAL cls=0.9935, SOC MedAPE(raw)=6.678%, SOH MedAPE(raw)=3.874% | TEST cls=0.9401, SOC MedAPE(raw)=6.353%, SOH MedAPE(raw)=2.955% | val_score=-0.448696
[stage2_soh] epoch 065 | VAL cls=0.9935, SOC MedAPE(raw)=6.974%, SOH MedAPE(raw)=3.351% | TEST cls=0.9401, SOC MedAPE(raw)=6.174%, SOH MedAPE(raw)=3.051% | val_score=-0.433886
[stage2_soh] epoch 066 | VAL cls=0.9935, SOC MedAPE(raw)=6.918%, SOH MedAPE(raw)=3.314% | TEST cls=0.9401, SOC MedAPE(raw)=6.219%, SOH MedAPE(raw)=2.771% | val_score=-0.453313
[stage2_soh] epoch 067 | VAL cls=0.9935, SOC MedAPE(raw)=7.310%, SOH MedAPE(raw)=2.764% | TEST cls=0.9401, SOC MedAPE(raw)=6.271%, SOH MedAPE(raw)=2.673% | val_score=-0.412729
[stage2_soh] epoch 068 | VAL cls=0.9935, SOC MedAPE(raw)=6.971%, SOH MedAPE(raw)=3.879% | TEST cls=0.9401, SOC MedAPE(raw)=6.272%, SOH MedAPE(raw)=3.086% | val_score=-0.487493
[stage2_soh] epoch 069 | VAL cls=0.9935, SOC MedAPE(raw)=6.724%, SOH MedAPE(raw)=3.767% | TEST cls=0.9401, SOC MedAPE(raw)=6.090%, SOH MedAPE(raw)=3.437% | val_score=-0.500346
[stage2_soh] epoch 070 | VAL cls=0.9935, SOC MedAPE(raw)=7.137%, SOH MedAPE(raw)=3.382% | TEST cls=0.9401, SOC MedAPE(raw)=6.431%, SOH MedAPE(raw)=2.961% | val_score=-0.466034
[stage2_soh] epoch 071 | VAL cls=0.9935, SOC MedAPE(raw)=7.658%, SOH MedAPE(raw)=3.319% | TEST cls=0.9401, SOC MedAPE(raw)=6.546%, SOH MedAPE(raw)=2.681% | val_score=-0.456209
[stage2_soh] epoch 072 | VAL cls=0.9935, SOC MedAPE(raw)=7.063%, SOH MedAPE(raw)=2.798% | TEST cls=0.9401, SOC MedAPE(raw)=6.228%, SOH MedAPE(raw)=3.020% | val_score=-0.452852
[stage2_soh] epoch 073 | VAL cls=0.9935, SOC MedAPE(raw)=7.538%, SOH MedAPE(raw)=3.604% | TEST cls=0.9401, SOC MedAPE(raw)=6.480%, SOH MedAPE(raw)=2.682% | val_score=-0.454475
[stage2_soh] epoch 074 | VAL cls=0.9935, SOC MedAPE(raw)=7.235%, SOH MedAPE(raw)=3.298% | TEST cls=0.9401, SOC MedAPE(raw)=6.276%, SOH MedAPE(raw)=2.965% | val_score=-0.427535
[stage2_soh] epoch 075 | VAL cls=0.9935, SOC MedAPE(raw)=7.284%, SOH MedAPE(raw)=3.161% | TEST cls=0.9401, SOC MedAPE(raw)=5.925%, SOH MedAPE(raw)=2.900% | val_score=-0.428392
[stage2_soh] epoch 076 | VAL cls=0.9935, SOC MedAPE(raw)=7.454%, SOH MedAPE(raw)=3.745% | TEST cls=0.9401, SOC MedAPE(raw)=6.133%, SOH MedAPE(raw)=3.136% | val_score=-0.455474
[stage2_soh] epoch 077 | VAL cls=0.9935, SOC MedAPE(raw)=7.005%, SOH MedAPE(raw)=3.552% | TEST cls=0.9401, SOC MedAPE(raw)=6.592%, SOH MedAPE(raw)=3.095% | val_score=-0.476508
[stage2_soh] epoch 078 | VAL cls=0.9935, SOC MedAPE(raw)=7.534%, SOH MedAPE(raw)=3.943% | TEST cls=0.9401, SOC MedAPE(raw)=6.087%, SOH MedAPE(raw)=3.239% | val_score=-0.488363
[stage2_soh] epoch 079 | VAL cls=0.9935, SOC MedAPE(raw)=6.674%, SOH MedAPE(raw)=3.063% | TEST cls=0.9401, SOC MedAPE(raw)=6.536%, SOH MedAPE(raw)=2.998% | val_score=-0.472917
[stage2_soh] epoch 080 | VAL cls=0.9935, SOC MedAPE(raw)=7.564%, SOH MedAPE(raw)=3.086% | TEST cls=0.9401, SOC MedAPE(raw)=6.149%, SOH MedAPE(raw)=2.768% | val_score=-0.435915
[stage2_soh] epoch 081 | VAL cls=0.9935, SOC MedAPE(raw)=7.350%, SOH MedAPE(raw)=2.948% | TEST cls=0.9401, SOC MedAPE(raw)=6.179%, SOH MedAPE(raw)=2.622% | val_score=-0.442708
[stage2_soh] epoch 082 | VAL cls=0.9935, SOC MedAPE(raw)=7.416%, SOH MedAPE(raw)=3.155% | TEST cls=0.9401, SOC MedAPE(raw)=6.184%, SOH MedAPE(raw)=2.654% | val_score=-0.464138
[stage2_soh] epoch 083 | VAL cls=0.9935, SOC MedAPE(raw)=7.166%, SOH MedAPE(raw)=3.501% | TEST cls=0.9401, SOC MedAPE(raw)=6.185%, SOH MedAPE(raw)=2.970% | val_score=-0.467383
[stage2_soh] epoch 084 | VAL cls=0.9935, SOC MedAPE(raw)=7.170%, SOH MedAPE(raw)=3.322% | TEST cls=0.9401, SOC MedAPE(raw)=6.462%, SOH MedAPE(raw)=2.953% | val_score=-0.453921
[stage2_soh] epoch 085 | VAL cls=0.9935, SOC MedAPE(raw)=7.294%, SOH MedAPE(raw)=3.053% | TEST cls=0.9401, SOC MedAPE(raw)=6.308%, SOH MedAPE(raw)=2.859% | val_score=-0.433980
[stage2_soh] epoch 086 | VAL cls=0.9935, SOC MedAPE(raw)=6.729%, SOH MedAPE(raw)=3.543% | TEST cls=0.9401, SOC MedAPE(raw)=6.346%, SOH MedAPE(raw)=2.839% | val_score=-0.461649
[stage2_soh] epoch 087 | VAL cls=0.9935, SOC MedAPE(raw)=6.609%, SOH MedAPE(raw)=3.751% | TEST cls=0.9401, SOC MedAPE(raw)=5.952%, SOH MedAPE(raw)=3.027% | val_score=-0.488913
[stage2_soh] epoch 088 | VAL cls=0.9935, SOC MedAPE(raw)=7.887%, SOH MedAPE(raw)=3.570% | TEST cls=0.9401, SOC MedAPE(raw)=6.339%, SOH MedAPE(raw)=2.911% | val_score=-0.480050
[stage2_soh] epoch 089 | VAL cls=0.9935, SOC MedAPE(raw)=6.549%, SOH MedAPE(raw)=3.671% | TEST cls=0.9401, SOC MedAPE(raw)=6.356%, SOH MedAPE(raw)=2.962% | val_score=-0.473603
[stage2_soh] epoch 090 | VAL cls=0.9935, SOC MedAPE(raw)=6.723%, SOH MedAPE(raw)=3.448% | TEST cls=0.9401, SOC MedAPE(raw)=6.129%, SOH MedAPE(raw)=2.931% | val_score=-0.427580
[stage2_soh] epoch 091 | VAL cls=0.9935, SOC MedAPE(raw)=7.195%, SOH MedAPE(raw)=2.951% | TEST cls=0.9401, SOC MedAPE(raw)=6.400%, SOH MedAPE(raw)=2.401% | val_score=-0.418002
[stage2_soh] epoch 092 | VAL cls=0.9935, SOC MedAPE(raw)=6.308%, SOH MedAPE(raw)=3.438% | TEST cls=0.9401, SOC MedAPE(raw)=6.303%, SOH MedAPE(raw)=2.934% | val_score=-0.455556
[stage2_soh] epoch 093 | VAL cls=0.9935, SOC MedAPE(raw)=6.972%, SOH MedAPE(raw)=3.483% | TEST cls=0.9401, SOC MedAPE(raw)=5.965%, SOH MedAPE(raw)=2.770% | val_score=-0.453384
[stage2_soh] epoch 094 | VAL cls=0.9935, SOC MedAPE(raw)=7.507%, SOH MedAPE(raw)=2.842% | TEST cls=0.9401, SOC MedAPE(raw)=5.980%, SOH MedAPE(raw)=2.561% | val_score=-0.442130
[stage2_soh] epoch 095 | VAL cls=0.9935, SOC MedAPE(raw)=6.944%, SOH MedAPE(raw)=3.392% | TEST cls=0.9401, SOC MedAPE(raw)=6.153%, SOH MedAPE(raw)=2.882% | val_score=-0.461689
[stage2_soh] epoch 096 | VAL cls=0.9935, SOC MedAPE(raw)=7.056%, SOH MedAPE(raw)=3.580% | TEST cls=0.9401, SOC MedAPE(raw)=6.095%, SOH MedAPE(raw)=3.011% | val_score=-0.453985
[stage2_soh] epoch 097 | VAL cls=0.9935, SOC MedAPE(raw)=6.700%, SOH MedAPE(raw)=3.684% | TEST cls=0.9401, SOC MedAPE(raw)=6.377%, SOH MedAPE(raw)=2.890% | val_score=-0.451628
[stage2_soh] epoch 098 | VAL cls=0.9935, SOC MedAPE(raw)=7.017%, SOH MedAPE(raw)=3.925% | TEST cls=0.9401, SOC MedAPE(raw)=6.434%, SOH MedAPE(raw)=2.852% | val_score=-0.471301
[stage2_soh] epoch 099 | VAL cls=0.9935, SOC MedAPE(raw)=6.848%, SOH MedAPE(raw)=3.499% | TEST cls=0.9401, SOC MedAPE(raw)=5.848%, SOH MedAPE(raw)=3.025% | val_score=-0.431456
[stage2_soh] epoch 100 | VAL cls=0.9935, SOC MedAPE(raw)=7.074%, SOH MedAPE(raw)=3.628% | TEST cls=0.9401, SOC MedAPE(raw)=6.393%, SOH MedAPE(raw)=2.755% | val_score=-0.435699
[stage2_soh] epoch 101 | VAL cls=0.9935, SOC MedAPE(raw)=7.080%, SOH MedAPE(raw)=3.715% | TEST cls=0.9401, SOC MedAPE(raw)=6.409%, SOH MedAPE(raw)=2.898% | val_score=-0.500432
[stage2_soh] epoch 102 | VAL cls=0.9935, SOC MedAPE(raw)=6.795%, SOH MedAPE(raw)=3.923% | TEST cls=0.9401, SOC MedAPE(raw)=6.427%, SOH MedAPE(raw)=3.357% | val_score=-0.504075
[stage2_soh] epoch 103 | VAL cls=0.9935, SOC MedAPE(raw)=6.749%, SOH MedAPE(raw)=3.806% | TEST cls=0.9401, SOC MedAPE(raw)=6.093%, SOH MedAPE(raw)=2.728% | val_score=-0.443057
[stage2_soh] epoch 104 | VAL cls=0.9935, SOC MedAPE(raw)=7.338%, SOH MedAPE(raw)=3.538% | TEST cls=0.9401, SOC MedAPE(raw)=6.227%, SOH MedAPE(raw)=2.804% | val_score=-0.434146
[stage2_soh] epoch 105 | VAL cls=0.9935, SOC MedAPE(raw)=7.036%, SOH MedAPE(raw)=3.278% | TEST cls=0.9401, SOC MedAPE(raw)=5.926%, SOH MedAPE(raw)=2.700% | val_score=-0.440278
[stage2_soh] epoch 106 | VAL cls=0.9935, SOC MedAPE(raw)=7.073%, SOH MedAPE(raw)=3.320% | TEST cls=0.9401, SOC MedAPE(raw)=6.083%, SOH MedAPE(raw)=2.623% | val_score=-0.448078
[stage2_soh] epoch 107 | VAL cls=0.9935, SOC MedAPE(raw)=6.918%, SOH MedAPE(raw)=3.333% | TEST cls=0.9401, SOC MedAPE(raw)=6.164%, SOH MedAPE(raw)=2.431% | val_score=-0.448714
[stage2_soh] epoch 108 | VAL cls=0.9935, SOC MedAPE(raw)=7.372%, SOH MedAPE(raw)=3.307% | TEST cls=0.9401, SOC MedAPE(raw)=6.171%, SOH MedAPE(raw)=2.805% | val_score=-0.448878
[stage2_soh] epoch 109 | VAL cls=0.9935, SOC MedAPE(raw)=7.181%, SOH MedAPE(raw)=2.918% | TEST cls=0.9401, SOC MedAPE(raw)=6.363%, SOH MedAPE(raw)=2.756% | val_score=-0.436965
[stage2_soh] epoch 110 | VAL cls=0.9935, SOC MedAPE(raw)=6.727%, SOH MedAPE(raw)=3.429% | TEST cls=0.9401, SOC MedAPE(raw)=6.560%, SOH MedAPE(raw)=3.033% | val_score=-0.465509
[stage2_soh] epoch 111 | VAL cls=0.9935, SOC MedAPE(raw)=7.227%, SOH MedAPE(raw)=3.514% | TEST cls=0.9401, SOC MedAPE(raw)=6.276%, SOH MedAPE(raw)=2.646% | val_score=-0.431372
[stage2_soh] epoch 112 | VAL cls=0.9935, SOC MedAPE(raw)=6.513%, SOH MedAPE(raw)=3.141% | TEST cls=0.9401, SOC MedAPE(raw)=6.252%, SOH MedAPE(raw)=2.839% | val_score=-0.454987
[stage2_soh] epoch 113 | VAL cls=0.9935, SOC MedAPE(raw)=7.625%, SOH MedAPE(raw)=3.712% | TEST cls=0.9401, SOC MedAPE(raw)=6.323%, SOH MedAPE(raw)=2.926% | val_score=-0.461597
[stage2_soh] epoch 114 | VAL cls=0.9935, SOC MedAPE(raw)=7.021%, SOH MedAPE(raw)=3.411% | TEST cls=0.9401, SOC MedAPE(raw)=6.217%, SOH MedAPE(raw)=2.967% | val_score=-0.491594
[stage2_soh] epoch 115 | VAL cls=0.9935, SOC MedAPE(raw)=6.937%, SOH MedAPE(raw)=3.214% | TEST cls=0.9401, SOC MedAPE(raw)=6.225%, SOH MedAPE(raw)=2.829% | val_score=-0.435212
[stage2_soh] epoch 116 | VAL cls=0.9935, SOC MedAPE(raw)=7.253%, SOH MedAPE(raw)=3.027% | TEST cls=0.9401, SOC MedAPE(raw)=6.425%, SOH MedAPE(raw)=2.912% | val_score=-0.437997
[stage2_soh] epoch 117 | VAL cls=0.9935, SOC MedAPE(raw)=7.176%, SOH MedAPE(raw)=3.018% | TEST cls=0.9401, SOC MedAPE(raw)=5.930%, SOH MedAPE(raw)=2.730% | val_score=-0.444865
[stage2_soh] epoch 118 | VAL cls=0.9935, SOC MedAPE(raw)=7.795%, SOH MedAPE(raw)=3.555% | TEST cls=0.9401, SOC MedAPE(raw)=6.041%, SOH MedAPE(raw)=3.094% | val_score=-0.467309
[stage2_soh] epoch 119 | VAL cls=0.9935, SOC MedAPE(raw)=7.016%, SOH MedAPE(raw)=3.832% | TEST cls=0.9401, SOC MedAPE(raw)=6.326%, SOH MedAPE(raw)=2.899% | val_score=-0.472059
[stage2_soh] epoch 120 | VAL cls=0.9935, SOC MedAPE(raw)=6.630%, SOH MedAPE(raw)=3.654% | TEST cls=0.9401, SOC MedAPE(raw)=6.338%, SOH MedAPE(raw)=2.963% | val_score=-0.453895
[stage2_soh] epoch 121 | VAL cls=0.9935, SOC MedAPE(raw)=7.174%, SOH MedAPE(raw)=4.144% | TEST cls=0.9401, SOC MedAPE(raw)=6.422%, SOH MedAPE(raw)=2.914% | val_score=-0.507061
[stage2_soh] epoch 122 | VAL cls=0.9935, SOC MedAPE(raw)=7.518%, SOH MedAPE(raw)=3.246% | TEST cls=0.9401, SOC MedAPE(raw)=6.221%, SOH MedAPE(raw)=3.012% | val_score=-0.479324
[stage2_soh] epoch 123 | VAL cls=0.9935, SOC MedAPE(raw)=7.105%, SOH MedAPE(raw)=3.711% | TEST cls=0.9401, SOC MedAPE(raw)=6.341%, SOH MedAPE(raw)=2.929% | val_score=-0.473635
[stage2_soh] epoch 124 | VAL cls=0.9935, SOC MedAPE(raw)=7.271%, SOH MedAPE(raw)=3.222% | TEST cls=0.9401, SOC MedAPE(raw)=6.645%, SOH MedAPE(raw)=2.722% | val_score=-0.462081
[stage2_soh] epoch 125 | VAL cls=0.9935, SOC MedAPE(raw)=7.166%, SOH MedAPE(raw)=3.698% | TEST cls=0.9401, SOC MedAPE(raw)=6.253%, SOH MedAPE(raw)=2.998% | val_score=-0.468130
[stage2_soh] epoch 126 | VAL cls=0.9935, SOC MedAPE(raw)=6.794%, SOH MedAPE(raw)=3.437% | TEST cls=0.9401, SOC MedAPE(raw)=6.140%, SOH MedAPE(raw)=2.923% | val_score=-0.464035
[stage2_soh] epoch 127 | VAL cls=0.9935, SOC MedAPE(raw)=7.098%, SOH MedAPE(raw)=3.674% | TEST cls=0.9401, SOC MedAPE(raw)=6.538%, SOH MedAPE(raw)=3.007% | val_score=-0.491227
[stage2_soh] epoch 128 | VAL cls=0.9935, SOC MedAPE(raw)=6.661%, SOH MedAPE(raw)=3.480% | TEST cls=0.9401, SOC MedAPE(raw)=6.511%, SOH MedAPE(raw)=2.797% | val_score=-0.452479
[stage2_soh] epoch 129 | VAL cls=0.9935, SOC MedAPE(raw)=7.376%, SOH MedAPE(raw)=3.353% | TEST cls=0.9401, SOC MedAPE(raw)=6.196%, SOH MedAPE(raw)=3.032% | val_score=-0.439991
[stage2_soh] epoch 130 | VAL cls=0.9935, SOC MedAPE(raw)=7.061%, SOH MedAPE(raw)=3.775% | TEST cls=0.9401, SOC MedAPE(raw)=6.378%, SOH MedAPE(raw)=2.948% | val_score=-0.471964
[stage2_soh] epoch 131 | VAL cls=0.9935, SOC MedAPE(raw)=7.110%, SOH MedAPE(raw)=3.602% | TEST cls=0.9401, SOC MedAPE(raw)=6.180%, SOH MedAPE(raw)=2.816% | val_score=-0.456727
[stage2_soh] epoch 132 | VAL cls=0.9935, SOC MedAPE(raw)=6.633%, SOH MedAPE(raw)=3.300% | TEST cls=0.9401, SOC MedAPE(raw)=6.367%, SOH MedAPE(raw)=2.705% | val_score=-0.444070
[stage2_soh] epoch 133 | VAL cls=0.9935, SOC MedAPE(raw)=7.281%, SOH MedAPE(raw)=3.657% | TEST cls=0.9401, SOC MedAPE(raw)=6.467%, SOH MedAPE(raw)=3.138% | val_score=-0.472612
[stage2_soh] epoch 134 | VAL cls=0.9935, SOC MedAPE(raw)=6.937%, SOH MedAPE(raw)=3.441% | TEST cls=0.9401, SOC MedAPE(raw)=6.345%, SOH MedAPE(raw)=2.947% | val_score=-0.475079
[stage2_soh] epoch 135 | VAL cls=0.9935, SOC MedAPE(raw)=7.500%, SOH MedAPE(raw)=3.705% | TEST cls=0.9401, SOC MedAPE(raw)=5.813%, SOH MedAPE(raw)=2.736% | val_score=-0.450818
[stage2_soh] epoch 136 | VAL cls=0.9935, SOC MedAPE(raw)=7.465%, SOH MedAPE(raw)=3.258% | TEST cls=0.9401, SOC MedAPE(raw)=6.177%, SOH MedAPE(raw)=2.565% | val_score=-0.432582
[stage2_soh] epoch 137 | VAL cls=0.9935, SOC MedAPE(raw)=7.325%, SOH MedAPE(raw)=3.897% | TEST cls=0.9401, SOC MedAPE(raw)=6.408%, SOH MedAPE(raw)=3.173% | val_score=-0.475836
[stage2_soh] epoch 138 | VAL cls=0.9935, SOC MedAPE(raw)=6.641%, SOH MedAPE(raw)=3.655% | TEST cls=0.9401, SOC MedAPE(raw)=6.390%, SOH MedAPE(raw)=2.984% | val_score=-0.486472
[stage2_soh] epoch 139 | VAL cls=0.9935, SOC MedAPE(raw)=6.431%, SOH MedAPE(raw)=2.970% | TEST cls=0.9401, SOC MedAPE(raw)=6.070%, SOH MedAPE(raw)=2.627% | val_score=-0.419787
[stage2_soh] epoch 140 | VAL cls=0.9935, SOC MedAPE(raw)=7.398%, SOH MedAPE(raw)=3.370% | TEST cls=0.9401, SOC MedAPE(raw)=6.350%, SOH MedAPE(raw)=2.796% | val_score=-0.479453
[stage2_soh] epoch 141 | VAL cls=0.9935, SOC MedAPE(raw)=6.751%, SOH MedAPE(raw)=3.635% | TEST cls=0.9401, SOC MedAPE(raw)=6.260%, SOH MedAPE(raw)=2.784% | val_score=-0.459441
[stage2_soh] epoch 142 | VAL cls=0.9935, SOC MedAPE(raw)=7.562%, SOH MedAPE(raw)=3.191% | TEST cls=0.9401, SOC MedAPE(raw)=6.003%, SOH MedAPE(raw)=2.896% | val_score=-0.455412
[stage2_soh] epoch 143 | VAL cls=0.9935, SOC MedAPE(raw)=7.622%, SOH MedAPE(raw)=3.678% | TEST cls=0.9401, SOC MedAPE(raw)=6.481%, SOH MedAPE(raw)=3.133% | val_score=-0.492455
[stage2_soh] epoch 144 | VAL cls=0.9935, SOC MedAPE(raw)=6.964%, SOH MedAPE(raw)=3.448% | TEST cls=0.9401, SOC MedAPE(raw)=6.066%, SOH MedAPE(raw)=2.821% | val_score=-0.436462
[stage2_soh] epoch 145 | VAL cls=0.9935, SOC MedAPE(raw)=7.503%, SOH MedAPE(raw)=4.021% | TEST cls=0.9401, SOC MedAPE(raw)=6.131%, SOH MedAPE(raw)=2.921% | val_score=-0.479209
[stage2_soh] epoch 146 | VAL cls=0.9935, SOC MedAPE(raw)=6.651%, SOH MedAPE(raw)=3.333% | TEST cls=0.9401, SOC MedAPE(raw)=6.282%, SOH MedAPE(raw)=3.108% | val_score=-0.456561
[stage2_soh] epoch 147 | VAL cls=0.9935, SOC MedAPE(raw)=7.308%, SOH MedAPE(raw)=3.661% | TEST cls=0.9401, SOC MedAPE(raw)=5.938%, SOH MedAPE(raw)=2.851% | val_score=-0.503625
[stage2_soh] epoch 148 | VAL cls=0.9935, SOC MedAPE(raw)=6.914%, SOH MedAPE(raw)=3.717% | TEST cls=0.9401, SOC MedAPE(raw)=6.282%, SOH MedAPE(raw)=2.913% | val_score=-0.474305
[stage2_soh] epoch 149 | VAL cls=0.9935, SOC MedAPE(raw)=6.825%, SOH MedAPE(raw)=3.561% | TEST cls=0.9401, SOC MedAPE(raw)=6.579%, SOH MedAPE(raw)=3.174% | val_score=-0.493996
[stage2_soh] epoch 150 | VAL cls=0.9935, SOC MedAPE(raw)=6.832%, SOH MedAPE(raw)=3.185% | TEST cls=0.9401, SOC MedAPE(raw)=5.986%, SOH MedAPE(raw)=2.891% | val_score=-0.462415
[stage2_soh] epoch 151 | VAL cls=0.9935, SOC MedAPE(raw)=7.190%, SOH MedAPE(raw)=3.106% | TEST cls=0.9401, SOC MedAPE(raw)=6.126%, SOH MedAPE(raw)=2.846% | val_score=-0.428026
[stage2_soh] epoch 152 | VAL cls=0.9935, SOC MedAPE(raw)=7.075%, SOH MedAPE(raw)=3.943% | TEST cls=0.9401, SOC MedAPE(raw)=6.207%, SOH MedAPE(raw)=2.753% | val_score=-0.485179
[stage2_soh] epoch 153 | VAL cls=0.9935, SOC MedAPE(raw)=6.821%, SOH MedAPE(raw)=3.181% | TEST cls=0.9401, SOC MedAPE(raw)=6.412%, SOH MedAPE(raw)=2.935% | val_score=-0.450463
[stage2_soh] epoch 154 | VAL cls=0.9935, SOC MedAPE(raw)=6.803%, SOH MedAPE(raw)=3.707% | TEST cls=0.9401, SOC MedAPE(raw)=5.911%, SOH MedAPE(raw)=2.815% | val_score=-0.480688
[stage2_soh] epoch 155 | VAL cls=0.9935, SOC MedAPE(raw)=6.322%, SOH MedAPE(raw)=2.748% | TEST cls=0.9401, SOC MedAPE(raw)=6.177%, SOH MedAPE(raw)=2.799% | val_score=-0.422271
[stage2_soh] epoch 156 | VAL cls=0.9935, SOC MedAPE(raw)=6.886%, SOH MedAPE(raw)=3.810% | TEST cls=0.9401, SOC MedAPE(raw)=6.307%, SOH MedAPE(raw)=3.012% | val_score=-0.504869
[stage2_soh] epoch 157 | VAL cls=0.9935, SOC MedAPE(raw)=7.622%, SOH MedAPE(raw)=3.273% | TEST cls=0.9401, SOC MedAPE(raw)=5.898%, SOH MedAPE(raw)=2.638% | val_score=-0.452949
[stage2_soh] epoch 158 | VAL cls=0.9935, SOC MedAPE(raw)=7.504%, SOH MedAPE(raw)=2.961% | TEST cls=0.9401, SOC MedAPE(raw)=6.015%, SOH MedAPE(raw)=2.453% | val_score=-0.414903
[stage2_soh] epoch 159 | VAL cls=0.9935, SOC MedAPE(raw)=7.982%, SOH MedAPE(raw)=3.454% | TEST cls=0.9401, SOC MedAPE(raw)=6.398%, SOH MedAPE(raw)=2.814% | val_score=-0.452486
[stage2_soh] epoch 160 | VAL cls=0.9935, SOC MedAPE(raw)=7.273%, SOH MedAPE(raw)=3.673% | TEST cls=0.9401, SOC MedAPE(raw)=6.270%, SOH MedAPE(raw)=2.818% | val_score=-0.475118
[stage2_soh] epoch 161 | VAL cls=0.9935, SOC MedAPE(raw)=7.051%, SOH MedAPE(raw)=2.867% | TEST cls=0.9401, SOC MedAPE(raw)=6.466%, SOH MedAPE(raw)=2.616% | val_score=-0.445318
[stage2_soh] epoch 162 | VAL cls=0.9935, SOC MedAPE(raw)=7.374%, SOH MedAPE(raw)=3.037% | TEST cls=0.9401, SOC MedAPE(raw)=6.642%, SOH MedAPE(raw)=2.822% | val_score=-0.440501
[stage2_soh] epoch 163 | VAL cls=0.9935, SOC MedAPE(raw)=6.743%, SOH MedAPE(raw)=3.511% | TEST cls=0.9401, SOC MedAPE(raw)=6.305%, SOH MedAPE(raw)=2.786% | val_score=-0.472433
[stage2_soh] epoch 164 | VAL cls=0.9935, SOC MedAPE(raw)=7.441%, SOH MedAPE(raw)=3.405% | TEST cls=0.9401, SOC MedAPE(raw)=6.158%, SOH MedAPE(raw)=2.510% | val_score=-0.420321
[stage2_soh] epoch 165 | VAL cls=0.9935, SOC MedAPE(raw)=7.022%, SOH MedAPE(raw)=2.926% | TEST cls=0.9401, SOC MedAPE(raw)=6.373%, SOH MedAPE(raw)=2.632% | val_score=-0.468977
[stage2_soh] epoch 166 | VAL cls=0.9935, SOC MedAPE(raw)=6.673%, SOH MedAPE(raw)=3.563% | TEST cls=0.9401, SOC MedAPE(raw)=6.330%, SOH MedAPE(raw)=2.611% | val_score=-0.448262
[stage2_soh] epoch 167 | VAL cls=0.9935, SOC MedAPE(raw)=7.148%, SOH MedAPE(raw)=2.848% | TEST cls=0.9401, SOC MedAPE(raw)=6.415%, SOH MedAPE(raw)=2.668% | val_score=-0.430986
[stage2_soh] epoch 168 | VAL cls=0.9935, SOC MedAPE(raw)=6.560%, SOH MedAPE(raw)=3.427% | TEST cls=0.9401, SOC MedAPE(raw)=6.451%, SOH MedAPE(raw)=2.877% | val_score=-0.452680
[stage2_soh] epoch 169 | VAL cls=0.9935, SOC MedAPE(raw)=7.355%, SOH MedAPE(raw)=3.745% | TEST cls=0.9401, SOC MedAPE(raw)=6.460%, SOH MedAPE(raw)=2.803% | val_score=-0.466608
[stage2_soh] epoch 170 | VAL cls=0.9935, SOC MedAPE(raw)=7.451%, SOH MedAPE(raw)=3.381% | TEST cls=0.9401, SOC MedAPE(raw)=6.363%, SOH MedAPE(raw)=2.646% | val_score=-0.467230
[stage2_soh] epoch 171 | VAL cls=0.9935, SOC MedAPE(raw)=6.915%, SOH MedAPE(raw)=4.045% | TEST cls=0.9401, SOC MedAPE(raw)=5.850%, SOH MedAPE(raw)=3.014% | val_score=-0.485550
[stage2_soh] epoch 172 | VAL cls=0.9935, SOC MedAPE(raw)=6.646%, SOH MedAPE(raw)=3.384% | TEST cls=0.9401, SOC MedAPE(raw)=6.094%, SOH MedAPE(raw)=2.548% | val_score=-0.434212
[stage2_soh] epoch 173 | VAL cls=0.9935, SOC MedAPE(raw)=6.567%, SOH MedAPE(raw)=3.215% | TEST cls=0.9401, SOC MedAPE(raw)=6.242%, SOH MedAPE(raw)=2.815% | val_score=-0.485035
[stage2_soh] epoch 174 | VAL cls=0.9935, SOC MedAPE(raw)=6.819%, SOH MedAPE(raw)=4.066% | TEST cls=0.9401, SOC MedAPE(raw)=6.078%, SOH MedAPE(raw)=2.980% | val_score=-0.487192
[stage2_soh] epoch 175 | VAL cls=0.9935, SOC MedAPE(raw)=7.316%, SOH MedAPE(raw)=3.695% | TEST cls=0.9401, SOC MedAPE(raw)=6.588%, SOH MedAPE(raw)=3.035% | val_score=-0.479577
[stage2_soh] epoch 176 | VAL cls=0.9935, SOC MedAPE(raw)=7.458%, SOH MedAPE(raw)=3.617% | TEST cls=0.9401, SOC MedAPE(raw)=6.179%, SOH MedAPE(raw)=2.728% | val_score=-0.489042
[stage2_soh] epoch 177 | VAL cls=0.9935, SOC MedAPE(raw)=6.881%, SOH MedAPE(raw)=3.935% | TEST cls=0.9401, SOC MedAPE(raw)=6.201%, SOH MedAPE(raw)=2.919% | val_score=-0.509818
[stage2_soh] epoch 178 | VAL cls=0.9935, SOC MedAPE(raw)=7.478%, SOH MedAPE(raw)=3.860% | TEST cls=0.9401, SOC MedAPE(raw)=5.899%, SOH MedAPE(raw)=3.039% | val_score=-0.464749
[stage2_soh] epoch 179 | VAL cls=0.9935, SOC MedAPE(raw)=6.631%, SOH MedAPE(raw)=3.893% | TEST cls=0.9401, SOC MedAPE(raw)=6.173%, SOH MedAPE(raw)=2.731% | val_score=-0.468776
[stage2_soh] epoch 180 | VAL cls=0.9935, SOC MedAPE(raw)=7.594%, SOH MedAPE(raw)=3.153% | TEST cls=0.9401, SOC MedAPE(raw)=6.332%, SOH MedAPE(raw)=2.769% | val_score=-0.447721
[stage2_soh] epoch 181 | VAL cls=0.9935, SOC MedAPE(raw)=6.868%, SOH MedAPE(raw)=3.240% | TEST cls=0.9401, SOC MedAPE(raw)=6.479%, SOH MedAPE(raw)=2.682% | val_score=-0.450201
[stage2_soh] epoch 182 | VAL cls=0.9935, SOC MedAPE(raw)=7.242%, SOH MedAPE(raw)=3.554% | TEST cls=0.9401, SOC MedAPE(raw)=6.546%, SOH MedAPE(raw)=2.938% | val_score=-0.486640
[stage2_soh] epoch 183 | VAL cls=0.9935, SOC MedAPE(raw)=7.611%, SOH MedAPE(raw)=3.144% | TEST cls=0.9401, SOC MedAPE(raw)=6.591%, SOH MedAPE(raw)=2.903% | val_score=-0.465815
[stage2_soh] epoch 184 | VAL cls=0.9935, SOC MedAPE(raw)=7.263%, SOH MedAPE(raw)=3.370% | TEST cls=0.9401, SOC MedAPE(raw)=6.161%, SOH MedAPE(raw)=2.675% | val_score=-0.444982
[stage2_soh] epoch 185 | VAL cls=0.9935, SOC MedAPE(raw)=7.185%, SOH MedAPE(raw)=3.559% | TEST cls=0.9401, SOC MedAPE(raw)=5.776%, SOH MedAPE(raw)=2.549% | val_score=-0.453178
[stage2_soh] epoch 186 | VAL cls=0.9935, SOC MedAPE(raw)=6.705%, SOH MedAPE(raw)=3.966% | TEST cls=0.9401, SOC MedAPE(raw)=6.354%, SOH MedAPE(raw)=3.118% | val_score=-0.485981
[stage2_soh] epoch 187 | VAL cls=0.9935, SOC MedAPE(raw)=7.028%, SOH MedAPE(raw)=3.125% | TEST cls=0.9401, SOC MedAPE(raw)=5.898%, SOH MedAPE(raw)=2.909% | val_score=-0.455508
[stage2_soh] epoch 188 | VAL cls=0.9935, SOC MedAPE(raw)=7.044%, SOH MedAPE(raw)=3.980% | TEST cls=0.9401, SOC MedAPE(raw)=6.471%, SOH MedAPE(raw)=3.018% | val_score=-0.547038
[stage2_soh] epoch 189 | VAL cls=0.9935, SOC MedAPE(raw)=7.031%, SOH MedAPE(raw)=3.717% | TEST cls=0.9401, SOC MedAPE(raw)=6.253%, SOH MedAPE(raw)=2.955% | val_score=-0.474383
[stage2_soh] epoch 190 | VAL cls=0.9935, SOC MedAPE(raw)=7.157%, SOH MedAPE(raw)=3.378% | TEST cls=0.9401, SOC MedAPE(raw)=6.602%, SOH MedAPE(raw)=2.925% | val_score=-0.461541
[stage2_soh] epoch 191 | VAL cls=0.9935, SOC MedAPE(raw)=7.290%, SOH MedAPE(raw)=3.427% | TEST cls=0.9401, SOC MedAPE(raw)=6.469%, SOH MedAPE(raw)=2.822% | val_score=-0.455311
[stage2_soh] epoch 192 | VAL cls=0.9935, SOC MedAPE(raw)=7.300%, SOH MedAPE(raw)=3.731% | TEST cls=0.9401, SOC MedAPE(raw)=6.431%, SOH MedAPE(raw)=2.860% | val_score=-0.479479
[stage2_soh] epoch 193 | VAL cls=0.9935, SOC MedAPE(raw)=7.350%, SOH MedAPE(raw)=3.628% | TEST cls=0.9401, SOC MedAPE(raw)=6.458%, SOH MedAPE(raw)=2.750% | val_score=-0.472040
[stage2_soh] epoch 194 | VAL cls=0.9935, SOC MedAPE(raw)=7.487%, SOH MedAPE(raw)=3.874% | TEST cls=0.9401, SOC MedAPE(raw)=6.377%, SOH MedAPE(raw)=2.913% | val_score=-0.489464
[stage2_soh] epoch 195 | VAL cls=0.9935, SOC MedAPE(raw)=7.325%, SOH MedAPE(raw)=3.777% | TEST cls=0.9401, SOC MedAPE(raw)=6.538%, SOH MedAPE(raw)=2.767% | val_score=-0.476402
[stage2_soh] epoch 196 | VAL cls=0.9935, SOC MedAPE(raw)=6.464%, SOH MedAPE(raw)=3.447% | TEST cls=0.9401, SOC MedAPE(raw)=6.462%, SOH MedAPE(raw)=2.787% | val_score=-0.460587
[stage2_soh] epoch 197 | VAL cls=0.9935, SOC MedAPE(raw)=6.784%, SOH MedAPE(raw)=3.589% | TEST cls=0.9401, SOC MedAPE(raw)=6.391%, SOH MedAPE(raw)=2.723% | val_score=-0.486915
[stage2_soh] epoch 198 | VAL cls=0.9935, SOC MedAPE(raw)=7.564%, SOH MedAPE(raw)=3.647% | TEST cls=0.9401, SOC MedAPE(raw)=6.048%, SOH MedAPE(raw)=2.743% | val_score=-0.472787
[stage2_soh] epoch 199 | VAL cls=0.9935, SOC MedAPE(raw)=7.361%, SOH MedAPE(raw)=2.913% | TEST cls=0.9401, SOC MedAPE(raw)=6.203%, SOH MedAPE(raw)=2.909% | val_score=-0.434290
[stage2_soh] Loaded BEST checkpoint from epoch=15 | score=-0.40117279123605354
[finetune] epoch 000 | VAL cls=0.9542, SOC MedAPE(raw)=6.406%, SOH MedAPE(raw)=3.332% | TEST cls=0.9271, SOC MedAPE(raw)=6.069%, SOH MedAPE(raw)=2.854% | val_score=0.874520
[finetune] epoch 001 | VAL cls=0.9542, SOC MedAPE(raw)=6.664%, SOH MedAPE(raw)=3.761% | TEST cls=0.9349, SOC MedAPE(raw)=6.214%, SOH MedAPE(raw)=3.215% | val_score=0.869520
[finetune] epoch 002 | VAL cls=0.8954, SOC MedAPE(raw)=5.270%, SOH MedAPE(raw)=4.630% | TEST cls=0.8854, SOC MedAPE(raw)=6.364%, SOH MedAPE(raw)=4.350% | val_score=0.798853
[finetune] epoch 003 | VAL cls=0.9477, SOC MedAPE(raw)=7.102%, SOH MedAPE(raw)=4.236% | TEST cls=0.8828, SOC MedAPE(raw)=6.238%, SOH MedAPE(raw)=3.507% | val_score=0.847250
[finetune] epoch 004 | VAL cls=0.9542, SOC MedAPE(raw)=7.049%, SOH MedAPE(raw)=3.414% | TEST cls=0.8958, SOC MedAPE(raw)=6.599%, SOH MedAPE(raw)=3.120% | val_score=0.877606
[finetune] epoch 005 | VAL cls=0.9412, SOC MedAPE(raw)=6.111%, SOH MedAPE(raw)=2.463% | TEST cls=0.9271, SOC MedAPE(raw)=5.596%, SOH MedAPE(raw)=2.855% | val_score=0.866084
[finetune] epoch 006 | VAL cls=0.9477, SOC MedAPE(raw)=7.036%, SOH MedAPE(raw)=2.533% | TEST cls=0.9193, SOC MedAPE(raw)=5.448%, SOH MedAPE(raw)=2.634% | val_score=0.869107
[finetune] epoch 007 | VAL cls=0.7451, SOC MedAPE(raw)=9.312%, SOH MedAPE(raw)=4.370% | TEST cls=0.8177, SOC MedAPE(raw)=6.855%, SOH MedAPE(raw)=3.118% | val_score=0.659748
[finetune] epoch 008 | VAL cls=0.9216, SOC MedAPE(raw)=7.153%, SOH MedAPE(raw)=3.713% | TEST cls=0.9115, SOC MedAPE(raw)=5.733%, SOH MedAPE(raw)=2.951% | val_score=0.842006
[finetune] epoch 009 | VAL cls=0.9412, SOC MedAPE(raw)=7.991%, SOH MedAPE(raw)=3.165% | TEST cls=0.9089, SOC MedAPE(raw)=6.658%, SOH MedAPE(raw)=3.282% | val_score=0.855062
[finetune] epoch 010 | VAL cls=0.9477, SOC MedAPE(raw)=5.950%, SOH MedAPE(raw)=2.924% | TEST cls=0.9167, SOC MedAPE(raw)=5.949%, SOH MedAPE(raw)=2.419% | val_score=0.879125
[finetune] epoch 011 | VAL cls=0.9477, SOC MedAPE(raw)=5.133%, SOH MedAPE(raw)=3.848% | TEST cls=0.9349, SOC MedAPE(raw)=5.861%, SOH MedAPE(raw)=3.420% | val_score=0.869592
[finetune] epoch 012 | VAL cls=0.9542, SOC MedAPE(raw)=5.978%, SOH MedAPE(raw)=3.054% | TEST cls=0.9167, SOC MedAPE(raw)=5.947%, SOH MedAPE(raw)=2.586% | val_score=0.877949
[finetune] epoch 013 | VAL cls=0.8431, SOC MedAPE(raw)=6.833%, SOH MedAPE(raw)=3.100% | TEST cls=0.8932, SOC MedAPE(raw)=6.682%, SOH MedAPE(raw)=2.716% | val_score=0.751514
[finetune] epoch 014 | VAL cls=0.9673, SOC MedAPE(raw)=6.764%, SOH MedAPE(raw)=2.769% | TEST cls=0.9219, SOC MedAPE(raw)=5.970%, SOH MedAPE(raw)=2.708% | val_score=0.890463
[finetune] epoch 015 | VAL cls=0.9346, SOC MedAPE(raw)=6.072%, SOH MedAPE(raw)=2.745% | TEST cls=0.8984, SOC MedAPE(raw)=6.278%, SOH MedAPE(raw)=2.627% | val_score=0.856962
[finetune] epoch 016 | VAL cls=0.9281, SOC MedAPE(raw)=5.804%, SOH MedAPE(raw)=2.723% | TEST cls=0.8880, SOC MedAPE(raw)=5.819%, SOH MedAPE(raw)=2.503% | val_score=0.857134
[finetune] epoch 017 | VAL cls=0.9542, SOC MedAPE(raw)=6.758%, SOH MedAPE(raw)=2.484% | TEST cls=0.9141, SOC MedAPE(raw)=6.271%, SOH MedAPE(raw)=2.874% | val_score=0.882493
[finetune] epoch 018 | VAL cls=0.9216, SOC MedAPE(raw)=6.373%, SOH MedAPE(raw)=3.453% | TEST cls=0.8776, SOC MedAPE(raw)=5.948%, SOH MedAPE(raw)=3.291% | val_score=0.834091
[finetune] epoch 019 | VAL cls=0.9542, SOC MedAPE(raw)=6.556%, SOH MedAPE(raw)=2.881% | TEST cls=0.9297, SOC MedAPE(raw)=5.942%, SOH MedAPE(raw)=2.684% | val_score=0.871128
[finetune] epoch 020 | VAL cls=0.9673, SOC MedAPE(raw)=6.494%, SOH MedAPE(raw)=2.860% | TEST cls=0.9141, SOC MedAPE(raw)=6.233%, SOH MedAPE(raw)=2.889% | val_score=0.881382
[finetune] epoch 021 | VAL cls=0.9477, SOC MedAPE(raw)=6.887%, SOH MedAPE(raw)=3.758% | TEST cls=0.9245, SOC MedAPE(raw)=6.254%, SOH MedAPE(raw)=3.014% | val_score=0.873576
[finetune] epoch 022 | VAL cls=0.9412, SOC MedAPE(raw)=5.747%, SOH MedAPE(raw)=3.272% | TEST cls=0.9323, SOC MedAPE(raw)=5.291%, SOH MedAPE(raw)=2.877% | val_score=0.865369
[finetune] epoch 023 | VAL cls=0.9346, SOC MedAPE(raw)=6.371%, SOH MedAPE(raw)=2.784% | TEST cls=0.9167, SOC MedAPE(raw)=6.019%, SOH MedAPE(raw)=2.762% | val_score=0.855695
[finetune] epoch 024 | VAL cls=0.9150, SOC MedAPE(raw)=7.490%, SOH MedAPE(raw)=3.927% | TEST cls=0.8724, SOC MedAPE(raw)=7.412%, SOH MedAPE(raw)=2.961% | val_score=0.824933
[finetune] epoch 025 | VAL cls=0.9281, SOC MedAPE(raw)=8.537%, SOH MedAPE(raw)=3.691% | TEST cls=0.8776, SOC MedAPE(raw)=6.125%, SOH MedAPE(raw)=3.230% | val_score=0.830398
[finetune] epoch 026 | VAL cls=1.0000, SOC MedAPE(raw)=6.576%, SOH MedAPE(raw)=2.694% | TEST cls=0.9141, SOC MedAPE(raw)=6.012%, SOH MedAPE(raw)=2.582% | val_score=0.923583
[finetune] epoch 027 | VAL cls=0.9542, SOC MedAPE(raw)=7.035%, SOH MedAPE(raw)=2.338% | TEST cls=0.9141, SOC MedAPE(raw)=5.817%, SOH MedAPE(raw)=2.571% | val_score=0.887257
[finetune] epoch 028 | VAL cls=0.9477, SOC MedAPE(raw)=7.126%, SOH MedAPE(raw)=2.645% | TEST cls=0.9245, SOC MedAPE(raw)=6.888%, SOH MedAPE(raw)=2.742% | val_score=0.862561
[finetune] epoch 029 | VAL cls=0.9804, SOC MedAPE(raw)=6.419%, SOH MedAPE(raw)=3.000% | TEST cls=0.9141, SOC MedAPE(raw)=6.067%, SOH MedAPE(raw)=2.665% | val_score=0.907098
[finetune] Loaded BEST checkpoint from epoch=26 | score=0.9235830481545011
[FINAL] Using BEST checkpoint from stage='finetune' | epoch=26 | score=0.9235830481545011

[FINAL METRICS]
final_stage: finetune
val_cls_acc: 1.0
val_soc_rmse: 0.2865175377016218
val_soc_mae: 0.18933324839651974
val_soc_mape: 92.76250239017011
val_soc_medape: 24.538974826929362
val_soh_rmse: 0.4954593590459148
val_soh_mae: 0.32007680561856117
val_soh_mape: 67.56631486524057
val_soh_medape: 36.110823215005105
val_soc_rmse_raw: 6.3759023407055055
val_soc_mae_raw: 4.213250997856505
val_soc_mape_raw: 10.910880605593224
val_soc_medape_raw: 6.5060778254594
val_soh_rmse_raw: 0.05257875292719976
val_soh_mae_raw: 0.03396694193597036
val_soh_mape_raw: 4.349874266532822
val_soh_medape_raw: 2.765075663662853
test_cls_acc: 0.9140625
test_soc_rmse: 0.3595974778383655
test_soc_mae: 0.18852002604641407
test_soc_mape: 86.08410601216785
test_soc_medape: 17.80895238861144
test_soh_rmse: 0.4640996361906144
test_soh_mae: 0.31800826756686246
test_soh_mape: 168.2636008295003
test_soh_medape: 42.504035623043194
test_soc_rmse_raw: 8.002157281726678
test_soc_mae_raw: 4.1951542826357
test_soc_mape_raw: 10.17737543285863
test_soc_medape_raw: 6.359557859266687
test_soh_rmse_raw: 0.04925082079761112
test_soh_mae_raw: 0.0337474261489435
test_soh_mape_raw: 4.185127767377633
test_soh_medape_raw: 2.646711854523966
n_train: 20450
n_val: 153
n_test: 384
num_classes: 8
device: cpu
elapsed_sec: 10807.56399846077

[SAVED] /scratch/lt28/qq002/Hierachical_battery_metadata_reconstruction/results/measurement_sensitivity/pulse_width/P5_1000_3000_5000/P5_1000_3000_5000_summary.csv

[SUMMARY]
              config    pulse_widths  ...  device   elapsed_sec
0  P5_1000_3000_5000  1000,3000,5000  ...     cpu  10807.563998

[1 rows x 45 columns]
